Resolving dependencies...
Downloading packages...
  material_color_utilities 0.13.0 (0.13.1 available)
  meta 1.18.3 (1.19.0 available)
  petitparser 7.0.2 (7.1.0 available)
  test_api 0.7.12 (0.7.14 available)
  vector_math 2.4.0 (2.4.3 available)
  xml 7.0.1 (7.1.0 available)
Got dependencies!
6 packages have newer versions incompatible with dependency constraints.
Try `flutter pub outdated` for more information.
00:00 +0: loading /home/alex/VistaColosseum/.worktrees/br-2026-10-04-p0-queue/baton-runner/br-2026-10-04-p0-queue/review-phase-3-iter-2-probe/cta_probe_test.dart
00:00 +0: (setUpAll)
00:00 +0: CTA probe OrderTicket Place + fields @1.3x 360x640
OT place 360x640 #0 rect=Rect.fromLTRB(16.0, 528.0, 344.0, 580.0) pill=Rect.fromLTRB(93.5, 610.0, 266.5, 640.0) overlap=false
OT field 360x640 #0 rect=Rect.fromLTRB(30.0, 239.0, 272.3, 266.0) pill=Rect.fromLTRB(93.5, 610.0, 266.5, 640.0) overlap=false
00:01 +1: CTA probe FeedOrderTicket CTA + fields @1.3x 360x640
FT cta 360x640 #0 rect=Rect.fromLTRB(185.0, 542.0, 344.0, 594.0) pill=Rect.fromLTRB(93.5, 610.0, 266.5, 640.0) overlap=false
FT field 360x640 #0 rect=Rect.fromLTRB(44.6, 195.0, 330.0, 222.0) pill=Rect.fromLTRB(93.5, 610.0, 266.5, 640.0) overlap=false
00:01 +2: CTA probe make-market step 1 @1.3x 360x640
unhandled element <filter/>; Picture key: Svg loader
══╡ EXCEPTION CAUGHT BY FLUTTER TEST FRAMEWORK ╞════════════════════════════════════════════════════
The following TestFailure was thrown running a test:
Expected: null
  Actual: FlutterError:<A RenderFlex overflowed by 20 pixels on the bottom.>

When the exception was thrown, this was the stack:
#4      main.<anonymous closure> (file:///home/alex/VistaColosseum/.worktrees/br-2026-10-04-p0-queue/baton-runner/br-2026-10-04-p0-queue/review-phase-3-iter-2-probe/cta_probe_test.dart:120:7)
<asynchronous suspension>
#5      testWidgets.<anonymous closure>.<anonymous closure> (package:flutter_test/src/widget_tester.dart:192:15)
<asynchronous suspension>
#6      TestWidgetsFlutterBinding._runTestBody (package:flutter_test/src/binding.dart:1953:5)
<asynchronous suspension>
<asynchronous suspension>
(elided one frame from package:stack_trace)

This was caught by the test expectation on the following line:
  file:///home/alex/VistaColosseum/.worktrees/br-2026-10-04-p0-queue/baton-runner/br-2026-10-04-p0-queue/review-phase-3-iter-2-probe/cta_probe_test.dart line 120
The test description was:
  CTA probe make-market step 1 @1.3x 360x640
════════════════════════════════════════════════════════════════════════════════════════════════════
00:03 +2 -1: CTA probe make-market step 1 @1.3x 360x640 [E]
  Test failed. See exception logs above.
  The test description was: CTA probe make-market step 1 @1.3x 360x640
  
00:03 +2 -1: CTA probe pill note Reset button @1.3x 360x640
note reset 360x640 #0 rect=Rect.fromLTRB(16.0, 540.0, 344.0, 594.0) pill=Rect.fromLTRB(93.5, 610.0, 266.5, 640.0) overlap=false
00:04 +3 -1: CTA probe OrderTicket Place + fields @1.3x 375x667
OT place 375x667 #0 rect=Rect.fromLTRB(16.0, 555.0, 359.0, 607.0) pill=Rect.fromLTRB(101.0, 637.0, 274.0, 667.0) overlap=false
OT field 375x667 #0 rect=Rect.fromLTRB(30.0, 266.0, 287.3, 293.0) pill=Rect.fromLTRB(101.0, 637.0, 274.0, 667.0) overlap=false
00:04 +4 -1: CTA probe FeedOrderTicket CTA + fields @1.3x 375x667
FT cta 375x667 #0 rect=Rect.fromLTRB(192.5, 569.0, 359.0, 621.0) pill=Rect.fromLTRB(101.0, 637.0, 274.0, 667.0) overlap=false
FT field 375x667 #0 rect=Rect.fromLTRB(44.6, 222.0, 345.0, 249.0) pill=Rect.fromLTRB(101.0, 637.0, 274.0, 667.0) overlap=false
00:04 +5 -1: CTA probe make-market step 1 @1.3x 375x667
══╡ EXCEPTION CAUGHT BY FLUTTER TEST FRAMEWORK ╞════════════════════════════════════════════════════
The following TestFailure was thrown running a test:
Expected: null
  Actual: FlutterError:<A RenderFlex overflowed by 20 pixels on the bottom.>

When the exception was thrown, this was the stack:
#4      main.<anonymous closure> (file:///home/alex/VistaColosseum/.worktrees/br-2026-10-04-p0-queue/baton-runner/br-2026-10-04-p0-queue/review-phase-3-iter-2-probe/cta_probe_test.dart:120:7)
<asynchronous suspension>
#5      testWidgets.<anonymous closure>.<anonymous closure> (package:flutter_test/src/widget_tester.dart:192:15)
<asynchronous suspension>
#6      TestWidgetsFlutterBinding._runTestBody (package:flutter_test/src/binding.dart:1953:5)
<asynchronous suspension>
<asynchronous suspension>
(elided one frame from package:stack_trace)

This was caught by the test expectation on the following line:
  file:///home/alex/VistaColosseum/.worktrees/br-2026-10-04-p0-queue/baton-runner/br-2026-10-04-p0-queue/review-phase-3-iter-2-probe/cta_probe_test.dart line 120
The test description was:
  CTA probe make-market step 1 @1.3x 375x667
════════════════════════════════════════════════════════════════════════════════════════════════════
00:05 +5 -2: CTA probe make-market step 1 @1.3x 375x667 [E]
  Test failed. See exception logs above.
  The test description was: CTA probe make-market step 1 @1.3x 375x667
  
00:05 +5 -2: CTA probe pill note Reset button @1.3x 375x667
note reset 375x667 #0 rect=Rect.fromLTRB(16.0, 567.0, 359.0, 621.0) pill=Rect.fromLTRB(101.0, 637.0, 274.0, 667.0) overlap=false
00:06 +6 -2: (tearDownAll)
00:06 +6 -2: Some tests failed.

Failing tests:
  /home/alex/VistaColosseum/.worktrees/br-2026-10-04-p0-queue/baton-runner/br-2026-10-04-p0-queue/review-phase-3-iter-2-probe/cta_probe_test.dart: CTA probe make-market step 1 @1.3x 360x640
  /home/alex/VistaColosseum/.worktrees/br-2026-10-04-p0-queue/baton-runner/br-2026-10-04-p0-queue/review-phase-3-iter-2-probe/cta_probe_test.dart: CTA probe make-market step 1 @1.3x 375x667
