Resolving dependencies...
Downloading packages...
  material_color_utilities 0.13.0 (0.13.1 available)
  meta 1.18.3 (1.19.0 available)
  petitparser 7.0.2 (7.1.0 available)
  test_api 0.7.12 (0.7.14 available)
  vector_math 2.4.0 (2.4.3 available)
  xml 7.0.1 (7.1.0 available)
Got dependencies!
6 packages have newer versions incompatible with dependency constraints.
Try `flutter pub outdated` for more information.
00:00 +0: loading /home/alex/VistaColosseum/.worktrees/br-2026-10-04-p0-queue/baton-runner/br-2026-10-04-p0-queue/review-phase-3-iter-2-probe/h1_probe_test.dart
00:00 +0: (setUpAll)
00:00 +0: H1 probe OrderTicket leverage sheet 360x640 @1.3x
OT 360x640 @1.3 pill=Rect.fromLTRB(93.5, 610.0, 266.5, 640.0) strip=Rect.fromLTRB(0.0, 610.0, 360.0, 640.0) sheet=Rect.fromLTRB(0.0, 227.0, 360.0, 640.0) maxScroll=0.0
OT 360x640 @1.3 Set rect=Rect.fromLTRB(16.0, 532.0, 344.0, 586.0) onScreen=true pillOverlap=false stripOverlap=false
OT 360x640 @1.3 Lower rect=Rect.fromLTRB(16.0, 306.0, 60.0, 350.0) onScreen=true pillOverlap=false stripOverlap=false
OT 360x640 @1.3 Raise rect=Rect.fromLTRB(300.0, 306.0, 344.0, 350.0) onScreen=true pillOverlap=false stripOverlap=false
OT 360x640 @1.3 detector#0 rect=Rect.fromLTRB(16.0, 306.0, 60.0, 350.0) onScreen=true pillOverlap=false stripOverlap=false
OT 360x640 @1.3 detector#1 rect=Rect.fromLTRB(300.0, 306.0, 344.0, 350.0) onScreen=true pillOverlap=false stripOverlap=false
OT 360x640 @1.3 detector#2 rect=Rect.fromLTRB(16.0, 364.0, 344.0, 408.0) onScreen=true pillOverlap=false stripOverlap=false
OT 360x640 @1.3 detector#3 rect=Rect.fromLTRB(6.0, 408.0, 50.0, 452.0) onScreen=true pillOverlap=false stripOverlap=false
OT 360x640 @1.3 detector#4 rect=Rect.fromLTRB(70.0, 408.0, 114.0, 452.0) onScreen=true pillOverlap=false stripOverlap=false
OT 360x640 @1.3 detector#5 rect=Rect.fromLTRB(150.0, 408.0, 194.0, 452.0) onScreen=true pillOverlap=false stripOverlap=false
OT 360x640 @1.3 detector#6 rect=Rect.fromLTRB(230.0, 408.0, 274.0, 452.0) onScreen=true pillOverlap=false stripOverlap=false
OT 360x640 @1.3 detector#7 rect=Rect.fromLTRB(310.0, 408.0, 354.0, 452.0) onScreen=true pillOverlap=false stripOverlap=false
OT 360x640 @1.3 detector#8 rect=Rect.fromLTRB(16.0, 532.0, 344.0, 586.0) onScreen=true pillOverlap=false stripOverlap=false
00:00 +1: H1 probe FeedOrderTicket leverage sheet 360x640 @1.3x
FT 360x640 @1.3 pill=Rect.fromLTRB(93.5, 610.0, 266.5, 640.0) strip=Rect.fromLTRB(0.0, 610.0, 360.0, 640.0) sheet=Rect.fromLTRB(0.0, 227.0, 360.0, 640.0) maxScroll=0.0
FT 360x640 @1.3 Set rect=Rect.fromLTRB(16.0, 532.0, 344.0, 586.0) onScreen=true pillOverlap=false stripOverlap=false
FT 360x640 @1.3 Lower rect=Rect.fromLTRB(16.0, 306.0, 60.0, 350.0) onScreen=true pillOverlap=false stripOverlap=false
FT 360x640 @1.3 Raise rect=Rect.fromLTRB(300.0, 306.0, 344.0, 350.0) onScreen=true pillOverlap=false stripOverlap=false
FT 360x640 @1.3 detector#0 rect=Rect.fromLTRB(16.0, 306.0, 60.0, 350.0) onScreen=true pillOverlap=false stripOverlap=false
FT 360x640 @1.3 detector#1 rect=Rect.fromLTRB(300.0, 306.0, 344.0, 350.0) onScreen=true pillOverlap=false stripOverlap=false
FT 360x640 @1.3 detector#2 rect=Rect.fromLTRB(16.0, 364.0, 344.0, 408.0) onScreen=true pillOverlap=false stripOverlap=false
FT 360x640 @1.3 detector#3 rect=Rect.fromLTRB(6.0, 408.0, 50.0, 452.0) onScreen=true pillOverlap=false stripOverlap=false
FT 360x640 @1.3 detector#4 rect=Rect.fromLTRB(61.8, 408.0, 105.8, 452.0) onScreen=true pillOverlap=false stripOverlap=false
FT 360x640 @1.3 detector#5 rect=Rect.fromLTRB(123.9, 408.0, 167.9, 452.0) onScreen=true pillOverlap=false stripOverlap=false
FT 360x640 @1.3 detector#6 rect=Rect.fromLTRB(185.9, 408.0, 229.9, 452.0) onScreen=true pillOverlap=false stripOverlap=false
FT 360x640 @1.3 detector#7 rect=Rect.fromLTRB(248.0, 408.0, 292.0, 452.0) onScreen=true pillOverlap=false stripOverlap=false
FT 360x640 @1.3 detector#8 rect=Rect.fromLTRB(310.0, 408.0, 354.0, 452.0) onScreen=true pillOverlap=false stripOverlap=false
FT 360x640 @1.3 detector#9 rect=Rect.fromLTRB(16.0, 532.0, 344.0, 586.0) onScreen=true pillOverlap=false stripOverlap=false
00:01 +2: H1 probe OrderTicket leverage sheet 375x667 @1.3x
OT 375x667 @1.3 pill=Rect.fromLTRB(101.0, 637.0, 274.0, 667.0) strip=Rect.fromLTRB(0.0, 637.0, 375.0, 667.0) sheet=Rect.fromLTRB(0.0, 254.0, 375.0, 667.0) maxScroll=0.0
OT 375x667 @1.3 Set rect=Rect.fromLTRB(16.0, 559.0, 359.0, 613.0) onScreen=true pillOverlap=false stripOverlap=false
OT 375x667 @1.3 Lower rect=Rect.fromLTRB(16.0, 333.0, 60.0, 377.0) onScreen=true pillOverlap=false stripOverlap=false
OT 375x667 @1.3 Raise rect=Rect.fromLTRB(315.0, 333.0, 359.0, 377.0) onScreen=true pillOverlap=false stripOverlap=false
OT 375x667 @1.3 detector#0 rect=Rect.fromLTRB(16.0, 333.0, 60.0, 377.0) onScreen=true pillOverlap=false stripOverlap=false
OT 375x667 @1.3 detector#1 rect=Rect.fromLTRB(315.0, 333.0, 359.0, 377.0) onScreen=true pillOverlap=false stripOverlap=false
OT 375x667 @1.3 detector#2 rect=Rect.fromLTRB(16.0, 391.0, 359.0, 435.0) onScreen=true pillOverlap=false stripOverlap=false
OT 375x667 @1.3 detector#3 rect=Rect.fromLTRB(6.0, 435.0, 50.0, 479.0) onScreen=true pillOverlap=false stripOverlap=false
OT 375x667 @1.3 detector#4 rect=Rect.fromLTRB(73.2, 435.0, 117.2, 479.0) onScreen=true pillOverlap=false stripOverlap=false
OT 375x667 @1.3 detector#5 rect=Rect.fromLTRB(157.1, 435.0, 201.1, 479.0) onScreen=true pillOverlap=false stripOverlap=false
OT 375x667 @1.3 detector#6 rect=Rect.fromLTRB(241.1, 435.0, 285.1, 479.0) onScreen=true pillOverlap=false stripOverlap=false
OT 375x667 @1.3 detector#7 rect=Rect.fromLTRB(325.0, 435.0, 369.0, 479.0) onScreen=true pillOverlap=false stripOverlap=false
OT 375x667 @1.3 detector#8 rect=Rect.fromLTRB(16.0, 559.0, 359.0, 613.0) onScreen=true pillOverlap=false stripOverlap=false
00:01 +3: H1 probe FeedOrderTicket leverage sheet 375x667 @1.3x
FT 375x667 @1.3 pill=Rect.fromLTRB(101.0, 637.0, 274.0, 667.0) strip=Rect.fromLTRB(0.0, 637.0, 375.0, 667.0) sheet=Rect.fromLTRB(0.0, 254.0, 375.0, 667.0) maxScroll=0.0
FT 375x667 @1.3 Set rect=Rect.fromLTRB(16.0, 559.0, 359.0, 613.0) onScreen=true pillOverlap=false stripOverlap=false
FT 375x667 @1.3 Lower rect=Rect.fromLTRB(16.0, 333.0, 60.0, 377.0) onScreen=true pillOverlap=false stripOverlap=false
FT 375x667 @1.3 Raise rect=Rect.fromLTRB(315.0, 333.0, 359.0, 377.0) onScreen=true pillOverlap=false stripOverlap=false
FT 375x667 @1.3 detector#0 rect=Rect.fromLTRB(16.0, 333.0, 60.0, 377.0) onScreen=true pillOverlap=false stripOverlap=false
FT 375x667 @1.3 detector#1 rect=Rect.fromLTRB(315.0, 333.0, 359.0, 377.0) onScreen=true pillOverlap=false stripOverlap=false
FT 375x667 @1.3 detector#2 rect=Rect.fromLTRB(16.0, 391.0, 359.0, 435.0) onScreen=true pillOverlap=false stripOverlap=false
FT 375x667 @1.3 detector#3 rect=Rect.fromLTRB(6.0, 435.0, 50.0, 479.0) onScreen=true pillOverlap=false stripOverlap=false
FT 375x667 @1.3 detector#4 rect=Rect.fromLTRB(64.6, 435.0, 108.6, 479.0) onScreen=true pillOverlap=false stripOverlap=false
FT 375x667 @1.3 detector#5 rect=Rect.fromLTRB(129.7, 435.0, 173.7, 479.0) onScreen=true pillOverlap=false stripOverlap=false
FT 375x667 @1.3 detector#6 rect=Rect.fromLTRB(194.8, 435.0, 238.8, 479.0) onScreen=true pillOverlap=false stripOverlap=false
FT 375x667 @1.3 detector#7 rect=Rect.fromLTRB(259.9, 435.0, 303.9, 479.0) onScreen=true pillOverlap=false stripOverlap=false
FT 375x667 @1.3 detector#8 rect=Rect.fromLTRB(325.0, 435.0, 369.0, 479.0) onScreen=true pillOverlap=false stripOverlap=false
FT 375x667 @1.3 detector#9 rect=Rect.fromLTRB(16.0, 559.0, 359.0, 613.0) onScreen=true pillOverlap=false stripOverlap=false
00:02 +4: H1 probe OrderTicket leverage sheet 360x640 @1.0x
OT 360x640 @1.0 pill=Rect.fromLTRB(110.5, 610.0, 249.5, 640.0) strip=Rect.fromLTRB(0.0, 610.0, 360.0, 640.0) sheet=Rect.fromLTRB(0.0, 272.0, 360.0, 640.0) maxScroll=0.0
OT 360x640 @1.0 Set rect=Rect.fromLTRB(16.0, 532.0, 344.0, 586.0) onScreen=true pillOverlap=false stripOverlap=false
OT 360x640 @1.0 Lower rect=Rect.fromLTRB(16.0, 338.0, 60.0, 382.0) onScreen=true pillOverlap=false stripOverlap=false
OT 360x640 @1.0 Raise rect=Rect.fromLTRB(300.0, 338.0, 344.0, 382.0) onScreen=true pillOverlap=false stripOverlap=false
OT 360x640 @1.0 detector#0 rect=Rect.fromLTRB(16.0, 338.0, 60.0, 382.0) onScreen=true pillOverlap=false stripOverlap=false
OT 360x640 @1.0 detector#1 rect=Rect.fromLTRB(300.0, 338.0, 344.0, 382.0) onScreen=true pillOverlap=false stripOverlap=false
OT 360x640 @1.0 detector#2 rect=Rect.fromLTRB(16.0, 390.0, 344.0, 434.0) onScreen=true pillOverlap=false stripOverlap=false
OT 360x640 @1.0 detector#3 rect=Rect.fromLTRB(6.0, 434.0, 50.0, 478.0) onScreen=true pillOverlap=false stripOverlap=false
OT 360x640 @1.0 detector#4 rect=Rect.fromLTRB(70.0, 434.0, 114.0, 478.0) onScreen=true pillOverlap=false stripOverlap=false
OT 360x640 @1.0 detector#5 rect=Rect.fromLTRB(150.0, 434.0, 194.0, 478.0) onScreen=true pillOverlap=false stripOverlap=false
OT 360x640 @1.0 detector#6 rect=Rect.fromLTRB(230.0, 434.0, 274.0, 478.0) onScreen=true pillOverlap=false stripOverlap=false
OT 360x640 @1.0 detector#7 rect=Rect.fromLTRB(310.0, 434.0, 354.0, 478.0) onScreen=true pillOverlap=false stripOverlap=false
OT 360x640 @1.0 detector#8 rect=Rect.fromLTRB(16.0, 532.0, 344.0, 586.0) onScreen=true pillOverlap=false stripOverlap=false
00:02 +5: H1 probe FeedOrderTicket leverage sheet 360x640 @1.0x
FT 360x640 @1.0 pill=Rect.fromLTRB(110.5, 610.0, 249.5, 640.0) strip=Rect.fromLTRB(0.0, 610.0, 360.0, 640.0) sheet=Rect.fromLTRB(0.0, 272.0, 360.0, 640.0) maxScroll=0.0
FT 360x640 @1.0 Set rect=Rect.fromLTRB(16.0, 532.0, 344.0, 586.0) onScreen=true pillOverlap=false stripOverlap=false
FT 360x640 @1.0 Lower rect=Rect.fromLTRB(16.0, 338.0, 60.0, 382.0) onScreen=true pillOverlap=false stripOverlap=false
FT 360x640 @1.0 Raise rect=Rect.fromLTRB(300.0, 338.0, 344.0, 382.0) onScreen=true pillOverlap=false stripOverlap=false
FT 360x640 @1.0 detector#0 rect=Rect.fromLTRB(16.0, 338.0, 60.0, 382.0) onScreen=true pillOverlap=false stripOverlap=false
FT 360x640 @1.0 detector#1 rect=Rect.fromLTRB(300.0, 338.0, 344.0, 382.0) onScreen=true pillOverlap=false stripOverlap=false
FT 360x640 @1.0 detector#2 rect=Rect.fromLTRB(16.0, 390.0, 344.0, 434.0) onScreen=true pillOverlap=false stripOverlap=false
FT 360x640 @1.0 detector#3 rect=Rect.fromLTRB(6.0, 434.0, 50.0, 478.0) onScreen=true pillOverlap=false stripOverlap=false
FT 360x640 @1.0 detector#4 rect=Rect.fromLTRB(61.8, 434.0, 105.8, 478.0) onScreen=true pillOverlap=false stripOverlap=false
FT 360x640 @1.0 detector#5 rect=Rect.fromLTRB(123.9, 434.0, 167.9, 478.0) onScreen=true pillOverlap=false stripOverlap=false
FT 360x640 @1.0 detector#6 rect=Rect.fromLTRB(185.9, 434.0, 229.9, 478.0) onScreen=true pillOverlap=false stripOverlap=false
FT 360x640 @1.0 detector#7 rect=Rect.fromLTRB(248.0, 434.0, 292.0, 478.0) onScreen=true pillOverlap=false stripOverlap=false
FT 360x640 @1.0 detector#8 rect=Rect.fromLTRB(310.0, 434.0, 354.0, 478.0) onScreen=true pillOverlap=false stripOverlap=false
FT 360x640 @1.0 detector#9 rect=Rect.fromLTRB(16.0, 532.0, 344.0, 586.0) onScreen=true pillOverlap=false stripOverlap=false
00:02 +6: H1 probe OrderTicket leverage sheet 375x667 @1.0x
OT 375x667 @1.0 pill=Rect.fromLTRB(118.0, 637.0, 257.0, 667.0) strip=Rect.fromLTRB(0.0, 637.0, 375.0, 667.0) sheet=Rect.fromLTRB(0.0, 299.0, 375.0, 667.0) maxScroll=0.0
OT 375x667 @1.0 Set rect=Rect.fromLTRB(16.0, 559.0, 359.0, 613.0) onScreen=true pillOverlap=false stripOverlap=false
OT 375x667 @1.0 Lower rect=Rect.fromLTRB(16.0, 365.0, 60.0, 409.0) onScreen=true pillOverlap=false stripOverlap=false
OT 375x667 @1.0 Raise rect=Rect.fromLTRB(315.0, 365.0, 359.0, 409.0) onScreen=true pillOverlap=false stripOverlap=false
OT 375x667 @1.0 detector#0 rect=Rect.fromLTRB(16.0, 365.0, 60.0, 409.0) onScreen=true pillOverlap=false stripOverlap=false
OT 375x667 @1.0 detector#1 rect=Rect.fromLTRB(315.0, 365.0, 359.0, 409.0) onScreen=true pillOverlap=false stripOverlap=false
OT 375x667 @1.0 detector#2 rect=Rect.fromLTRB(16.0, 417.0, 359.0, 461.0) onScreen=true pillOverlap=false stripOverlap=false
OT 375x667 @1.0 detector#3 rect=Rect.fromLTRB(6.0, 461.0, 50.0, 505.0) onScreen=true pillOverlap=false stripOverlap=false
OT 375x667 @1.0 detector#4 rect=Rect.fromLTRB(73.2, 461.0, 117.2, 505.0) onScreen=true pillOverlap=false stripOverlap=false
OT 375x667 @1.0 detector#5 rect=Rect.fromLTRB(157.1, 461.0, 201.1, 505.0) onScreen=true pillOverlap=false stripOverlap=false
OT 375x667 @1.0 detector#6 rect=Rect.fromLTRB(241.1, 461.0, 285.1, 505.0) onScreen=true pillOverlap=false stripOverlap=false
OT 375x667 @1.0 detector#7 rect=Rect.fromLTRB(325.0, 461.0, 369.0, 505.0) onScreen=true pillOverlap=false stripOverlap=false
OT 375x667 @1.0 detector#8 rect=Rect.fromLTRB(16.0, 559.0, 359.0, 613.0) onScreen=true pillOverlap=false stripOverlap=false
00:02 +7: H1 probe FeedOrderTicket leverage sheet 375x667 @1.0x
FT 375x667 @1.0 pill=Rect.fromLTRB(118.0, 637.0, 257.0, 667.0) strip=Rect.fromLTRB(0.0, 637.0, 375.0, 667.0) sheet=Rect.fromLTRB(0.0, 299.0, 375.0, 667.0) maxScroll=0.0
FT 375x667 @1.0 Set rect=Rect.fromLTRB(16.0, 559.0, 359.0, 613.0) onScreen=true pillOverlap=false stripOverlap=false
FT 375x667 @1.0 Lower rect=Rect.fromLTRB(16.0, 365.0, 60.0, 409.0) onScreen=true pillOverlap=false stripOverlap=false
FT 375x667 @1.0 Raise rect=Rect.fromLTRB(315.0, 365.0, 359.0, 409.0) onScreen=true pillOverlap=false stripOverlap=false
FT 375x667 @1.0 detector#0 rect=Rect.fromLTRB(16.0, 365.0, 60.0, 409.0) onScreen=true pillOverlap=false stripOverlap=false
FT 375x667 @1.0 detector#1 rect=Rect.fromLTRB(315.0, 365.0, 359.0, 409.0) onScreen=true pillOverlap=false stripOverlap=false
FT 375x667 @1.0 detector#2 rect=Rect.fromLTRB(16.0, 417.0, 359.0, 461.0) onScreen=true pillOverlap=false stripOverlap=false
FT 375x667 @1.0 detector#3 rect=Rect.fromLTRB(6.0, 461.0, 50.0, 505.0) onScreen=true pillOverlap=false stripOverlap=false
FT 375x667 @1.0 detector#4 rect=Rect.fromLTRB(64.6, 461.0, 108.6, 505.0) onScreen=true pillOverlap=false stripOverlap=false
FT 375x667 @1.0 detector#5 rect=Rect.fromLTRB(129.7, 461.0, 173.7, 505.0) onScreen=true pillOverlap=false stripOverlap=false
FT 375x667 @1.0 detector#6 rect=Rect.fromLTRB(194.8, 461.0, 238.8, 505.0) onScreen=true pillOverlap=false stripOverlap=false
FT 375x667 @1.0 detector#7 rect=Rect.fromLTRB(259.9, 461.0, 303.9, 505.0) onScreen=true pillOverlap=false stripOverlap=false
FT 375x667 @1.0 detector#8 rect=Rect.fromLTRB(325.0, 461.0, 369.0, 505.0) onScreen=true pillOverlap=false stripOverlap=false
FT 375x667 @1.0 detector#9 rect=Rect.fromLTRB(16.0, 559.0, 359.0, 613.0) onScreen=true pillOverlap=false stripOverlap=false
00:03 +8: (tearDownAll)
00:03 +8: All tests passed!
