Resolving dependencies...
Downloading packages...
  material_color_utilities 0.13.0 (0.13.1 available)
  meta 1.18.3 (1.19.0 available)
  petitparser 7.0.2 (7.1.0 available)
  test_api 0.7.12 (0.7.14 available)
  vector_math 2.4.0 (2.4.3 available)
  xml 7.0.1 (7.1.0 available)
Got dependencies!
6 packages have newer versions incompatible with dependency constraints.
Try `flutter pub outdated` for more information.
00:00 +0: loading /home/alex/VistaColosseum/.worktrees/br-2026-10-04-p0-queue/baton-runner/br-2026-10-04-p0-queue/review-phase-3-iter-2-probe/mm_probe_test.dart
00:00 +0: (setUpAll)
00:00 +0: MM probe step 1 @1.0x 360x640
unhandled element <filter/>; Picture key: Svg loader
MM @1.0 360x640 errors=0
00:01 +1: MM probe step 1 @1.0x 375x667
MM @1.0 375x667 errors=0
00:01 +2: MM probe step 1 @1.3x 360x640
MM @1.3 360x640 ERROR A RenderFlex overflowed by 20 pixels on the bottom. at {features/make_market/make_market_flow.dart:254:22}
MM @1.3 360x640 errors=1
00:02 +3: MM probe step 1 @1.3x 375x667
MM @1.3 375x667 ERROR A RenderFlex overflowed by 20 pixels on the bottom. at {features/make_market/make_market_flow.dart:254:22}
MM @1.3 375x667 errors=1
00:02 +4: (tearDownAll)
00:02 +4: All tests passed!
