Resolving dependencies...
Downloading packages...
  material_color_utilities 0.13.0 (0.13.1 available)
  meta 1.18.3 (1.19.0 available)
  petitparser 7.0.2 (7.1.0 available)
  test_api 0.7.12 (0.7.14 available)
  vector_math 2.4.0 (2.4.3 available)
  xml 7.0.1 (7.1.0 available)
Got dependencies!
6 packages have newer versions incompatible with dependency constraints.
Try `flutter pub outdated` for more information.
00:00 +0: loading /home/alex/VistaColosseum/.worktrees/br-2026-10-04-p0-queue/baton-runner/br-2026-10-04-p0-queue/review-phase-7-iter-1-probe/mut-app/test/order_ticket_test.dart
00:00 +0: /home/alex/VistaColosseum/.worktrees/br-2026-10-04-p0-queue/baton-runner/br-2026-10-04-p0-queue/review-phase-7-iter-1-probe/mut-app/test/order_ticket_test.dart: (setUpAll)
00:00 +0: /home/alex/VistaColosseum/.worktrees/br-2026-10-04-p0-queue/baton-runner/br-2026-10-04-p0-queue/review-phase-7-iter-1-probe/mut-app/test/order_ticket_test.dart: double tap confirm places one position
00:00 +1: /home/alex/VistaColosseum/.worktrees/br-2026-10-04-p0-queue/baton-runner/br-2026-10-04-p0-queue/review-phase-7-iter-1-probe/mut-app/test/order_ticket_test.dart: double tap confirm places one position
00:00 +2: /home/alex/VistaColosseum/.worktrees/br-2026-10-04-p0-queue/baton-runner/br-2026-10-04-p0-queue/review-phase-7-iter-1-probe/mut-app/test/order_ticket_test.dart: double tap confirm places one position
00:00 +3: /home/alex/VistaColosseum/.worktrees/br-2026-10-04-p0-queue/baton-runner/br-2026-10-04-p0-queue/review-phase-7-iter-1-probe/mut-app/test/order_ticket_test.dart: double tap confirm places one position
00:00 +4: /home/alex/VistaColosseum/.worktrees/br-2026-10-04-p0-queue/baton-runner/br-2026-10-04-p0-queue/review-phase-7-iter-1-probe/mut-app/test/order_ticket_test.dart: double tap confirm places one position
00:00 +5: /home/alex/VistaColosseum/.worktrees/br-2026-10-04-p0-queue/baton-runner/br-2026-10-04-p0-queue/review-phase-7-iter-1-probe/mut-app/test/order_ticket_test.dart: double tap confirm places one position
00:00 +6: /home/alex/VistaColosseum/.worktrees/br-2026-10-04-p0-queue/baton-runner/br-2026-10-04-p0-queue/review-phase-7-iter-1-probe/mut-app/test/order_ticket_test.dart: double tap confirm places one position
00:00 +7: /home/alex/VistaColosseum/.worktrees/br-2026-10-04-p0-queue/baton-runner/br-2026-10-04-p0-queue/review-phase-7-iter-1-probe/mut-app/test/order_ticket_test.dart: double tap confirm places one position
00:00 +8: /home/alex/VistaColosseum/.worktrees/br-2026-10-04-p0-queue/baton-runner/br-2026-10-04-p0-queue/review-phase-7-iter-1-probe/mut-app/test/order_ticket_test.dart: double tap confirm places one position
00:00 +9: /home/alex/VistaColosseum/.worktrees/br-2026-10-04-p0-queue/baton-runner/br-2026-10-04-p0-queue/review-phase-7-iter-1-probe/mut-app/test/order_ticket_test.dart: double tap confirm places one position
00:00 +10: /home/alex/VistaColosseum/.worktrees/br-2026-10-04-p0-queue/baton-runner/br-2026-10-04-p0-queue/review-phase-7-iter-1-probe/mut-app/test/order_ticket_test.dart: double tap confirm places one position
00:00 +11: /home/alex/VistaColosseum/.worktrees/br-2026-10-04-p0-queue/baton-runner/br-2026-10-04-p0-queue/review-phase-7-iter-1-probe/mut-app/test/order_ticket_test.dart: double tap confirm places one position
00:00 +12: /home/alex/VistaColosseum/.worktrees/br-2026-10-04-p0-queue/baton-runner/br-2026-10-04-p0-queue/review-phase-7-iter-1-probe/mut-app/test/order_ticket_test.dart: double tap confirm places one position
00:00 +13: /home/alex/VistaColosseum/.worktrees/br-2026-10-04-p0-queue/baton-runner/br-2026-10-04-p0-queue/review-phase-7-iter-1-probe/mut-app/test/order_ticket_test.dart: double tap confirm places one position
00:00 +14: /home/alex/VistaColosseum/.worktrees/br-2026-10-04-p0-queue/baton-runner/br-2026-10-04-p0-queue/review-phase-7-iter-1-probe/mut-app/test/order_ticket_test.dart: double tap confirm places one position
00:00 +15: /home/alex/VistaColosseum/.worktrees/br-2026-10-04-p0-queue/baton-runner/br-2026-10-04-p0-queue/review-phase-7-iter-1-probe/mut-app/test/order_ticket_test.dart: double tap confirm places one position
00:00 +16: /home/alex/VistaColosseum/.worktrees/br-2026-10-04-p0-queue/baton-runner/br-2026-10-04-p0-queue/review-phase-7-iter-1-probe/mut-app/test/order_ticket_test.dart: double tap confirm places one position
00:01 +17: /home/alex/VistaColosseum/.worktrees/br-2026-10-04-p0-queue/baton-runner/br-2026-10-04-p0-queue/review-phase-7-iter-1-probe/mut-app/test/scenario_test.dart: Reset demo in Settings restores the fixture, closes Settings and says so
00:01 +18: /home/alex/VistaColosseum/.worktrees/br-2026-10-04-p0-queue/baton-runner/br-2026-10-04-p0-queue/review-phase-7-iter-1-probe/mut-app/test/scenario_test.dart: Reset demo in Settings restores the fixture, closes Settings and says so
00:01 +19: /home/alex/VistaColosseum/.worktrees/br-2026-10-04-p0-queue/baton-runner/br-2026-10-04-p0-queue/review-phase-7-iter-1-probe/mut-app/test/scenario_test.dart: Reset demo in Settings restores the fixture, closes Settings and says so
00:01 +20: /home/alex/VistaColosseum/.worktrees/br-2026-10-04-p0-queue/baton-runner/br-2026-10-04-p0-queue/review-phase-7-iter-1-probe/mut-app/test/scenario_test.dart: Reset demo in Settings restores the fixture, closes Settings and says so
00:01 +21: /home/alex/VistaColosseum/.worktrees/br-2026-10-04-p0-queue/baton-runner/br-2026-10-04-p0-queue/review-phase-7-iter-1-probe/mut-app/test/scenario_test.dart: Reset demo in Settings restores the fixture, closes Settings and says so
00:01 +22: /home/alex/VistaColosseum/.worktrees/br-2026-10-04-p0-queue/baton-runner/br-2026-10-04-p0-queue/review-phase-7-iter-1-probe/mut-app/test/scenario_test.dart: Reset demo in Settings restores the fixture, closes Settings and says so
00:02 +23: /home/alex/VistaColosseum/.worktrees/br-2026-10-04-p0-queue/baton-runner/br-2026-10-04-p0-queue/review-phase-7-iter-1-probe/mut-app/test/scenario_test.dart: Reset demo in Settings restores the fixture, closes Settings and says so
00:02 +23: /home/alex/VistaColosseum/.worktrees/br-2026-10-04-p0-queue/baton-runner/br-2026-10-04-p0-queue/review-phase-7-iter-1-probe/mut-app/test/trader_record_test.dart: zero-history trader → unavailable state, no crash
══╡ EXCEPTION CAUGHT BY FLUTTER TEST FRAMEWORK ╞════════════════════════════════════════════════════
The following TestFailure was thrown running a test:
Expected: no matching candidates
  Actual: _TypeWidgetFinder:<Found 1 widget with type "ProfileIndexChart": [
            ProfileIndexChart,
          ]>
   Which: means one was found but none were expected
small Android 360x640

When the exception was thrown, this was the stack:
#4      main.<anonymous closure> (file:///home/alex/VistaColosseum/.worktrees/br-2026-10-04-p0-queue/baton-runner/br-2026-10-04-p0-queue/review-phase-7-iter-1-probe/mut-app/test/trader_record_test.dart:203:7)
<asynchronous suspension>
#5      testWidgets.<anonymous closure>.<anonymous closure> (package:flutter_test/src/widget_tester.dart:192:15)
<asynchronous suspension>
#6      TestWidgetsFlutterBinding._runTestBody (package:flutter_test/src/binding.dart:1953:5)
<asynchronous suspension>
<asynchronous suspension>
(elided one frame from package:stack_trace)

This was caught by the test expectation on the following line:
  file:///home/alex/VistaColosseum/.worktrees/br-2026-10-04-p0-queue/baton-runner/br-2026-10-04-p0-queue/review-phase-7-iter-1-probe/mut-app/test/trader_record_test.dart line 203
The test description was:
  zero-history trader → unavailable state, no crash
════════════════════════════════════════════════════════════════════════════════════════════════════
00:02 +23 -1: /home/alex/VistaColosseum/.worktrees/br-2026-10-04-p0-queue/baton-runner/br-2026-10-04-p0-queue/review-phase-7-iter-1-probe/mut-app/test/scenario_test.dart: Reset demo in Settings restores the fixture, closes Settings and says so
00:02 +23 -1: /home/alex/VistaColosseum/.worktrees/br-2026-10-04-p0-queue/baton-runner/br-2026-10-04-p0-queue/review-phase-7-iter-1-probe/mut-app/test/trader_record_test.dart: zero-history trader → unavailable state, no crash [E]
  Test failed. See exception logs above.
  The test description was: zero-history trader → unavailable state, no crash
  
00:02 +24 -1: /home/alex/VistaColosseum/.worktrees/br-2026-10-04-p0-queue/baton-runner/br-2026-10-04-p0-queue/review-phase-7-iter-1-probe/mut-app/test/scenario_test.dart: Reset demo in Settings restores the fixture, closes Settings and says so
00:02 +25 -1: /home/alex/VistaColosseum/.worktrees/br-2026-10-04-p0-queue/baton-runner/br-2026-10-04-p0-queue/review-phase-7-iter-1-probe/mut-app/test/scenario_test.dart: Reset demo in Settings restores the fixture, closes Settings and says so
00:02 +26 -1: /home/alex/VistaColosseum/.worktrees/br-2026-10-04-p0-queue/baton-runner/br-2026-10-04-p0-queue/review-phase-7-iter-1-probe/mut-app/test/scenario_test.dart: Reset demo in Settings restores the fixture, closes Settings and says so
00:02 +27 -1: /home/alex/VistaColosseum/.worktrees/br-2026-10-04-p0-queue/baton-runner/br-2026-10-04-p0-queue/review-phase-7-iter-1-probe/mut-app/test/scenario_test.dart: Reset demo in Settings restores the fixture, closes Settings and says so
00:02 +28 -1: /home/alex/VistaColosseum/.worktrees/br-2026-10-04-p0-queue/baton-runner/br-2026-10-04-p0-queue/review-phase-7-iter-1-probe/mut-app/test/scenario_test.dart: Reset demo in Settings restores the fixture, closes Settings and says so
00:02 +28 -1: /home/alex/VistaColosseum/.worktrees/br-2026-10-04-p0-queue/baton-runner/br-2026-10-04-p0-queue/review-phase-7-iter-1-probe/mut-app/test/receipts_test.dart: the 40% share is labelled a demo assumption, with one worked example, in the ledger and the listing flow
unhandled element <filter/>; Picture key: Svg loader
00:02 +29 -1: /home/alex/VistaColosseum/.worktrees/br-2026-10-04-p0-queue/baton-runner/br-2026-10-04-p0-queue/review-phase-7-iter-1-probe/mut-app/test/order_ticket_test.dart: feed ticket confirm adds a position and View in Wallet shows it
00:02 +30 -1: /home/alex/VistaColosseum/.worktrees/br-2026-10-04-p0-queue/baton-runner/br-2026-10-04-p0-queue/review-phase-7-iter-1-probe/mut-app/test/trader_record_test.dart: the record panel renders without overflow at 1.3x on every phone, its last call clear of the pill
00:02 +31 -1: /home/alex/VistaColosseum/.worktrees/br-2026-10-04-p0-queue/baton-runner/br-2026-10-04-p0-queue/review-phase-7-iter-1-probe/mut-app/test/trader_record_test.dart: the record panel renders without overflow at 1.3x on every phone, its last call clear of the pill
00:02 +32 -1: /home/alex/VistaColosseum/.worktrees/br-2026-10-04-p0-queue/baton-runner/br-2026-10-04-p0-queue/review-phase-7-iter-1-probe/mut-app/test/trader_record_test.dart: the record panel renders without overflow at 1.3x on every phone, its last call clear of the pill
00:02 +33 -1: /home/alex/VistaColosseum/.worktrees/br-2026-10-04-p0-queue/baton-runner/br-2026-10-04-p0-queue/review-phase-7-iter-1-probe/mut-app/test/trader_record_test.dart: the record panel renders without overflow at 1.3x on every phone, its last call clear of the pill
00:03 +34 -1: /home/alex/VistaColosseum/.worktrees/br-2026-10-04-p0-queue/baton-runner/br-2026-10-04-p0-queue/review-phase-7-iter-1-probe/mut-app/test/trader_record_test.dart: the record panel renders without overflow at 1.3x on every phone, its last call clear of the pill
00:03 +35 -1: /home/alex/VistaColosseum/.worktrees/br-2026-10-04-p0-queue/baton-runner/br-2026-10-04-p0-queue/review-phase-7-iter-1-probe/mut-app/test/trader_record_test.dart: the record panel renders without overflow at 1.3x on every phone, its last call clear of the pill
00:03 +36 -1: /home/alex/VistaColosseum/.worktrees/br-2026-10-04-p0-queue/baton-runner/br-2026-10-04-p0-queue/review-phase-7-iter-1-probe/mut-app/test/trader_record_test.dart: the record panel renders without overflow at 1.3x on every phone, its last call clear of the pill
00:03 +37 -1: /home/alex/VistaColosseum/.worktrees/br-2026-10-04-p0-queue/baton-runner/br-2026-10-04-p0-queue/review-phase-7-iter-1-probe/mut-app/test/trader_record_test.dart: the record panel renders without overflow at 1.3x on every phone, its last call clear of the pill
00:03 +38 -1: /home/alex/VistaColosseum/.worktrees/br-2026-10-04-p0-queue/baton-runner/br-2026-10-04-p0-queue/review-phase-7-iter-1-probe/mut-app/test/trader_record_test.dart: the record panel renders without overflow at 1.3x on every phone, its last call clear of the pill
00:03 +39 -1: /home/alex/VistaColosseum/.worktrees/br-2026-10-04-p0-queue/baton-runner/br-2026-10-04-p0-queue/review-phase-7-iter-1-probe/mut-app/test/trader_record_test.dart: the record panel renders without overflow at 1.3x on every phone, its last call clear of the pill
00:03 +40 -1: /home/alex/VistaColosseum/.worktrees/br-2026-10-04-p0-queue/baton-runner/br-2026-10-04-p0-queue/review-phase-7-iter-1-probe/mut-app/test/trader_record_test.dart: the record panel renders without overflow at 1.3x on every phone, its last call clear of the pill
00:03 +41 -1: /home/alex/VistaColosseum/.worktrees/br-2026-10-04-p0-queue/baton-runner/br-2026-10-04-p0-queue/review-phase-7-iter-1-probe/mut-app/test/trader_record_test.dart: the record panel renders without overflow at 1.3x on every phone, its last call clear of the pill
00:03 +42 -1: /home/alex/VistaColosseum/.worktrees/br-2026-10-04-p0-queue/baton-runner/br-2026-10-04-p0-queue/review-phase-7-iter-1-probe/mut-app/test/trader_record_test.dart: the record panel renders without overflow at 1.3x on every phone, its last call clear of the pill
00:03 +43 -1: /home/alex/VistaColosseum/.worktrees/br-2026-10-04-p0-queue/baton-runner/br-2026-10-04-p0-queue/review-phase-7-iter-1-probe/mut-app/test/trader_record_test.dart: the record panel renders without overflow at 1.3x on every phone, its last call clear of the pill
00:03 +44 -1: /home/alex/VistaColosseum/.worktrees/br-2026-10-04-p0-queue/baton-runner/br-2026-10-04-p0-queue/review-phase-7-iter-1-probe/mut-app/test/trader_record_test.dart: the record panel renders without overflow at 1.3x on every phone, its last call clear of the pill
00:04 +45 -1: /home/alex/VistaColosseum/.worktrees/br-2026-10-04-p0-queue/baton-runner/br-2026-10-04-p0-queue/review-phase-7-iter-1-probe/mut-app/test/order_ticket_test.dart: a trader-index ticket says so and creates nothing
00:04 +46 -1: /home/alex/VistaColosseum/.worktrees/br-2026-10-04-p0-queue/baton-runner/br-2026-10-04-p0-queue/review-phase-7-iter-1-probe/mut-app/test/order_ticket_test.dart: a trader-index ticket says so and creates nothing
00:04 +47 -1: /home/alex/VistaColosseum/.worktrees/br-2026-10-04-p0-queue/baton-runner/br-2026-10-04-p0-queue/review-phase-7-iter-1-probe/mut-app/test/order_ticket_test.dart: a trader-index ticket says so and creates nothing
00:04 +48 -1: /home/alex/VistaColosseum/.worktrees/br-2026-10-04-p0-queue/baton-runner/br-2026-10-04-p0-queue/review-phase-7-iter-1-probe/mut-app/test/order_ticket_test.dart: a trader-index ticket says so and creates nothing
00:04 +49 -1: /home/alex/VistaColosseum/.worktrees/br-2026-10-04-p0-queue/baton-runner/br-2026-10-04-p0-queue/review-phase-7-iter-1-probe/mut-app/test/order_ticket_test.dart: a trader-index ticket says so and creates nothing
00:04 +50 -1: /home/alex/VistaColosseum/.worktrees/br-2026-10-04-p0-queue/baton-runner/br-2026-10-04-p0-queue/review-phase-7-iter-1-probe/mut-app/test/order_ticket_test.dart: a trader-index ticket says so and creates nothing
00:04 +51 -1: /home/alex/VistaColosseum/.worktrees/br-2026-10-04-p0-queue/baton-runner/br-2026-10-04-p0-queue/review-phase-7-iter-1-probe/mut-app/test/order_ticket_test.dart: a trader-index ticket says so and creates nothing
00:04 +52 -1: /home/alex/VistaColosseum/.worktrees/br-2026-10-04-p0-queue/baton-runner/br-2026-10-04-p0-queue/review-phase-7-iter-1-probe/mut-app/test/order_ticket_test.dart: a trader-index ticket says so and creates nothing
00:04 +53 -1: /home/alex/VistaColosseum/.worktrees/br-2026-10-04-p0-queue/baton-runner/br-2026-10-04-p0-queue/review-phase-7-iter-1-probe/mut-app/test/scenario_test.dart: Home, detail, Arena and Wallet read one position from Scenario
00:04 +54 -1: /home/alex/VistaColosseum/.worktrees/br-2026-10-04-p0-queue/baton-runner/br-2026-10-04-p0-queue/review-phase-7-iter-1-probe/mut-app/test/scenario_test.dart: Home, detail, Arena and Wallet read one position from Scenario
00:05 +55 -1: /home/alex/VistaColosseum/.worktrees/br-2026-10-04-p0-queue/baton-runner/br-2026-10-04-p0-queue/review-phase-7-iter-1-probe/mut-app/test/trader_record_test.dart: feed card trader link opens the record panel
00:05 +56 -1: /home/alex/VistaColosseum/.worktrees/br-2026-10-04-p0-queue/baton-runner/br-2026-10-04-p0-queue/review-phase-7-iter-1-probe/mut-app/test/trader_record_test.dart: feed card trader link opens the record panel
00:05 +57 -1: /home/alex/VistaColosseum/.worktrees/br-2026-10-04-p0-queue/baton-runner/br-2026-10-04-p0-queue/review-phase-7-iter-1-probe/mut-app/test/trader_record_test.dart: feed card trader link opens the record panel
00:05 +58 -1: /home/alex/VistaColosseum/.worktrees/br-2026-10-04-p0-queue/baton-runner/br-2026-10-04-p0-queue/review-phase-7-iter-1-probe/mut-app/test/trader_record_test.dart: feed card trader link opens the record panel
00:05 +59 -1: /home/alex/VistaColosseum/.worktrees/br-2026-10-04-p0-queue/baton-runner/br-2026-10-04-p0-queue/review-phase-7-iter-1-probe/mut-app/test/trader_record_test.dart: feed card trader link opens the record panel
00:05 +60 -1: /home/alex/VistaColosseum/.worktrees/br-2026-10-04-p0-queue/baton-runner/br-2026-10-04-p0-queue/review-phase-7-iter-1-probe/mut-app/test/trader_record_test.dart: feed card trader link opens the record panel
00:05 +61 -1: /home/alex/VistaColosseum/.worktrees/br-2026-10-04-p0-queue/baton-runner/br-2026-10-04-p0-queue/review-phase-7-iter-1-probe/mut-app/test/trader_record_test.dart: feed card trader link opens the record panel
00:05 +62 -1: /home/alex/VistaColosseum/.worktrees/br-2026-10-04-p0-queue/baton-runner/br-2026-10-04-p0-queue/review-phase-7-iter-1-probe/mut-app/test/trader_record_test.dart: feed card trader link opens the record panel
00:05 +63 -1: /home/alex/VistaColosseum/.worktrees/br-2026-10-04-p0-queue/baton-runner/br-2026-10-04-p0-queue/review-phase-7-iter-1-probe/mut-app/test/trader_record_test.dart: feed card trader link opens the record panel
00:05 +64 -1: /home/alex/VistaColosseum/.worktrees/br-2026-10-04-p0-queue/baton-runner/br-2026-10-04-p0-queue/review-phase-7-iter-1-probe/mut-app/test/trader_record_test.dart: feed card trader link opens the record panel
00:05 +65 -1: /home/alex/VistaColosseum/.worktrees/br-2026-10-04-p0-queue/baton-runner/br-2026-10-04-p0-queue/review-phase-7-iter-1-probe/mut-app/test/trader_record_test.dart: feed card trader link opens the record panel
00:05 +66 -1: /home/alex/VistaColosseum/.worktrees/br-2026-10-04-p0-queue/baton-runner/br-2026-10-04-p0-queue/review-phase-7-iter-1-probe/mut-app/test/trader_record_test.dart: feed card trader link opens the record panel
00:05 +67 -1: /home/alex/VistaColosseum/.worktrees/br-2026-10-04-p0-queue/baton-runner/br-2026-10-04-p0-queue/review-phase-7-iter-1-probe/mut-app/test/trader_record_test.dart: feed card trader link opens the record panel
00:05 +68 -1: /home/alex/VistaColosseum/.worktrees/br-2026-10-04-p0-queue/baton-runner/br-2026-10-04-p0-queue/review-phase-7-iter-1-probe/mut-app/test/trader_record_test.dart: feed card trader link opens the record panel
00:05 +69 -1: /home/alex/VistaColosseum/.worktrees/br-2026-10-04-p0-queue/baton-runner/br-2026-10-04-p0-queue/review-phase-7-iter-1-probe/mut-app/test/trader_record_test.dart: feed card trader link opens the record panel
00:05 +70 -1: /home/alex/VistaColosseum/.worktrees/br-2026-10-04-p0-queue/baton-runner/br-2026-10-04-p0-queue/review-phase-7-iter-1-probe/mut-app/test/trader_record_test.dart: feed card trader link opens the record panel
00:05 +71 -1: /home/alex/VistaColosseum/.worktrees/br-2026-10-04-p0-queue/baton-runner/br-2026-10-04-p0-queue/review-phase-7-iter-1-probe/mut-app/test/order_ticket_test.dart: Retry at a moved price goes back to review; Confirm fills what was reviewed
00:05 +72 -1: /home/alex/VistaColosseum/.worktrees/br-2026-10-04-p0-queue/baton-runner/br-2026-10-04-p0-queue/review-phase-7-iter-1-probe/mut-app/test/scenario_test.dart: Follow buttons read and write the follows in Scenario
00:05 +73 -1: /home/alex/VistaColosseum/.worktrees/br-2026-10-04-p0-queue/baton-runner/br-2026-10-04-p0-queue/review-phase-7-iter-1-probe/mut-app/test/home_screen_test.dart: Portfolio renders without overflow on Pixel 7 412x915
00:06 +74 -1: /home/alex/VistaColosseum/.worktrees/br-2026-10-04-p0-queue/baton-runner/br-2026-10-04-p0-queue/review-phase-7-iter-1-probe/mut-app/test/home_screen_test.dart: Portfolio renders without overflow on Pixel 7 412x915
00:06 +75 -1: /home/alex/VistaColosseum/.worktrees/br-2026-10-04-p0-queue/baton-runner/br-2026-10-04-p0-queue/review-phase-7-iter-1-probe/mut-app/test/trader_record_test.dart: Arena card trader link opens the record panel
00:06 +76 -1: /home/alex/VistaColosseum/.worktrees/br-2026-10-04-p0-queue/baton-runner/br-2026-10-04-p0-queue/review-phase-7-iter-1-probe/mut-app/test/order_ticket_test.dart: feed ticket Retry re-quotes the same dollars at the new price, for review
00:06 +77 -1: /home/alex/VistaColosseum/.worktrees/br-2026-10-04-p0-queue/baton-runner/br-2026-10-04-p0-queue/review-phase-7-iter-1-probe/mut-app/test/home_screen_test.dart: Portfolio renders without overflow on iPhone 15 Pro Max 430x932
00:06 +78 -1: /home/alex/VistaColosseum/.worktrees/br-2026-10-04-p0-queue/baton-runner/br-2026-10-04-p0-queue/review-phase-7-iter-1-probe/mut-app/test/order_ticket_test.dart: feed review and receipt render without overflow on small Android 360x640
00:06 +79 -1: /home/alex/VistaColosseum/.worktrees/br-2026-10-04-p0-queue/baton-runner/br-2026-10-04-p0-queue/review-phase-7-iter-1-probe/mut-app/test/home_screen_test.dart: Portfolio survives 1.3x text scaling on the smallest phone
00:06 +80 -1: /home/alex/VistaColosseum/.worktrees/br-2026-10-04-p0-queue/baton-runner/br-2026-10-04-p0-queue/review-phase-7-iter-1-probe/mut-app/test/order_ticket_test.dart: feed review and receipt render without overflow on iPhone SE 375x667
00:06 +81 -1: /home/alex/VistaColosseum/.worktrees/br-2026-10-04-p0-queue/baton-runner/br-2026-10-04-p0-queue/review-phase-7-iter-1-probe/mut-app/test/order_ticket_test.dart: feed review and receipt render without overflow on iPhone SE 375x667
00:06 +82 -1: /home/alex/VistaColosseum/.worktrees/br-2026-10-04-p0-queue/baton-runner/br-2026-10-04-p0-queue/review-phase-7-iter-1-probe/mut-app/test/home_screen_test.dart: chart replay traces on open, then holds the finished design
00:07 +83 -1: /home/alex/VistaColosseum/.worktrees/br-2026-10-04-p0-queue/baton-runner/br-2026-10-04-p0-queue/review-phase-7-iter-1-probe/mut-app/test/order_ticket_test.dart: feed review and receipt render without overflow on iPhone 15 393x852
00:07 +84 -1: /home/alex/VistaColosseum/.worktrees/br-2026-10-04-p0-queue/baton-runner/br-2026-10-04-p0-queue/review-phase-7-iter-1-probe/mut-app/test/home_screen_test.dart: chart replay replays when the next card is swiped into view
00:07 +85 -1: /home/alex/VistaColosseum/.worktrees/br-2026-10-04-p0-queue/baton-runner/br-2026-10-04-p0-queue/review-phase-7-iter-1-probe/mut-app/test/order_ticket_test.dart: feed review and receipt render without overflow on Pixel 7 412x915
00:07 +86 -1: /home/alex/VistaColosseum/.worktrees/br-2026-10-04-p0-queue/baton-runner/br-2026-10-04-p0-queue/review-phase-7-iter-1-probe/mut-app/test/home_screen_test.dart: chart replay fills arrive oldest first and settle at design opacity
00:07 +87 -1: /home/alex/VistaColosseum/.worktrees/br-2026-10-04-p0-queue/baton-runner/br-2026-10-04-p0-queue/review-phase-7-iter-1-probe/mut-app/test/order_ticket_test.dart: feed review and receipt render without overflow on iPhone 15 Pro Max 430x932
00:07 +88 -1: /home/alex/VistaColosseum/.worktrees/br-2026-10-04-p0-queue/baton-runner/br-2026-10-04-p0-queue/review-phase-7-iter-1-probe/mut-app/test/home_screen_test.dart: chart replay reduced motion shows the finished chart immediately
00:07 +89 -1: /home/alex/VistaColosseum/.worktrees/br-2026-10-04-p0-queue/baton-runner/br-2026-10-04-p0-queue/review-phase-7-iter-1-probe/mut-app/test/order_ticket_test.dart: feed ticket cancel from review leaves the store unchanged
00:07 +90 -1: /home/alex/VistaColosseum/.worktrees/br-2026-10-04-p0-queue/baton-runner/br-2026-10-04-p0-queue/review-phase-7-iter-1-probe/mut-app/test/home_screen_test.dart: portfolio pager swiping the chart moves to the market cap and back
00:08 +91 -1: /home/alex/VistaColosseum/.worktrees/br-2026-10-04-p0-queue/baton-runner/br-2026-10-04-p0-queue/review-phase-7-iter-1-probe/mut-app/test/home_screen_test.dart: portfolio pager swiping the chart moves to the market cap and back
00:08 +92 -1: /home/alex/VistaColosseum/.worktrees/br-2026-10-04-p0-queue/baton-runner/br-2026-10-04-p0-queue/review-phase-7-iter-1-probe/mut-app/test/order_ticket_test.dart: (tearDownAll)
00:08 +92 -1: /home/alex/VistaColosseum/.worktrees/br-2026-10-04-p0-queue/baton-runner/br-2026-10-04-p0-queue/review-phase-7-iter-1-probe/mut-app/test/home_screen_test.dart: portfolio pager a short drag snaps back to where it started
00:08 +93 -1: /home/alex/VistaColosseum/.worktrees/br-2026-10-04-p0-queue/baton-runner/br-2026-10-04-p0-queue/review-phase-7-iter-1-probe/mut-app/test/home_screen_test.dart: portfolio pager a reset that unlists the market returns to My portfolio
00:08 +94 -1: /home/alex/VistaColosseum/.worktrees/br-2026-10-04-p0-queue/baton-runner/br-2026-10-04-p0-queue/review-phase-7-iter-1-probe/mut-app/test/home_screen_test.dart: portfolio pager a change from a zero start shows no percentage
00:08 +95 -1: /home/alex/VistaColosseum/.worktrees/br-2026-10-04-p0-queue/baton-runner/br-2026-10-04-p0-queue/review-phase-7-iter-1-probe/mut-app/test/home_screen_test.dart: your market opens from Portfolio and goes back
00:08 +96 -1: /home/alex/VistaColosseum/.worktrees/br-2026-10-04-p0-queue/baton-runner/br-2026-10-04-p0-queue/review-phase-7-iter-1-probe/mut-app/test/home_screen_test.dart: your market renders without overflow on small Android 360x640
00:09 +97 -1: /home/alex/VistaColosseum/.worktrees/br-2026-10-04-p0-queue/baton-runner/br-2026-10-04-p0-queue/review-phase-7-iter-1-probe/mut-app/test/home_screen_test.dart: your market renders without overflow on iPhone SE 375x667
00:09 +98 -1: /home/alex/VistaColosseum/.worktrees/br-2026-10-04-p0-queue/baton-runner/br-2026-10-04-p0-queue/review-phase-7-iter-1-probe/mut-app/test/home_screen_test.dart: your market renders without overflow on iPhone 15 393x852
00:09 +99 -1: /home/alex/VistaColosseum/.worktrees/br-2026-10-04-p0-queue/baton-runner/br-2026-10-04-p0-queue/review-phase-7-iter-1-probe/mut-app/test/home_screen_test.dart: your market renders without overflow on Pixel 7 412x915
00:09 +100 -1: /home/alex/VistaColosseum/.worktrees/br-2026-10-04-p0-queue/baton-runner/br-2026-10-04-p0-queue/review-phase-7-iter-1-probe/mut-app/test/home_screen_test.dart: your market renders without overflow on iPhone 15 Pro Max 430x932
00:10 +101 -1: /home/alex/VistaColosseum/.worktrees/br-2026-10-04-p0-queue/baton-runner/br-2026-10-04-p0-queue/review-phase-7-iter-1-probe/mut-app/test/home_screen_test.dart: follow list Followers chip opens Followers; tabs, search, follow
00:10 +102 -1: /home/alex/VistaColosseum/.worktrees/br-2026-10-04-p0-queue/baton-runner/br-2026-10-04-p0-queue/review-phase-7-iter-1-probe/mut-app/test/home_screen_test.dart: follow list Following chip opens on the Following tab
00:10 +103 -1: /home/alex/VistaColosseum/.worktrees/br-2026-10-04-p0-queue/baton-runner/br-2026-10-04-p0-queue/review-phase-7-iter-1-probe/mut-app/test/home_screen_test.dart: follow list renders without overflow on small Android 360x640
00:10 +104 -1: /home/alex/VistaColosseum/.worktrees/br-2026-10-04-p0-queue/baton-runner/br-2026-10-04-p0-queue/review-phase-7-iter-1-probe/mut-app/test/home_screen_test.dart: follow list renders without overflow on iPhone SE 375x667
00:11 +105 -1: /home/alex/VistaColosseum/.worktrees/br-2026-10-04-p0-queue/baton-runner/br-2026-10-04-p0-queue/review-phase-7-iter-1-probe/mut-app/test/home_screen_test.dart: follow list renders without overflow on iPhone 15 393x852
00:11 +106 -1: /home/alex/VistaColosseum/.worktrees/br-2026-10-04-p0-queue/baton-runner/br-2026-10-04-p0-queue/review-phase-7-iter-1-probe/mut-app/test/home_screen_test.dart: follow list renders without overflow on Pixel 7 412x915
00:11 +107 -1: /home/alex/VistaColosseum/.worktrees/br-2026-10-04-p0-queue/baton-runner/br-2026-10-04-p0-queue/review-phase-7-iter-1-probe/mut-app/test/home_screen_test.dart: follow list renders without overflow on iPhone 15 Pro Max 430x932
00:11 +108 -1: /home/alex/VistaColosseum/.worktrees/br-2026-10-04-p0-queue/baton-runner/br-2026-10-04-p0-queue/review-phase-7-iter-1-probe/mut-app/test/home_screen_test.dart: profile opens from a follower row with their handle
00:11 +109 -1: /home/alex/VistaColosseum/.worktrees/br-2026-10-04-p0-queue/baton-runner/br-2026-10-04-p0-queue/review-phase-7-iter-1-probe/mut-app/test/home_screen_test.dart: profile a private account without a market opens the private layout
00:12 +110 -1: /home/alex/VistaColosseum/.worktrees/br-2026-10-04-p0-queue/baton-runner/br-2026-10-04-p0-queue/review-phase-7-iter-1-probe/mut-app/test/home_screen_test.dart: profile private profile renders without overflow on small Android 360x640
00:12 +111 -1: /home/alex/VistaColosseum/.worktrees/br-2026-10-04-p0-queue/baton-runner/br-2026-10-04-p0-queue/review-phase-7-iter-1-probe/mut-app/test/home_screen_test.dart: profile private profile renders without overflow on iPhone SE 375x667
00:12 +112 -1: /home/alex/VistaColosseum/.worktrees/br-2026-10-04-p0-queue/baton-runner/br-2026-10-04-p0-queue/review-phase-7-iter-1-probe/mut-app/test/home_screen_test.dart: profile private profile renders without overflow on iPhone 15 393x852
00:12 +113 -1: /home/alex/VistaColosseum/.worktrees/br-2026-10-04-p0-queue/baton-runner/br-2026-10-04-p0-queue/review-phase-7-iter-1-probe/mut-app/test/home_screen_test.dart: profile private profile renders without overflow on Pixel 7 412x915
00:13 +114 -1: /home/alex/VistaColosseum/.worktrees/br-2026-10-04-p0-queue/baton-runner/br-2026-10-04-p0-queue/review-phase-7-iter-1-probe/mut-app/test/home_screen_test.dart: profile private profile renders without overflow on iPhone 15 Pro Max 430x932
00:13 +115 -1: /home/alex/VistaColosseum/.worktrees/br-2026-10-04-p0-queue/baton-runner/br-2026-10-04-p0-queue/review-phase-7-iter-1-probe/mut-app/test/home_screen_test.dart: profile Home caller name opens their profile
00:13 +116 -1: /home/alex/VistaColosseum/.worktrees/br-2026-10-04-p0-queue/baton-runner/br-2026-10-04-p0-queue/review-phase-7-iter-1-probe/mut-app/test/home_screen_test.dart: profile renders without overflow on small Android 360x640
00:13 +117 -1: /home/alex/VistaColosseum/.worktrees/br-2026-10-04-p0-queue/baton-runner/br-2026-10-04-p0-queue/review-phase-7-iter-1-probe/mut-app/test/home_screen_test.dart: profile renders without overflow on iPhone SE 375x667
00:13 +118 -1: /home/alex/VistaColosseum/.worktrees/br-2026-10-04-p0-queue/baton-runner/br-2026-10-04-p0-queue/review-phase-7-iter-1-probe/mut-app/test/home_screen_test.dart: profile renders without overflow on iPhone 15 393x852
00:14 +119 -1: /home/alex/VistaColosseum/.worktrees/br-2026-10-04-p0-queue/baton-runner/br-2026-10-04-p0-queue/review-phase-7-iter-1-probe/mut-app/test/home_screen_test.dart: profile renders without overflow on Pixel 7 412x915
00:14 +120 -1: /home/alex/VistaColosseum/.worktrees/br-2026-10-04-p0-queue/baton-runner/br-2026-10-04-p0-queue/review-phase-7-iter-1-probe/mut-app/test/home_screen_test.dart: profile renders without overflow on iPhone 15 Pro Max 430x932
00:14 +121 -1: /home/alex/VistaColosseum/.worktrees/br-2026-10-04-p0-queue/baton-runner/br-2026-10-04-p0-queue/review-phase-7-iter-1-probe/mut-app/test/home_screen_test.dart: trader market opens on the Market panel, then Portfolio and Record
00:14 +122 -1: /home/alex/VistaColosseum/.worktrees/br-2026-10-04-p0-queue/baton-runner/br-2026-10-04-p0-queue/review-phase-7-iter-1-probe/mut-app/test/home_screen_test.dart: trader market dragging the handle down opens the chart, up brings panels
00:15 +123 -1: /home/alex/VistaColosseum/.worktrees/br-2026-10-04-p0-queue/baton-runner/br-2026-10-04-p0-queue/review-phase-7-iter-1-probe/mut-app/test/home_screen_test.dart: trader market renders without overflow on small Android 360x640
00:15 +124 -1: /home/alex/VistaColosseum/.worktrees/br-2026-10-04-p0-queue/baton-runner/br-2026-10-04-p0-queue/review-phase-7-iter-1-probe/mut-app/test/home_screen_test.dart: trader market renders without overflow on iPhone SE 375x667
00:15 +125 -1: /home/alex/VistaColosseum/.worktrees/br-2026-10-04-p0-queue/baton-runner/br-2026-10-04-p0-queue/review-phase-7-iter-1-probe/mut-app/test/home_screen_test.dart: trader market renders without overflow on iPhone 15 393x852
00:15 +126 -1: /home/alex/VistaColosseum/.worktrees/br-2026-10-04-p0-queue/baton-runner/br-2026-10-04-p0-queue/review-phase-7-iter-1-probe/mut-app/test/home_screen_test.dart: trader market renders without overflow on Pixel 7 412x915
00:15 +127 -1: /home/alex/VistaColosseum/.worktrees/br-2026-10-04-p0-queue/baton-runner/br-2026-10-04-p0-queue/review-phase-7-iter-1-probe/mut-app/test/home_screen_test.dart: trader market renders without overflow on iPhone 15 Pro Max 430x932
00:16 +128 -1: /home/alex/VistaColosseum/.worktrees/br-2026-10-04-p0-queue/baton-runner/br-2026-10-04-p0-queue/review-phase-7-iter-1-probe/mut-app/test/home_screen_test.dart: markets Explore shows markets; sort, search and favourites work
00:16 +129 -1: /home/alex/VistaColosseum/.worktrees/br-2026-10-04-p0-queue/baton-runner/br-2026-10-04-p0-queue/review-phase-7-iter-1-probe/mut-app/test/home_screen_test.dart: markets Traders tab lists trader markets and opens one
00:16 +130 -1: /home/alex/VistaColosseum/.worktrees/br-2026-10-04-p0-queue/baton-runner/br-2026-10-04-p0-queue/review-phase-7-iter-1-probe/mut-app/test/home_screen_test.dart: markets asset page star and Explore stars share one watchlist
00:16 +131 -1: /home/alex/VistaColosseum/.worktrees/br-2026-10-04-p0-queue/baton-runner/br-2026-10-04-p0-queue/review-phase-7-iter-1-probe/mut-app/test/home_screen_test.dart: markets trader page star updates the Traders favourites
00:16 +132 -1: /home/alex/VistaColosseum/.worktrees/br-2026-10-04-p0-queue/baton-runner/br-2026-10-04-p0-queue/review-phase-7-iter-1-probe/mut-app/test/home_screen_test.dart: markets Edit favorites removes with undo, and order drives the rail
00:17 +133 -1: /home/alex/VistaColosseum/.worktrees/br-2026-10-04-p0-queue/baton-runner/br-2026-10-04-p0-queue/review-phase-7-iter-1-probe/mut-app/test/home_screen_test.dart: markets Edit favorites renders without overflow on small Android 360x640
00:17 +134 -1: /home/alex/VistaColosseum/.worktrees/br-2026-10-04-p0-queue/baton-runner/br-2026-10-04-p0-queue/review-phase-7-iter-1-probe/mut-app/test/home_screen_test.dart: markets Edit favorites renders without overflow on iPhone SE 375x667
00:17 +135 -1: /home/alex/VistaColosseum/.worktrees/br-2026-10-04-p0-queue/baton-runner/br-2026-10-04-p0-queue/review-phase-7-iter-1-probe/mut-app/test/home_screen_test.dart: markets Edit favorites renders without overflow on iPhone 15 393x852
00:18 +136 -1: /home/alex/VistaColosseum/.worktrees/br-2026-10-04-p0-queue/baton-runner/br-2026-10-04-p0-queue/review-phase-7-iter-1-probe/mut-app/test/home_screen_test.dart: markets Edit favorites renders without overflow on Pixel 7 412x915
00:18 +137 -1: /home/alex/VistaColosseum/.worktrees/br-2026-10-04-p0-queue/baton-runner/br-2026-10-04-p0-queue/review-phase-7-iter-1-probe/mut-app/test/home_screen_test.dart: markets Edit favorites renders without overflow on iPhone 15 Pro Max 430x932
00:18 +138 -1: /home/alex/VistaColosseum/.worktrees/br-2026-10-04-p0-queue/baton-runner/br-2026-10-04-p0-queue/review-phase-7-iter-1-probe/mut-app/test/home_screen_test.dart: markets renders without overflow on small Android 360x640
00:18 +139 -1: /home/alex/VistaColosseum/.worktrees/br-2026-10-04-p0-queue/baton-runner/br-2026-10-04-p0-queue/review-phase-7-iter-1-probe/mut-app/test/home_screen_test.dart: markets renders without overflow on iPhone SE 375x667
00:18 +140 -1: /home/alex/VistaColosseum/.worktrees/br-2026-10-04-p0-queue/baton-runner/br-2026-10-04-p0-queue/review-phase-7-iter-1-probe/mut-app/test/home_screen_test.dart: markets renders without overflow on iPhone 15 393x852
00:19 +141 -1: /home/alex/VistaColosseum/.worktrees/br-2026-10-04-p0-queue/baton-runner/br-2026-10-04-p0-queue/review-phase-7-iter-1-probe/mut-app/test/home_screen_test.dart: markets renders without overflow on Pixel 7 412x915
00:19 +142 -1: /home/alex/VistaColosseum/.worktrees/br-2026-10-04-p0-queue/baton-runner/br-2026-10-04-p0-queue/review-phase-7-iter-1-probe/mut-app/test/home_screen_test.dart: markets renders without overflow on iPhone 15 Pro Max 430x932
00:19 +143 -1: /home/alex/VistaColosseum/.worktrees/br-2026-10-04-p0-queue/baton-runner/br-2026-10-04-p0-queue/review-phase-7-iter-1-probe/mut-app/test/home_screen_test.dart: arena Arena tab shows the battles with the crowd filter
00:19 +144 -1: /home/alex/VistaColosseum/.worktrees/br-2026-10-04-p0-queue/baton-runner/br-2026-10-04-p0-queue/review-phase-7-iter-1-probe/mut-app/test/home_screen_test.dart: arena sort chips order the battles by volume, change and funding
00:19 +145 -1: /home/alex/VistaColosseum/.worktrees/br-2026-10-04-p0-queue/baton-runner/br-2026-10-04-p0-queue/review-phase-7-iter-1-probe/mut-app/test/home_screen_test.dart: arena each battle quotes its asset as the Markets tab does
00:19 +146 -1: /home/alex/VistaColosseum/.worktrees/br-2026-10-04-p0-queue/baton-runner/br-2026-10-04-p0-queue/review-phase-7-iter-1-probe/mut-app/test/home_screen_test.dart: arena sorts by the chip field, highest first, ties by id
00:19 +147 -1: /home/alex/VistaColosseum/.worktrees/br-2026-10-04-p0-queue/baton-runner/br-2026-10-04-p0-queue/review-phase-7-iter-1-probe/mut-app/test/home_screen_test.dart: arena the crowd range filters the cards and the panel counts them
00:20 +148 -1: /home/alex/VistaColosseum/.worktrees/br-2026-10-04-p0-queue/baton-runner/br-2026-10-04-p0-queue/review-phase-7-iter-1-probe/mut-app/test/home_screen_test.dart: arena an empty crowd split says so; Show all restores the cards
00:20 +149 -1: /home/alex/VistaColosseum/.worktrees/br-2026-10-04-p0-queue/baton-runner/br-2026-10-04-p0-queue/review-phase-7-iter-1-probe/mut-app/test/home_screen_test.dart: arena Ask filters by asset; no match names the assets there are
00:20 +150 -1: /home/alex/VistaColosseum/.worktrees/br-2026-10-04-p0-queue/baton-runner/br-2026-10-04-p0-queue/review-phase-7-iter-1-probe/mut-app/test/home_screen_test.dart: arena with the keyboard up the panel folds and Ask results show
00:20 +151 -1: /home/alex/VistaColosseum/.worktrees/br-2026-10-04-p0-queue/baton-runner/br-2026-10-04-p0-queue/review-phase-7-iter-1-probe/mut-app/test/home_screen_test.dart: arena joining: Cancel counts nothing; a fill counts once, shows
00:21 +152 -1: /home/alex/VistaColosseum/.worktrees/br-2026-10-04-p0-queue/baton-runner/br-2026-10-04-p0-queue/review-phase-7-iter-1-probe/mut-app/test/home_screen_test.dart: arena a battle's opinions trade that battle's asset and clash
00:21 +153 -1: /home/alex/VistaColosseum/.worktrees/br-2026-10-04-p0-queue/baton-runner/br-2026-10-04-p0-queue/review-phase-7-iter-1-probe/mut-app/test/home_screen_test.dart: arena sort chips stay fixed while battles scroll
00:21 +154 -1: /home/alex/VistaColosseum/.worktrees/br-2026-10-04-p0-queue/baton-runner/br-2026-10-04-p0-queue/review-phase-7-iter-1-probe/mut-app/test/home_screen_test.dart: arena a narrower range starts the list at the top
00:21 +155 -1: /home/alex/VistaColosseum/.worktrees/br-2026-10-04-p0-queue/baton-runner/br-2026-10-04-p0-queue/review-phase-7-iter-1-probe/mut-app/test/home_screen_test.dart: arena tapping a caller opens their profile
00:22 +156 -1: /home/alex/VistaColosseum/.worktrees/br-2026-10-04-p0-queue/baton-runner/br-2026-10-04-p0-queue/review-phase-7-iter-1-probe/mut-app/test/home_screen_test.dart: arena renders without overflow on small Android 360x640
00:22 +157 -1: /home/alex/VistaColosseum/.worktrees/br-2026-10-04-p0-queue/baton-runner/br-2026-10-04-p0-queue/review-phase-7-iter-1-probe/mut-app/test/home_screen_test.dart: arena renders without overflow on iPhone SE 375x667
00:22 +158 -1: /home/alex/VistaColosseum/.worktrees/br-2026-10-04-p0-queue/baton-runner/br-2026-10-04-p0-queue/review-phase-7-iter-1-probe/mut-app/test/home_screen_test.dart: arena renders without overflow on iPhone 15 393x852
00:22 +159 -1: /home/alex/VistaColosseum/.worktrees/br-2026-10-04-p0-queue/baton-runner/br-2026-10-04-p0-queue/review-phase-7-iter-1-probe/mut-app/test/home_screen_test.dart: arena renders without overflow on Pixel 7 412x915
00:22 +160 -1: /home/alex/VistaColosseum/.worktrees/br-2026-10-04-p0-queue/baton-runner/br-2026-10-04-p0-queue/review-phase-7-iter-1-probe/mut-app/test/home_screen_test.dart: arena renders without overflow on iPhone 15 Pro Max 430x932
00:23 +161 -1: /home/alex/VistaColosseum/.worktrees/br-2026-10-04-p0-queue/baton-runner/br-2026-10-04-p0-queue/review-phase-7-iter-1-probe/mut-app/test/home_screen_test.dart: opinions more opinions opens the clash detail; filters and back
00:23 +162 -1: /home/alex/VistaColosseum/.worktrees/br-2026-10-04-p0-queue/baton-runner/br-2026-10-04-p0-queue/review-phase-7-iter-1-probe/mut-app/test/home_screen_test.dart: opinions the crowd split is labelled crowd split, never odds
00:23 +163 -1: /home/alex/VistaColosseum/.worktrees/br-2026-10-04-p0-queue/baton-runner/br-2026-10-04-p0-queue/review-phase-7-iter-1-probe/mut-app/test/home_screen_test.dart: opinions renders without overflow on small Android 360x640

Warning: A call to tap() with finder "Found 1 widget with text "+21 more opinions" (ignoring all but first): [
  Text("+21 more opinions", inherit: true, color: Color(alpha: 1.0000, red: 0.9608, green: 0.9529, blue: 1.0000, colorSpace: ColorSpace.sRGB), family: OpenRunde, size: 13.0, weight: 600, height: 1.2x, dependencies: [DefaultSelectionStyle, DefaultTextStyle, MediaQuery]),
]" derived an Offset (Offset(209.6, 464.0)) that would not hit test on the specified widget.
Maybe the widget is actually off-screen, or another widget is obscuring it, or the widget cannot receive pointer events.
The finder corresponds to this RenderBox: RenderParagraph#f2a26 relayoutBoundary=up16
The hit test result at that offset is: HitTestResult(RenderDecoratedBox#79b51@Offset(209.6, 48.0), RenderFlex#5b76f@Offset(209.6, 464.0), RenderCustomMultiChildLayoutBox#1f4b8@Offset(209.6, 464.0), _RenderInkFeatures#1efbf@Offset(209.6, 464.0), RenderPhysicalModel#39553@Offset(209.6, 464.0), RenderSemanticsAnnotations#bc384@Offset(209.6, 464.0), RenderRepaintBoundary#37113@Offset(209.6, 464.0), RenderIgnorePointer#7150c@Offset(209.6, 464.0), RenderAnimatedOpacity#7c036@Offset(209.6, 464.0), RenderAnimatedOpacity#4462e@Offset(209.6, 464.0), _RenderColoredBox#0a2f0@Offset(209.6, 464.0), RenderAnimatedOpacity#f20aa@Offset(209.6, 464.0), RenderIgnorePointer#0cad1@Offset(209.6, 464.0), RenderAnimatedOpacity#7bcd4@Offset(209.6, 464.0), RenderRepaintBoundary#cf72c@Offset(209.6, 464.0), RenderSemanticsAnnotations#ae054@Offset(209.6, 464.0), RenderOffstage#23be6@Offset(209.6, 464.0), RenderSemanticsAnnotations#b2320@Offset(209.6, 464.0), _RenderTheater#116d8@Offset(209.6, 464.0), RenderAbsorbPointer#27cbf@Offset(209.6, 464.0), RenderPointerListener#68078@Offset(209.6, 464.0), RenderSemanticsAnnotations#18734@Offset(209.6, 464.0), RenderStack#611ba@Offset(209.6, 464.0), RenderSemanticsAnnotations#5b0f3@Offset(209.6, 464.0), RenderSemanticsAnnotations#a0254@Offset(209.6, 464.0), RenderSemanticsAnnotations#e4533@Offset(209.6, 464.0), RenderTapRegionSurface#79523@Offset(209.6, 464.0), RenderSemanticsAnnotations#5252e@Offset(209.6, 464.0), RenderSemanticsAnnotations#32dae@Offset(209.6, 464.0), HitTestEntry<HitTestTarget>#c32fd(_ReusableRenderView#a8d51), HitTestEntry<HitTestTarget>#f7dde(<AutomatedTestWidgetsFlutterBinding>))
#0      WidgetController._getElementPoint (package:flutter_test/src/controller.dart:2165:25)
#1      WidgetController.getCenter (package:flutter_test/src/controller.dart:1947:12)
#2      WidgetController.tap (package:flutter_test/src/controller.dart:1080:7)
#3      main.<anonymous closure>.openOpinions (file:///home/alex/VistaColosseum/.worktrees/br-2026-10-04-p0-queue/baton-runner/br-2026-10-04-p0-queue/review-phase-7-iter-1-probe/mut-app/test/home_screen_test.dart:1254:20)
<asynchronous suspension>
#4      main.<anonymous closure>.<anonymous closure> (file:///home/alex/VistaColosseum/.worktrees/br-2026-10-04-p0-queue/baton-runner/br-2026-10-04-p0-queue/review-phase-7-iter-1-probe/mut-app/test/home_screen_test.dart:1297:9)
<asynchronous suspension>
#5      testWidgets.<anonymous closure>.<anonymous closure> (package:flutter_test/src/widget_tester.dart:192:15)
<asynchronous suspension>
#6      TestWidgetsFlutterBinding._runTestBody (package:flutter_test/src/binding.dart:1953:5)
<asynchronous suspension>
#7      StackZoneSpecification._registerCallback.<anonymous closure> (package:stack_trace/src/stack_zone_specification.dart:114:42)
<asynchronous suspension>
To silence this warning, pass "warnIfMissed: false" to "tap()".
To make this warning fatal, set WidgetController.hitTestWarningShouldBeFatal to true.

00:23 +164 -1: /home/alex/VistaColosseum/.worktrees/br-2026-10-04-p0-queue/baton-runner/br-2026-10-04-p0-queue/review-phase-7-iter-1-probe/mut-app/test/home_screen_test.dart: opinions renders without overflow on iPhone SE 375x667

Warning: A call to tap() with finder "Found 1 widget with text "+21 more opinions" (ignoring all but first): [
  Text("+21 more opinions", inherit: true, color: Color(alpha: 1.0000, red: 0.9608, green: 0.9529, blue: 1.0000, colorSpace: ColorSpace.sRGB), family: OpenRunde, size: 13.0, weight: 600, height: 1.2x, dependencies: [DefaultSelectionStyle, DefaultTextStyle, MediaQuery]),
]" derived an Offset (Offset(217.1, 460.0)) that would not hit test on the specified widget.
Maybe the widget is actually off-screen, or another widget is obscuring it, or the widget cannot receive pointer events.
The finder corresponds to this RenderBox: RenderParagraph#63d2e relayoutBoundary=up16
The hit test result at that offset is: HitTestResult(RenderParagraph#5f352@Offset(201.1, 3.0), RenderFlex#83c51@Offset(201.1, 3.0), RenderFlex#bb604@Offset(201.1, 3.0), RenderExcludeSemantics#4dbef@Offset(201.1, 3.0), RenderIgnorePointer#9f0f5@Offset(201.1, 3.0), RenderAnimatedOpacity#4fa1a@Offset(201.1, 3.0), RenderPositionedBox#719d8@Offset(201.1, 3.0), RenderClipRect#01b04@Offset(201.1, 3.0), RenderFlex#ba894@Offset(201.1, 3.0), RenderPadding#de5bf@Offset(217.1, 17.0), RenderDecoratedBox#210c6@Offset(217.1, 17.0), RenderFlex#b427d@Offset(217.1, 460.0), RenderCustomMultiChildLayoutBox#bd651@Offset(217.1, 460.0), _RenderInkFeatures#6a8d0@Offset(217.1, 460.0), RenderPhysicalModel#2b303@Offset(217.1, 460.0), RenderSemanticsAnnotations#8ea6c@Offset(217.1, 460.0), RenderRepaintBoundary#0a084@Offset(217.1, 460.0), RenderIgnorePointer#8188d@Offset(217.1, 460.0), RenderAnimatedOpacity#d76d6@Offset(217.1, 460.0), RenderAnimatedOpacity#8c961@Offset(217.1, 460.0), _RenderColoredBox#90ace@Offset(217.1, 460.0), RenderAnimatedOpacity#68ace@Offset(217.1, 460.0), RenderIgnorePointer#a0cad@Offset(217.1, 460.0), RenderAnimatedOpacity#c19c4@Offset(217.1, 460.0), RenderRepaintBoundary#ab2b8@Offset(217.1, 460.0), RenderSemanticsAnnotations#3f7c1@Offset(217.1, 460.0), RenderOffstage#4ea99@Offset(217.1, 460.0), RenderSemanticsAnnotations#9819e@Offset(217.1, 460.0), _RenderTheater#94355@Offset(217.1, 460.0), RenderAbsorbPointer#610b2@Offset(217.1, 460.0), RenderPointerListener#2a5f6@Offset(217.1, 460.0), RenderSemanticsAnnotations#877a7@Offset(217.1, 460.0), RenderStack#aff8a@Offset(217.1, 460.0), RenderSemanticsAnnotations#6fc59@Offset(217.1, 460.0), RenderSemanticsAnnotations#fec9d@Offset(217.1, 460.0), RenderSemanticsAnnotations#e647f@Offset(217.1, 460.0), RenderTapRegionSurface#93420@Offset(217.1, 460.0), RenderSemanticsAnnotations#68ba1@Offset(217.1, 460.0), RenderSemanticsAnnotations#f25fd@Offset(217.1, 460.0), HitTestEntry<HitTestTarget>#0dfcb(_ReusableRenderView#a8d51), HitTestEntry<HitTestTarget>#112f9(<AutomatedTestWidgetsFlutterBinding>))
#0      WidgetController._getElementPoint (package:flutter_test/src/controller.dart:2165:25)
#1      WidgetController.getCenter (package:flutter_test/src/controller.dart:1947:12)
#2      WidgetController.tap (package:flutter_test/src/controller.dart:1080:7)
#3      main.<anonymous closure>.openOpinions (file:///home/alex/VistaColosseum/.worktrees/br-2026-10-04-p0-queue/baton-runner/br-2026-10-04-p0-queue/review-phase-7-iter-1-probe/mut-app/test/home_screen_test.dart:1254:20)
<asynchronous suspension>
#4      main.<anonymous closure>.<anonymous closure> (file:///home/alex/VistaColosseum/.worktrees/br-2026-10-04-p0-queue/baton-runner/br-2026-10-04-p0-queue/review-phase-7-iter-1-probe/mut-app/test/home_screen_test.dart:1297:9)
<asynchronous suspension>
#5      testWidgets.<anonymous closure>.<anonymous closure> (package:flutter_test/src/widget_tester.dart:192:15)
<asynchronous suspension>
#6      TestWidgetsFlutterBinding._runTestBody (package:flutter_test/src/binding.dart:1953:5)
<asynchronous suspension>
#7      StackZoneSpecification._registerCallback.<anonymous closure> (package:stack_trace/src/stack_zone_specification.dart:114:42)
<asynchronous suspension>
To silence this warning, pass "warnIfMissed: false" to "tap()".
To make this warning fatal, set WidgetController.hitTestWarningShouldBeFatal to true.

00:23 +165 -1: /home/alex/VistaColosseum/.worktrees/br-2026-10-04-p0-queue/baton-runner/br-2026-10-04-p0-queue/review-phase-7-iter-1-probe/mut-app/test/home_screen_test.dart: opinions renders without overflow on iPhone 15 393x852
00:23 +166 -1: /home/alex/VistaColosseum/.worktrees/br-2026-10-04-p0-queue/baton-runner/br-2026-10-04-p0-queue/review-phase-7-iter-1-probe/mut-app/test/home_screen_test.dart: opinions renders without overflow on Pixel 7 412x915
00:24 +167 -1: /home/alex/VistaColosseum/.worktrees/br-2026-10-04-p0-queue/baton-runner/br-2026-10-04-p0-queue/review-phase-7-iter-1-probe/mut-app/test/home_screen_test.dart: opinions renders without overflow on iPhone 15 Pro Max 430x932
00:24 +168 -1: /home/alex/VistaColosseum/.worktrees/br-2026-10-04-p0-queue/baton-runner/br-2026-10-04-p0-queue/review-phase-7-iter-1-probe/mut-app/test/home_screen_test.dart: Home top bar: handle over balance, Deposit on the right
00:24 +169 -1: /home/alex/VistaColosseum/.worktrees/br-2026-10-04-p0-queue/baton-runner/br-2026-10-04-p0-queue/review-phase-7-iter-1-probe/mut-app/test/home_screen_test.dart: Wallet top bar: handle over balance, Deposit on the right
00:24 +170 -1: /home/alex/VistaColosseum/.worktrees/br-2026-10-04-p0-queue/baton-runner/br-2026-10-04-p0-queue/review-phase-7-iter-1-probe/mut-app/test/home_screen_test.dart: asset trade Home Details opens the asset on the Market panel
00:24 +171 -1: /home/alex/VistaColosseum/.worktrees/br-2026-10-04-p0-queue/baton-runner/br-2026-10-04-p0-queue/review-phase-7-iter-1-probe/mut-app/test/home_screen_test.dart: asset trade the callers Following filter reads the follows in Scenario
00:25 +172 -1: /home/alex/VistaColosseum/.worktrees/br-2026-10-04-p0-queue/baton-runner/br-2026-10-04-p0-queue/review-phase-7-iter-1-probe/mut-app/test/home_screen_test.dart: asset trade Explore asset row opens it; handle opens the chart
00:25 +173 -1: /home/alex/VistaColosseum/.worktrees/br-2026-10-04-p0-queue/baton-runner/br-2026-10-04-p0-queue/review-phase-7-iter-1-probe/mut-app/test/home_screen_test.dart: asset trade renders without overflow on small Android 360x640
00:25 +174 -1: /home/alex/VistaColosseum/.worktrees/br-2026-10-04-p0-queue/baton-runner/br-2026-10-04-p0-queue/review-phase-7-iter-1-probe/mut-app/test/home_screen_test.dart: asset trade renders without overflow on iPhone SE 375x667
00:26 +175 -1: /home/alex/VistaColosseum/.worktrees/br-2026-10-04-p0-queue/baton-runner/br-2026-10-04-p0-queue/review-phase-7-iter-1-probe/mut-app/test/home_screen_test.dart: asset trade renders without overflow on iPhone 15 393x852
00:26 +176 -1: /home/alex/VistaColosseum/.worktrees/br-2026-10-04-p0-queue/baton-runner/br-2026-10-04-p0-queue/review-phase-7-iter-1-probe/mut-app/test/home_screen_test.dart: asset trade renders without overflow on Pixel 7 412x915
00:26 +177 -1: /home/alex/VistaColosseum/.worktrees/br-2026-10-04-p0-queue/baton-runner/br-2026-10-04-p0-queue/review-phase-7-iter-1-probe/mut-app/test/home_screen_test.dart: asset trade renders without overflow on iPhone 15 Pro Max 430x932
00:26 +178 -1: /home/alex/VistaColosseum/.worktrees/br-2026-10-04-p0-queue/baton-runner/br-2026-10-04-p0-queue/review-phase-7-iter-1-probe/mut-app/test/home_screen_test.dart: position sheet tapping a position slides its sheet up
00:26 +179 -1: /home/alex/VistaColosseum/.worktrees/br-2026-10-04-p0-queue/baton-runner/br-2026-10-04-p0-queue/review-phase-7-iter-1-probe/mut-app/test/home_screen_test.dart: position sheet a short puts stop-loss above entry
00:27 +180 -1: /home/alex/VistaColosseum/.worktrees/br-2026-10-04-p0-queue/baton-runner/br-2026-10-04-p0-queue/review-phase-7-iter-1-probe/mut-app/test/home_screen_test.dart: position sheet renders without overflow on small Android 360x640
00:27 +181 -1: /home/alex/VistaColosseum/.worktrees/br-2026-10-04-p0-queue/baton-runner/br-2026-10-04-p0-queue/review-phase-7-iter-1-probe/mut-app/test/home_screen_test.dart: position sheet renders without overflow on iPhone SE 375x667
00:27 +182 -1: /home/alex/VistaColosseum/.worktrees/br-2026-10-04-p0-queue/baton-runner/br-2026-10-04-p0-queue/review-phase-7-iter-1-probe/mut-app/test/home_screen_test.dart: position sheet renders without overflow on iPhone 15 393x852
00:27 +183 -1: /home/alex/VistaColosseum/.worktrees/br-2026-10-04-p0-queue/baton-runner/br-2026-10-04-p0-queue/review-phase-7-iter-1-probe/mut-app/test/home_screen_test.dart: position sheet renders without overflow on Pixel 7 412x915
00:27 +184 -1: /home/alex/VistaColosseum/.worktrees/br-2026-10-04-p0-queue/baton-runner/br-2026-10-04-p0-queue/review-phase-7-iter-1-probe/mut-app/test/home_screen_test.dart: position sheet renders without overflow on iPhone 15 Pro Max 430x932
00:27 +185 -1: /home/alex/VistaColosseum/.worktrees/br-2026-10-04-p0-queue/baton-runner/br-2026-10-04-p0-queue/review-phase-7-iter-1-probe/mut-app/test/home_screen_test.dart: make a market the span drives the portfolio chart and its change
00:28 +186 -1: /home/alex/VistaColosseum/.worktrees/br-2026-10-04-p0-queue/baton-runner/br-2026-10-04-p0-queue/review-phase-7-iter-1-probe/mut-app/test/home_screen_test.dart: make a market without a market Portfolio offers Make a market
00:28 +187 -1: /home/alex/VistaColosseum/.worktrees/br-2026-10-04-p0-queue/baton-runner/br-2026-10-04-p0-queue/review-phase-7-iter-1-probe/mut-app/test/home_screen_test.dart: make a market the ticker field starts from the store's ticker
unhandled element <filter/>; Picture key: Svg loader
00:28 +188 -1: /home/alex/VistaColosseum/.worktrees/br-2026-10-04-p0-queue/baton-runner/br-2026-10-04-p0-queue/review-phase-7-iter-1-probe/mut-app/test/home_screen_test.dart: make a market create → consent → live lists the market
00:28 +189 -1: /home/alex/VistaColosseum/.worktrees/br-2026-10-04-p0-queue/baton-runner/br-2026-10-04-p0-queue/review-phase-7-iter-1-probe/mut-app/test/home_screen_test.dart: make a market flow renders without overflow on small Android 360x640
00:29 +190 -1: /home/alex/VistaColosseum/.worktrees/br-2026-10-04-p0-queue/baton-runner/br-2026-10-04-p0-queue/review-phase-7-iter-1-probe/mut-app/test/home_screen_test.dart: make a market flow renders without overflow on iPhone SE 375x667
00:29 +191 -1: /home/alex/VistaColosseum/.worktrees/br-2026-10-04-p0-queue/baton-runner/br-2026-10-04-p0-queue/review-phase-7-iter-1-probe/mut-app/test/home_screen_test.dart: make a market flow renders without overflow on iPhone 15 393x852
00:29 +192 -1: /home/alex/VistaColosseum/.worktrees/br-2026-10-04-p0-queue/baton-runner/br-2026-10-04-p0-queue/review-phase-7-iter-1-probe/mut-app/test/home_screen_test.dart: make a market flow renders without overflow on Pixel 7 412x915
00:29 +193 -1: /home/alex/VistaColosseum/.worktrees/br-2026-10-04-p0-queue/baton-runner/br-2026-10-04-p0-queue/review-phase-7-iter-1-probe/mut-app/test/home_screen_test.dart: make a market flow renders without overflow on iPhone 15 Pro Max 430x932
00:29 +194 -1: /home/alex/VistaColosseum/.worktrees/br-2026-10-04-p0-queue/baton-runner/br-2026-10-04-p0-queue/review-phase-7-iter-1-probe/mut-app/test/home_screen_test.dart: settings gear opens Settings; notification switches update summary
00:30 +195 -1: /home/alex/VistaColosseum/.worktrees/br-2026-10-04-p0-queue/baton-runner/br-2026-10-04-p0-queue/review-phase-7-iter-1-probe/mut-app/test/home_screen_test.dart: settings Display settings change the charts and the Long side
00:30 +196 -1: /home/alex/VistaColosseum/.worktrees/br-2026-10-04-p0-queue/baton-runner/br-2026-10-04-p0-queue/review-phase-7-iter-1-probe/mut-app/test/home_screen_test.dart: settings renders every section without overflow on small Android 360x640
00:30 +197 -1: /home/alex/VistaColosseum/.worktrees/br-2026-10-04-p0-queue/baton-runner/br-2026-10-04-p0-queue/review-phase-7-iter-1-probe/mut-app/test/home_screen_test.dart: settings renders every section without overflow on iPhone SE 375x667
00:30 +198 -1: /home/alex/VistaColosseum/.worktrees/br-2026-10-04-p0-queue/baton-runner/br-2026-10-04-p0-queue/review-phase-7-iter-1-probe/mut-app/test/home_screen_test.dart: settings renders every section without overflow on iPhone 15 393x852
00:31 +199 -1: /home/alex/VistaColosseum/.worktrees/br-2026-10-04-p0-queue/baton-runner/br-2026-10-04-p0-queue/review-phase-7-iter-1-probe/mut-app/test/home_screen_test.dart: settings renders every section without overflow on Pixel 7 412x915
00:31 +200 -1: /home/alex/VistaColosseum/.worktrees/br-2026-10-04-p0-queue/baton-runner/br-2026-10-04-p0-queue/review-phase-7-iter-1-probe/mut-app/test/home_screen_test.dart: settings renders every section without overflow on iPhone 15 Pro Max 430x932
00:31 +201 -1: /home/alex/VistaColosseum/.worktrees/br-2026-10-04-p0-queue/baton-runner/br-2026-10-04-p0-queue/review-phase-7-iter-1-probe/mut-app/test/home_screen_test.dart: home card replay follows the Candles / Line setting
00:31 +202 -1: /home/alex/VistaColosseum/.worktrees/br-2026-10-04-p0-queue/baton-runner/br-2026-10-04-p0-queue/review-phase-7-iter-1-probe/mut-app/test/home_screen_test.dart: replay moves the header price with the chart, events get haptics, and it lands on the live figures
00:32 +203 -1: /home/alex/VistaColosseum/.worktrees/br-2026-10-04-p0-queue/baton-runner/br-2026-10-04-p0-queue/review-phase-7-iter-1-probe/mut-app/test/home_screen_test.dart: open orders cards show the order details; Cancel removes, Undo restores
00:32 +204 -1: /home/alex/VistaColosseum/.worktrees/br-2026-10-04-p0-queue/baton-runner/br-2026-10-04-p0-queue/review-phase-7-iter-1-probe/mut-app/test/home_screen_test.dart: open orders renders without overflow on small Android 360x640
00:32 +205 -1: /home/alex/VistaColosseum/.worktrees/br-2026-10-04-p0-queue/baton-runner/br-2026-10-04-p0-queue/review-phase-7-iter-1-probe/mut-app/test/home_screen_test.dart: open orders renders without overflow on iPhone SE 375x667
00:32 +206 -1: /home/alex/VistaColosseum/.worktrees/br-2026-10-04-p0-queue/baton-runner/br-2026-10-04-p0-queue/review-phase-7-iter-1-probe/mut-app/test/home_screen_test.dart: open orders renders without overflow on iPhone 15 393x852
00:32 +207 -1: /home/alex/VistaColosseum/.worktrees/br-2026-10-04-p0-queue/baton-runner/br-2026-10-04-p0-queue/review-phase-7-iter-1-probe/mut-app/test/home_screen_test.dart: open orders renders without overflow on Pixel 7 412x915
00:32 +208 -1: /home/alex/VistaColosseum/.worktrees/br-2026-10-04-p0-queue/baton-runner/br-2026-10-04-p0-queue/review-phase-7-iter-1-probe/mut-app/test/home_screen_test.dart: open orders renders without overflow on iPhone 15 Pro Max 430x932
00:33 +209 -1: /home/alex/VistaColosseum/.worktrees/br-2026-10-04-p0-queue/baton-runner/br-2026-10-04-p0-queue/review-phase-7-iter-1-probe/mut-app/test/home_screen_test.dart: markets everywhere one ETH price on Home, Explore and the trade page
00:33 +210 -1: /home/alex/VistaColosseum/.worktrees/br-2026-10-04-p0-queue/baton-runner/br-2026-10-04-p0-queue/review-phase-7-iter-1-probe/mut-app/test/home_screen_test.dart: markets everywhere the feed has one call on every market Explore offers
00:33 +211 -1: /home/alex/VistaColosseum/.worktrees/br-2026-10-04-p0-queue/baton-runner/br-2026-10-04-p0-queue/review-phase-7-iter-1-probe/mut-app/test/home_screen_test.dart: markets everywhere generated replays are repeatable and fit the frame
00:33 +212 -1: /home/alex/VistaColosseum/.worktrees/br-2026-10-04-p0-queue/baton-runner/br-2026-10-04-p0-queue/review-phase-7-iter-1-probe/mut-app/test/home_screen_test.dart: markets everywhere a trader-market card opens that trader market
00:33 +213 -1: /home/alex/VistaColosseum/.worktrees/br-2026-10-04-p0-queue/baton-runner/br-2026-10-04-p0-queue/review-phase-7-iter-1-probe/mut-app/test/home_screen_test.dart: order ticket Long opens the ticket; a limit order lands in Open orders
00:33 +214 -1: /home/alex/VistaColosseum/.worktrees/br-2026-10-04-p0-queue/baton-runner/br-2026-10-04-p0-queue/review-phase-7-iter-1-probe/mut-app/test/home_screen_test.dart: order ticket a size beyond the margin blocks the order
00:33 +215 -1: /home/alex/VistaColosseum/.worktrees/br-2026-10-04-p0-queue/baton-runner/br-2026-10-04-p0-queue/review-phase-7-iter-1-probe/mut-app/test/home_screen_test.dart: order ticket Arena Bull and Home Long open the ticket on that side
00:33 +216 -1: /home/alex/VistaColosseum/.worktrees/br-2026-10-04-p0-queue/baton-runner/br-2026-10-04-p0-queue/review-phase-7-iter-1-probe/mut-app/test/home_screen_test.dart: order ticket leverage is picked on a horizontal slider
00:33 +217 -1: /home/alex/VistaColosseum/.worktrees/br-2026-10-04-p0-queue/baton-runner/br-2026-10-04-p0-queue/review-phase-7-iter-1-probe/mut-app/test/home_screen_test.dart: order ticket ticket renders without overflow on small Android 360x640
00:33 +218 -1: /home/alex/VistaColosseum/.worktrees/br-2026-10-04-p0-queue/baton-runner/br-2026-10-04-p0-queue/review-phase-7-iter-1-probe/mut-app/test/home_screen_test.dart: order ticket ticket renders without overflow on iPhone SE 375x667
00:33 +219 -1: /home/alex/VistaColosseum/.worktrees/br-2026-10-04-p0-queue/baton-runner/br-2026-10-04-p0-queue/review-phase-7-iter-1-probe/mut-app/test/home_screen_test.dart: order ticket ticket renders without overflow on iPhone 15 393x852
00:33 +220 -1: /home/alex/VistaColosseum/.worktrees/br-2026-10-04-p0-queue/baton-runner/br-2026-10-04-p0-queue/review-phase-7-iter-1-probe/mut-app/test/home_screen_test.dart: order ticket ticket renders without overflow on Pixel 7 412x915
00:33 +221 -1: /home/alex/VistaColosseum/.worktrees/br-2026-10-04-p0-queue/baton-runner/br-2026-10-04-p0-queue/review-phase-7-iter-1-probe/mut-app/test/home_screen_test.dart: order ticket ticket renders without overflow on iPhone 15 Pro Max 430x932
00:33 +222 -1: /home/alex/VistaColosseum/.worktrees/br-2026-10-04-p0-queue/baton-runner/br-2026-10-04-p0-queue/review-phase-7-iter-1-probe/mut-app/test/home_screen_test.dart: order ticket Set applies leverage at 1.3x text on small Android 360x640
00:34 +223 -1: /home/alex/VistaColosseum/.worktrees/br-2026-10-04-p0-queue/baton-runner/br-2026-10-04-p0-queue/review-phase-7-iter-1-probe/mut-app/test/home_screen_test.dart: order ticket Set applies leverage at 1.3x text on iPhone SE 375x667
00:34 +224 -1: /home/alex/VistaColosseum/.worktrees/br-2026-10-04-p0-queue/baton-runner/br-2026-10-04-p0-queue/review-phase-7-iter-1-probe/mut-app/test/home_screen_test.dart: share call Share opens the sheet with what the recipient will see
00:34 +225 -1: /home/alex/VistaColosseum/.worktrees/br-2026-10-04-p0-queue/baton-runner/br-2026-10-04-p0-queue/review-phase-7-iter-1-probe/mut-app/test/home_screen_test.dart: share call sheet renders without overflow on small Android 360x640
00:34 +226 -1: /home/alex/VistaColosseum/.worktrees/br-2026-10-04-p0-queue/baton-runner/br-2026-10-04-p0-queue/review-phase-7-iter-1-probe/mut-app/test/home_screen_test.dart: share call sheet renders without overflow on iPhone SE 375x667
00:34 +227 -1: /home/alex/VistaColosseum/.worktrees/br-2026-10-04-p0-queue/baton-runner/br-2026-10-04-p0-queue/review-phase-7-iter-1-probe/mut-app/test/home_screen_test.dart: share call sheet renders without overflow on iPhone 15 393x852
00:34 +228 -1: /home/alex/VistaColosseum/.worktrees/br-2026-10-04-p0-queue/baton-runner/br-2026-10-04-p0-queue/review-phase-7-iter-1-probe/mut-app/test/home_screen_test.dart: share call sheet renders without overflow on Pixel 7 412x915
00:34 +229 -1: /home/alex/VistaColosseum/.worktrees/br-2026-10-04-p0-queue/baton-runner/br-2026-10-04-p0-queue/review-phase-7-iter-1-probe/mut-app/test/home_screen_test.dart: share call sheet renders without overflow on iPhone 15 Pro Max 430x932
00:34 +230 -1: /home/alex/VistaColosseum/.worktrees/br-2026-10-04-p0-queue/baton-runner/br-2026-10-04-p0-queue/review-phase-7-iter-1-probe/mut-app/test/home_screen_test.dart: people in the rail shows the people-in count and opens who is in
00:35 +231 -1: /home/alex/VistaColosseum/.worktrees/br-2026-10-04-p0-queue/baton-runner/br-2026-10-04-p0-queue/review-phase-7-iter-1-probe/mut-app/test/home_screen_test.dart: people in Like starts as an outline and turns red when pressed
00:35 +232 -1: /home/alex/VistaColosseum/.worktrees/br-2026-10-04-p0-queue/baton-runner/br-2026-10-04-p0-queue/review-phase-7-iter-1-probe/mut-app/test/home_screen_test.dart: people in sheet renders without overflow on small Android 360x640
00:35 +233 -1: /home/alex/VistaColosseum/.worktrees/br-2026-10-04-p0-queue/baton-runner/br-2026-10-04-p0-queue/review-phase-7-iter-1-probe/mut-app/test/home_screen_test.dart: people in sheet renders without overflow on iPhone SE 375x667
00:35 +234 -1: /home/alex/VistaColosseum/.worktrees/br-2026-10-04-p0-queue/baton-runner/br-2026-10-04-p0-queue/review-phase-7-iter-1-probe/mut-app/test/home_screen_test.dart: people in sheet renders without overflow on iPhone 15 393x852
00:35 +235 -1: /home/alex/VistaColosseum/.worktrees/br-2026-10-04-p0-queue/baton-runner/br-2026-10-04-p0-queue/review-phase-7-iter-1-probe/mut-app/test/home_screen_test.dart: people in sheet renders without overflow on Pixel 7 412x915
00:35 +236 -1: /home/alex/VistaColosseum/.worktrees/br-2026-10-04-p0-queue/baton-runner/br-2026-10-04-p0-queue/review-phase-7-iter-1-probe/mut-app/test/home_screen_test.dart: people in sheet renders without overflow on iPhone 15 Pro Max 430x932
00:35 +237 -1: /home/alex/VistaColosseum/.worktrees/br-2026-10-04-p0-queue/baton-runner/br-2026-10-04-p0-queue/review-phase-7-iter-1-probe/mut-app/test/home_screen_test.dart: feed order ticket opens simple: market, 2x, $200, TP/SL on
00:36 +238 -1: /home/alex/VistaColosseum/.worktrees/br-2026-10-04-p0-queue/baton-runner/br-2026-10-04-p0-queue/review-phase-7-iter-1-probe/mut-app/test/home_screen_test.dart: feed order ticket custom opens the leverage slider
00:36 +239 -1: /home/alex/VistaColosseum/.worktrees/br-2026-10-04-p0-queue/baton-runner/br-2026-10-04-p0-queue/review-phase-7-iter-1-probe/mut-app/test/home_screen_test.dart: feed order ticket a limit order lands in Open orders
00:36 +240 -1: /home/alex/VistaColosseum/.worktrees/br-2026-10-04-p0-queue/baton-runner/br-2026-10-04-p0-queue/review-phase-7-iter-1-probe/mut-app/test/home_screen_test.dart: feed order ticket the amount slider snaps to its 20% stops
00:36 +241 -1: /home/alex/VistaColosseum/.worktrees/br-2026-10-04-p0-queue/baton-runner/br-2026-10-04-p0-queue/review-phase-7-iter-1-probe/mut-app/test/home_screen_test.dart: feed order ticket an amount over the balance blocks the order
00:36 +242 -1: /home/alex/VistaColosseum/.worktrees/br-2026-10-04-p0-queue/baton-runner/br-2026-10-04-p0-queue/review-phase-7-iter-1-probe/mut-app/test/home_screen_test.dart: feed order ticket renders without overflow on small Android 360x640
00:36 +243 -1: /home/alex/VistaColosseum/.worktrees/br-2026-10-04-p0-queue/baton-runner/br-2026-10-04-p0-queue/review-phase-7-iter-1-probe/mut-app/test/home_screen_test.dart: feed order ticket renders without overflow on iPhone SE 375x667
00:36 +244 -1: /home/alex/VistaColosseum/.worktrees/br-2026-10-04-p0-queue/baton-runner/br-2026-10-04-p0-queue/review-phase-7-iter-1-probe/mut-app/test/home_screen_test.dart: feed order ticket renders without overflow on iPhone 15 393x852
00:37 +245 -1: /home/alex/VistaColosseum/.worktrees/br-2026-10-04-p0-queue/baton-runner/br-2026-10-04-p0-queue/review-phase-7-iter-1-probe/mut-app/test/home_screen_test.dart: feed order ticket renders without overflow on Pixel 7 412x915
00:37 +246 -1: /home/alex/VistaColosseum/.worktrees/br-2026-10-04-p0-queue/baton-runner/br-2026-10-04-p0-queue/review-phase-7-iter-1-probe/mut-app/test/home_screen_test.dart: feed order ticket renders without overflow on iPhone 15 Pro Max 430x932
00:37 +247 -1: /home/alex/VistaColosseum/.worktrees/br-2026-10-04-p0-queue/baton-runner/br-2026-10-04-p0-queue/review-phase-7-iter-1-probe/mut-app/test/home_screen_test.dart: feed order ticket custom leverage applies at 1.3x text on small Android 360x640
00:37 +248 -1: /home/alex/VistaColosseum/.worktrees/br-2026-10-04-p0-queue/baton-runner/br-2026-10-04-p0-queue/review-phase-7-iter-1-probe/mut-app/test/home_screen_test.dart: feed order ticket custom leverage applies at 1.3x text on iPhone SE 375x667
00:37 +249 -1: /home/alex/VistaColosseum/.worktrees/br-2026-10-04-p0-queue/baton-runner/br-2026-10-04-p0-queue/review-phase-7-iter-1-probe/mut-app/test/home_screen_test.dart: trade page Alerts lists the feed alerts on that market
00:37 +250 -1: /home/alex/VistaColosseum/.worktrees/br-2026-10-04-p0-queue/baton-runner/br-2026-10-04-p0-queue/review-phase-7-iter-1-probe/mut-app/test/home_screen_test.dart: simulation indicator the pill shows on every tab without overflow on the smallest phone at 1.0x text
00:37 +251 -1: /home/alex/VistaColosseum/.worktrees/br-2026-10-04-p0-queue/baton-runner/br-2026-10-04-p0-queue/review-phase-7-iter-1-probe/mut-app/test/home_screen_test.dart: simulation indicator the pill shows on every tab without overflow on the smallest phone at 1.3x text
00:38 +252 -1: /home/alex/VistaColosseum/.worktrees/br-2026-10-04-p0-queue/baton-runner/br-2026-10-04-p0-queue/review-phase-7-iter-1-probe/mut-app/test/home_screen_test.dart: simulation indicator the pill shows on every tab and inside both order tickets on iPhone SE 375x667
00:38 +253 -1: /home/alex/VistaColosseum/.worktrees/br-2026-10-04-p0-queue/baton-runner/br-2026-10-04-p0-queue/review-phase-7-iter-1-probe/mut-app/test/home_screen_test.dart: simulation indicator the pill shows in the make-market flow on iPhone SE 375x667
00:38 +254 -1: /home/alex/VistaColosseum/.worktrees/br-2026-10-04-p0-queue/baton-runner/br-2026-10-04-p0-queue/review-phase-7-iter-1-probe/mut-app/test/home_screen_test.dart: simulation indicator the pill shows on every tab and inside both order tickets on iPhone 14 390x844
00:39 +255 -1: /home/alex/VistaColosseum/.worktrees/br-2026-10-04-p0-queue/baton-runner/br-2026-10-04-p0-queue/review-phase-7-iter-1-probe/mut-app/test/home_screen_test.dart: simulation indicator the pill shows in the make-market flow on iPhone 14 390x844
00:39 +256 -1: /home/alex/VistaColosseum/.worktrees/br-2026-10-04-p0-queue/baton-runner/br-2026-10-04-p0-queue/review-phase-7-iter-1-probe/mut-app/test/home_screen_test.dart: simulation indicator the pill sits above the safe area and the keyboard, opens one note, and toasts clear it
00:39 +257 -1: /home/alex/VistaColosseum/.worktrees/br-2026-10-04-p0-queue/baton-runner/br-2026-10-04-p0-queue/review-phase-7-iter-1-probe/mut-app/test/home_screen_test.dart: simulation indicator Reset demo from the pill closes the sheets and routes built on the old state, and its toast shows
00:39 +258 -1: /home/alex/VistaColosseum/.worktrees/br-2026-10-04-p0-queue/baton-runner/br-2026-10-04-p0-queue/review-phase-7-iter-1-probe/mut-app/test/home_screen_test.dart: maker suggestion two are seeded on the demo clock, one live and one expired, each from Maker and between two idea cards
00:39 +259 -1: /home/alex/VistaColosseum/.worktrees/br-2026-10-04-p0-queue/baton-runner/br-2026-10-04-p0-queue/review-phase-7-iter-1-probe/mut-app/test/home_screen_test.dart: maker suggestion both cards render without overflow on small Android 360x640 at 1.0x text
00:39 +260 -1: /home/alex/VistaColosseum/.worktrees/br-2026-10-04-p0-queue/baton-runner/br-2026-10-04-p0-queue/review-phase-7-iter-1-probe/mut-app/test/home_screen_test.dart: maker suggestion both cards render without overflow on iPhone SE 375x667 at 1.0x text
00:39 +261 -1: /home/alex/VistaColosseum/.worktrees/br-2026-10-04-p0-queue/baton-runner/br-2026-10-04-p0-queue/review-phase-7-iter-1-probe/mut-app/test/home_screen_test.dart: maker suggestion both cards render without overflow on iPhone 15 393x852 at 1.0x text
00:39 +262 -1: /home/alex/VistaColosseum/.worktrees/br-2026-10-04-p0-queue/baton-runner/br-2026-10-04-p0-queue/review-phase-7-iter-1-probe/mut-app/test/home_screen_test.dart: maker suggestion both cards render without overflow on Pixel 7 412x915 at 1.0x text
00:39 +263 -1: /home/alex/VistaColosseum/.worktrees/br-2026-10-04-p0-queue/baton-runner/br-2026-10-04-p0-queue/review-phase-7-iter-1-probe/mut-app/test/home_screen_test.dart: maker suggestion both cards render without overflow on iPhone 15 Pro Max 430x932 at 1.0x text
00:40 +264 -1: /home/alex/VistaColosseum/.worktrees/br-2026-10-04-p0-queue/baton-runner/br-2026-10-04-p0-queue/review-phase-7-iter-1-probe/mut-app/test/home_screen_test.dart: maker suggestion both cards render without overflow on small Android 360x640 at 1.3x text
00:40 +265 -1: /home/alex/VistaColosseum/.worktrees/br-2026-10-04-p0-queue/baton-runner/br-2026-10-04-p0-queue/review-phase-7-iter-1-probe/mut-app/test/home_screen_test.dart: maker suggestion both cards render without overflow on iPhone SE 375x667 at 1.3x text
00:40 +266 -1: /home/alex/VistaColosseum/.worktrees/br-2026-10-04-p0-queue/baton-runner/br-2026-10-04-p0-queue/review-phase-7-iter-1-probe/mut-app/test/home_screen_test.dart: maker suggestion both cards render without overflow on iPhone 15 393x852 at 1.3x text
00:40 +267 -1: /home/alex/VistaColosseum/.worktrees/br-2026-10-04-p0-queue/baton-runner/br-2026-10-04-p0-queue/review-phase-7-iter-1-probe/mut-app/test/home_screen_test.dart: maker suggestion both cards render without overflow on Pixel 7 412x915 at 1.3x text
00:40 +268 -1: /home/alex/VistaColosseum/.worktrees/br-2026-10-04-p0-queue/baton-runner/br-2026-10-04-p0-queue/review-phase-7-iter-1-probe/mut-app/test/home_screen_test.dart: maker suggestion both cards render without overflow on iPhone 15 Pro Max 430x932 at 1.3x text
00:40 +269 -1: /home/alex/VistaColosseum/.worktrees/br-2026-10-04-p0-queue/baton-runner/br-2026-10-04-p0-queue/review-phase-7-iter-1-probe/mut-app/test/home_screen_test.dart: maker suggestion Trade this opens the ticket on the suggestion's asset and side
00:40 +270 -1: /home/alex/VistaColosseum/.worktrees/br-2026-10-04-p0-queue/baton-runner/br-2026-10-04-p0-queue/review-phase-7-iter-1-probe/mut-app/test/home_screen_test.dart: maker suggestion a card follows the demo clock, and Trade this opens the ticket on that suggestion's asset and side
00:40 +271 -1: /home/alex/VistaColosseum/.worktrees/br-2026-10-04-p0-queue/baton-runner/br-2026-10-04-p0-queue/review-phase-7-iter-1-probe/mut-app/test/home_screen_test.dart: maker suggestion an expired suggestion says Expired, is disabled and opens no ticket, so nothing can be confirmed
00:41 +272 -1: /home/alex/VistaColosseum/.worktrees/br-2026-10-04-p0-queue/baton-runner/br-2026-10-04-p0-queue/review-phase-7-iter-1-probe/mut-app/test/home_screen_test.dart: maker suggestion viewing both suggestions and opening the ticket leave the store untouched
00:41 +273 -1: /home/alex/VistaColosseum/.worktrees/br-2026-10-04-p0-queue/baton-runner/br-2026-10-04-p0-queue/review-phase-7-iter-1-probe/mut-app/test/home_screen_test.dart: (tearDownAll)
00:41 +273 -1: Some tests failed.

Failing tests:
  /home/alex/VistaColosseum/.worktrees/br-2026-10-04-p0-queue/baton-runner/br-2026-10-04-p0-queue/review-phase-7-iter-1-probe/mut-app/test/trader_record_test.dart: zero-history trader → unavailable state, no crash
