Resolving dependencies...
Downloading packages...
  material_color_utilities 0.13.0 (0.13.1 available)
  meta 1.18.3 (1.19.0 available)
  petitparser 7.0.2 (7.1.0 available)
  test_api 0.7.12 (0.7.14 available)
  vector_math 2.4.0 (2.4.3 available)
  xml 7.0.1 (7.1.0 available)
Got dependencies!
6 packages have newer versions incompatible with dependency constraints.
Try `flutter pub outdated` for more information.
00:00 +0: loading /home/alex/VistaColosseum/.worktrees/br-2026-10-04-p0-queue/baton-runner/br-2026-10-04-p0-queue/review-phase-7-iter-1-probe/mut-app/test/order_ticket_test.dart
00:00 +0: /home/alex/VistaColosseum/.worktrees/br-2026-10-04-p0-queue/baton-runner/br-2026-10-04-p0-queue/review-phase-7-iter-1-probe/mut-app/test/order_ticket_test.dart: (setUpAll)
00:00 +1: /home/alex/VistaColosseum/.worktrees/br-2026-10-04-p0-queue/baton-runner/br-2026-10-04-p0-queue/review-phase-7-iter-1-probe/mut-app/test/order_ticket_test.dart: (setUpAll)
00:00 +1: /home/alex/VistaColosseum/.worktrees/br-2026-10-04-p0-queue/baton-runner/br-2026-10-04-p0-queue/review-phase-7-iter-1-probe/mut-app/test/charting_test.dart: roundTicks uses 2.5 steps and stays within the limit
00:00 +2: /home/alex/VistaColosseum/.worktrees/br-2026-10-04-p0-queue/baton-runner/br-2026-10-04-p0-queue/review-phase-7-iter-1-probe/mut-app/test/order_ticket_test.dart: double tap confirm places one position
00:00 +3: /home/alex/VistaColosseum/.worktrees/br-2026-10-04-p0-queue/baton-runner/br-2026-10-04-p0-queue/review-phase-7-iter-1-probe/mut-app/test/order_ticket_test.dart: double tap confirm places one position
00:00 +4: /home/alex/VistaColosseum/.worktrees/br-2026-10-04-p0-queue/baton-runner/br-2026-10-04-p0-queue/review-phase-7-iter-1-probe/mut-app/test/order_ticket_test.dart: double tap confirm places one position
00:00 +5: /home/alex/VistaColosseum/.worktrees/br-2026-10-04-p0-queue/baton-runner/br-2026-10-04-p0-queue/review-phase-7-iter-1-probe/mut-app/test/order_ticket_test.dart: double tap confirm places one position
00:00 +6: /home/alex/VistaColosseum/.worktrees/br-2026-10-04-p0-queue/baton-runner/br-2026-10-04-p0-queue/review-phase-7-iter-1-probe/mut-app/test/order_ticket_test.dart: double tap confirm places one position
00:00 +7: /home/alex/VistaColosseum/.worktrees/br-2026-10-04-p0-queue/baton-runner/br-2026-10-04-p0-queue/review-phase-7-iter-1-probe/mut-app/test/order_ticket_test.dart: double tap confirm places one position
00:00 +8: /home/alex/VistaColosseum/.worktrees/br-2026-10-04-p0-queue/baton-runner/br-2026-10-04-p0-queue/review-phase-7-iter-1-probe/mut-app/test/order_ticket_test.dart: double tap confirm places one position
00:00 +9: /home/alex/VistaColosseum/.worktrees/br-2026-10-04-p0-queue/baton-runner/br-2026-10-04-p0-queue/review-phase-7-iter-1-probe/mut-app/test/order_ticket_test.dart: double tap confirm places one position
00:00 +10: /home/alex/VistaColosseum/.worktrees/br-2026-10-04-p0-queue/baton-runner/br-2026-10-04-p0-queue/review-phase-7-iter-1-probe/mut-app/test/order_ticket_test.dart: double tap confirm places one position
00:00 +11: /home/alex/VistaColosseum/.worktrees/br-2026-10-04-p0-queue/baton-runner/br-2026-10-04-p0-queue/review-phase-7-iter-1-probe/mut-app/test/order_ticket_test.dart: double tap confirm places one position
00:00 +12: /home/alex/VistaColosseum/.worktrees/br-2026-10-04-p0-queue/baton-runner/br-2026-10-04-p0-queue/review-phase-7-iter-1-probe/mut-app/test/order_ticket_test.dart: double tap confirm places one position
00:00 +13: /home/alex/VistaColosseum/.worktrees/br-2026-10-04-p0-queue/baton-runner/br-2026-10-04-p0-queue/review-phase-7-iter-1-probe/mut-app/test/order_ticket_test.dart: double tap confirm places one position
00:00 +14: /home/alex/VistaColosseum/.worktrees/br-2026-10-04-p0-queue/baton-runner/br-2026-10-04-p0-queue/review-phase-7-iter-1-probe/mut-app/test/order_ticket_test.dart: double tap confirm places one position
00:00 +15: /home/alex/VistaColosseum/.worktrees/br-2026-10-04-p0-queue/baton-runner/br-2026-10-04-p0-queue/review-phase-7-iter-1-probe/mut-app/test/order_ticket_test.dart: double tap confirm places one position
00:00 +16: /home/alex/VistaColosseum/.worktrees/br-2026-10-04-p0-queue/baton-runner/br-2026-10-04-p0-queue/review-phase-7-iter-1-probe/mut-app/test/order_ticket_test.dart: double tap confirm places one position
00:01 +17: /home/alex/VistaColosseum/.worktrees/br-2026-10-04-p0-queue/baton-runner/br-2026-10-04-p0-queue/review-phase-7-iter-1-probe/mut-app/test/scenario_test.dart: Reset demo in Settings restores the fixture, closes Settings and says so
00:01 +18: /home/alex/VistaColosseum/.worktrees/br-2026-10-04-p0-queue/baton-runner/br-2026-10-04-p0-queue/review-phase-7-iter-1-probe/mut-app/test/scenario_test.dart: Reset demo in Settings restores the fixture, closes Settings and says so
00:01 +19: /home/alex/VistaColosseum/.worktrees/br-2026-10-04-p0-queue/baton-runner/br-2026-10-04-p0-queue/review-phase-7-iter-1-probe/mut-app/test/scenario_test.dart: Reset demo in Settings restores the fixture, closes Settings and says so
00:01 +20: /home/alex/VistaColosseum/.worktrees/br-2026-10-04-p0-queue/baton-runner/br-2026-10-04-p0-queue/review-phase-7-iter-1-probe/mut-app/test/scenario_test.dart: Reset demo in Settings restores the fixture, closes Settings and says so
00:01 +21: /home/alex/VistaColosseum/.worktrees/br-2026-10-04-p0-queue/baton-runner/br-2026-10-04-p0-queue/review-phase-7-iter-1-probe/mut-app/test/scenario_test.dart: Reset demo in Settings restores the fixture, closes Settings and says so
00:01 +22: /home/alex/VistaColosseum/.worktrees/br-2026-10-04-p0-queue/baton-runner/br-2026-10-04-p0-queue/review-phase-7-iter-1-probe/mut-app/test/scenario_test.dart: Reset demo in Settings restores the fixture, closes Settings and says so
00:01 +23: /home/alex/VistaColosseum/.worktrees/br-2026-10-04-p0-queue/baton-runner/br-2026-10-04-p0-queue/review-phase-7-iter-1-probe/mut-app/test/scenario_test.dart: Reset demo in Settings restores the fixture, closes Settings and says so
00:02 +24: /home/alex/VistaColosseum/.worktrees/br-2026-10-04-p0-queue/baton-runner/br-2026-10-04-p0-queue/review-phase-7-iter-1-probe/mut-app/test/scenario_test.dart: Reset demo in Settings restores the fixture, closes Settings and says so
00:02 +25: /home/alex/VistaColosseum/.worktrees/br-2026-10-04-p0-queue/baton-runner/br-2026-10-04-p0-queue/review-phase-7-iter-1-probe/mut-app/test/scenario_test.dart: Reset demo in Settings restores the fixture, closes Settings and says so
00:02 +26: /home/alex/VistaColosseum/.worktrees/br-2026-10-04-p0-queue/baton-runner/br-2026-10-04-p0-queue/review-phase-7-iter-1-probe/mut-app/test/scenario_test.dart: Reset demo in Settings restores the fixture, closes Settings and says so
00:02 +27: /home/alex/VistaColosseum/.worktrees/br-2026-10-04-p0-queue/baton-runner/br-2026-10-04-p0-queue/review-phase-7-iter-1-probe/mut-app/test/scenario_test.dart: Reset demo in Settings restores the fixture, closes Settings and says so
00:02 +28: /home/alex/VistaColosseum/.worktrees/br-2026-10-04-p0-queue/baton-runner/br-2026-10-04-p0-queue/review-phase-7-iter-1-probe/mut-app/test/scenario_test.dart: Reset demo in Settings restores the fixture, closes Settings and says so
00:02 +29: /home/alex/VistaColosseum/.worktrees/br-2026-10-04-p0-queue/baton-runner/br-2026-10-04-p0-queue/review-phase-7-iter-1-probe/mut-app/test/trader_record_test.dart: zero-history trader → unavailable state, no crash
══╡ EXCEPTION CAUGHT BY FLUTTER TEST FRAMEWORK ╞════════════════════════════════════════════════════
The following TestFailure was thrown running a test:
Expected: exactly one matching candidate
  Actual: _DescendantWidgetFinder:<Found 0 widgets with text "No settled calls yet — record
unavailable" descending from widgets with widget matching predicate: []>
   Which: means none were found but one was expected

When the exception was thrown, this was the stack:
#4      main.<anonymous closure> (file:///home/alex/VistaColosseum/.worktrees/br-2026-10-04-p0-queue/baton-runner/br-2026-10-04-p0-queue/review-phase-7-iter-1-probe/mut-app/test/trader_record_test.dart:219:5)
<asynchronous suspension>
#5      testWidgets.<anonymous closure>.<anonymous closure> (package:flutter_test/src/widget_tester.dart:192:15)
<asynchronous suspension>
#6      TestWidgetsFlutterBinding._runTestBody (package:flutter_test/src/binding.dart:1953:5)
<asynchronous suspension>
<asynchronous suspension>
(elided one frame from package:stack_trace)

This was caught by the test expectation on the following line:
  file:///home/alex/VistaColosseum/.worktrees/br-2026-10-04-p0-queue/baton-runner/br-2026-10-04-p0-queue/review-phase-7-iter-1-probe/mut-app/test/trader_record_test.dart line 219
The test description was:
  zero-history trader → unavailable state, no crash
════════════════════════════════════════════════════════════════════════════════════════════════════
00:02 +29 -1: /home/alex/VistaColosseum/.worktrees/br-2026-10-04-p0-queue/baton-runner/br-2026-10-04-p0-queue/review-phase-7-iter-1-probe/mut-app/test/order_ticket_test.dart: feed ticket confirm adds a position and View in Wallet shows it
00:02 +29 -1: /home/alex/VistaColosseum/.worktrees/br-2026-10-04-p0-queue/baton-runner/br-2026-10-04-p0-queue/review-phase-7-iter-1-probe/mut-app/test/trader_record_test.dart: zero-history trader → unavailable state, no crash [E]
  Test failed. See exception logs above.
  The test description was: zero-history trader → unavailable state, no crash
  
00:02 +29 -1: /home/alex/VistaColosseum/.worktrees/br-2026-10-04-p0-queue/baton-runner/br-2026-10-04-p0-queue/review-phase-7-iter-1-probe/mut-app/test/receipts_test.dart: the 40% share is labelled a demo assumption, with one worked example, in the ledger and the listing flow
unhandled element <filter/>; Picture key: Svg loader
00:02 +30 -1: /home/alex/VistaColosseum/.worktrees/br-2026-10-04-p0-queue/baton-runner/br-2026-10-04-p0-queue/review-phase-7-iter-1-probe/mut-app/test/order_ticket_test.dart: feed ticket confirm adds a position and View in Wallet shows it
00:02 +31 -1: /home/alex/VistaColosseum/.worktrees/br-2026-10-04-p0-queue/baton-runner/br-2026-10-04-p0-queue/review-phase-7-iter-1-probe/mut-app/test/receipts_test.dart: the 40% share is labelled a demo assumption, with one worked example, in the ledger and the listing flow
00:03 +32 -1: /home/alex/VistaColosseum/.worktrees/br-2026-10-04-p0-queue/baton-runner/br-2026-10-04-p0-queue/review-phase-7-iter-1-probe/mut-app/test/scenario_test.dart: the simulated pill explains itself; its Reset demo is the Settings reset
00:03 +33 -1: /home/alex/VistaColosseum/.worktrees/br-2026-10-04-p0-queue/baton-runner/br-2026-10-04-p0-queue/review-phase-7-iter-1-probe/mut-app/test/scenario_test.dart: the simulated pill explains itself; its Reset demo is the Settings reset
00:03 +34 -1: /home/alex/VistaColosseum/.worktrees/br-2026-10-04-p0-queue/baton-runner/br-2026-10-04-p0-queue/review-phase-7-iter-1-probe/mut-app/test/scenario_test.dart: the simulated pill explains itself; its Reset demo is the Settings reset
00:03 +35 -1: /home/alex/VistaColosseum/.worktrees/br-2026-10-04-p0-queue/baton-runner/br-2026-10-04-p0-queue/review-phase-7-iter-1-probe/mut-app/test/scenario_test.dart: the simulated pill explains itself; its Reset demo is the Settings reset
00:03 +36 -1: /home/alex/VistaColosseum/.worktrees/br-2026-10-04-p0-queue/baton-runner/br-2026-10-04-p0-queue/review-phase-7-iter-1-probe/mut-app/test/scenario_test.dart: the simulated pill explains itself; its Reset demo is the Settings reset
00:03 +36 -1: /home/alex/VistaColosseum/.worktrees/br-2026-10-04-p0-queue/baton-runner/br-2026-10-04-p0-queue/review-phase-7-iter-1-probe/mut-app/test/trader_record_test.dart: the record panel renders without overflow at 1.3x on every phone, its last call clear of the pill
══╡ EXCEPTION CAUGHT BY FLUTTER TEST FRAMEWORK ╞════════════════════════════════════════════════════
The following TestFailure was thrown running a test:
Expected: exactly one matching candidate
  Actual: _DescendantWidgetFinder:<Found 0 widgets with text "Illustrative index · based on 3
settled calls · as of 26 Sep 14:45" descending from widgets with widget matching predicate: []>
   Which: means none were found but one was expected

When the exception was thrown, this was the stack:
#4      main.<anonymous closure> (file:///home/alex/VistaColosseum/.worktrees/br-2026-10-04-p0-queue/baton-runner/br-2026-10-04-p0-queue/review-phase-7-iter-1-probe/mut-app/test/trader_record_test.dart:253:7)
<asynchronous suspension>
#5      testWidgets.<anonymous closure>.<anonymous closure> (package:flutter_test/src/widget_tester.dart:192:15)
<asynchronous suspension>
#6      TestWidgetsFlutterBinding._runTestBody (package:flutter_test/src/binding.dart:1953:5)
<asynchronous suspension>
<asynchronous suspension>
(elided one frame from package:stack_trace)

This was caught by the test expectation on the following line:
  file:///home/alex/VistaColosseum/.worktrees/br-2026-10-04-p0-queue/baton-runner/br-2026-10-04-p0-queue/review-phase-7-iter-1-probe/mut-app/test/trader_record_test.dart line 253
The test description was:
  the record panel renders without overflow at 1.3x on every phone, its last call clear of the pill
════════════════════════════════════════════════════════════════════════════════════════════════════
00:03 +36 -2: /home/alex/VistaColosseum/.worktrees/br-2026-10-04-p0-queue/baton-runner/br-2026-10-04-p0-queue/review-phase-7-iter-1-probe/mut-app/test/scenario_test.dart: the simulated pill explains itself; its Reset demo is the Settings reset
00:03 +36 -2: /home/alex/VistaColosseum/.worktrees/br-2026-10-04-p0-queue/baton-runner/br-2026-10-04-p0-queue/review-phase-7-iter-1-probe/mut-app/test/trader_record_test.dart: the record panel renders without overflow at 1.3x on every phone, its last call clear of the pill [E]
  Test failed. See exception logs above.
  The test description was: the record panel renders without overflow at 1.3x on every phone, its last call clear of the pill
  
00:03 +37 -2: /home/alex/VistaColosseum/.worktrees/br-2026-10-04-p0-queue/baton-runner/br-2026-10-04-p0-queue/review-phase-7-iter-1-probe/mut-app/test/scenario_test.dart: the simulated pill explains itself; its Reset demo is the Settings reset
00:03 +38 -2: /home/alex/VistaColosseum/.worktrees/br-2026-10-04-p0-queue/baton-runner/br-2026-10-04-p0-queue/review-phase-7-iter-1-probe/mut-app/test/scenario_test.dart: the simulated pill explains itself; its Reset demo is the Settings reset
00:03 +39 -2: /home/alex/VistaColosseum/.worktrees/br-2026-10-04-p0-queue/baton-runner/br-2026-10-04-p0-queue/review-phase-7-iter-1-probe/mut-app/test/receipts_test.dart: each record item opens its call receipt
00:03 +40 -2: /home/alex/VistaColosseum/.worktrees/br-2026-10-04-p0-queue/baton-runner/br-2026-10-04-p0-queue/review-phase-7-iter-1-probe/mut-app/test/receipts_test.dart: each record item opens its call receipt
00:03 +41 -2: /home/alex/VistaColosseum/.worktrees/br-2026-10-04-p0-queue/baton-runner/br-2026-10-04-p0-queue/review-phase-7-iter-1-probe/mut-app/test/receipts_test.dart: each record item opens its call receipt
00:03 +42 -2: /home/alex/VistaColosseum/.worktrees/br-2026-10-04-p0-queue/baton-runner/br-2026-10-04-p0-queue/review-phase-7-iter-1-probe/mut-app/test/receipts_test.dart: each record item opens its call receipt
00:03 +43 -2: /home/alex/VistaColosseum/.worktrees/br-2026-10-04-p0-queue/baton-runner/br-2026-10-04-p0-queue/review-phase-7-iter-1-probe/mut-app/test/receipts_test.dart: each record item opens its call receipt
00:04 +44 -2: /home/alex/VistaColosseum/.worktrees/br-2026-10-04-p0-queue/baton-runner/br-2026-10-04-p0-queue/review-phase-7-iter-1-probe/mut-app/test/scenario_test.dart: Wallet lists the positions held in Scenario
00:04 +45 -2: /home/alex/VistaColosseum/.worktrees/br-2026-10-04-p0-queue/baton-runner/br-2026-10-04-p0-queue/review-phase-7-iter-1-probe/mut-app/test/scenario_test.dart: Wallet lists the positions held in Scenario
00:04 +45 -2: /home/alex/VistaColosseum/.worktrees/br-2026-10-04-p0-queue/baton-runner/br-2026-10-04-p0-queue/review-phase-7-iter-1-probe/mut-app/test/trader_record_test.dart: the trader-market Record panel lists the trader's call receipts and an item opens its receipt
══╡ EXCEPTION CAUGHT BY FLUTTER TEST FRAMEWORK ╞════════════════════════════════════════════════════
The following TestFailure was thrown running a test:
Expected: exactly one matching candidate
  Actual: _DescendantWidgetFinder:<Found 0 widgets with text "Illustrative index · based on 3
settled calls · as of 26 Sep 14:45" descending from widgets with widget matching predicate: []>
   Which: means none were found but one was expected

When the exception was thrown, this was the stack:
#4      main.<anonymous closure> (file:///home/alex/VistaColosseum/.worktrees/br-2026-10-04-p0-queue/baton-runner/br-2026-10-04-p0-queue/review-phase-7-iter-1-probe/mut-app/test/trader_record_test.dart:296:5)
<asynchronous suspension>
#5      testWidgets.<anonymous closure>.<anonymous closure> (package:flutter_test/src/widget_tester.dart:192:15)
<asynchronous suspension>
#6      TestWidgetsFlutterBinding._runTestBody (package:flutter_test/src/binding.dart:1953:5)
<asynchronous suspension>
<asynchronous suspension>
(elided one frame from package:stack_trace)

This was caught by the test expectation on the following line:
  file:///home/alex/VistaColosseum/.worktrees/br-2026-10-04-p0-queue/baton-runner/br-2026-10-04-p0-queue/review-phase-7-iter-1-probe/mut-app/test/trader_record_test.dart line 296
The test description was:
  the trader-market Record panel lists the trader's call receipts and an item opens its receipt
════════════════════════════════════════════════════════════════════════════════════════════════════
00:04 +45 -3: /home/alex/VistaColosseum/.worktrees/br-2026-10-04-p0-queue/baton-runner/br-2026-10-04-p0-queue/review-phase-7-iter-1-probe/mut-app/test/scenario_test.dart: Wallet lists the positions held in Scenario
00:04 +45 -3: /home/alex/VistaColosseum/.worktrees/br-2026-10-04-p0-queue/baton-runner/br-2026-10-04-p0-queue/review-phase-7-iter-1-probe/mut-app/test/trader_record_test.dart: the trader-market Record panel lists the trader's call receipts and an item opens its receipt [E]
  Test failed. See exception logs above.
  The test description was: the trader-market Record panel lists the trader's call receipts and an item opens its receipt
  
00:04 +46 -3: /home/alex/VistaColosseum/.worktrees/br-2026-10-04-p0-queue/baton-runner/br-2026-10-04-p0-queue/review-phase-7-iter-1-probe/mut-app/test/order_ticket_test.dart: a trader-index ticket says so and creates nothing
00:04 +47 -3: /home/alex/VistaColosseum/.worktrees/br-2026-10-04-p0-queue/baton-runner/br-2026-10-04-p0-queue/review-phase-7-iter-1-probe/mut-app/test/order_ticket_test.dart: a trader-index ticket says so and creates nothing
00:04 +48 -3: /home/alex/VistaColosseum/.worktrees/br-2026-10-04-p0-queue/baton-runner/br-2026-10-04-p0-queue/review-phase-7-iter-1-probe/mut-app/test/order_ticket_test.dart: a trader-index ticket says so and creates nothing
00:04 +49 -3: /home/alex/VistaColosseum/.worktrees/br-2026-10-04-p0-queue/baton-runner/br-2026-10-04-p0-queue/review-phase-7-iter-1-probe/mut-app/test/order_ticket_test.dart: a trader-index ticket says so and creates nothing
00:05 +50 -3: /home/alex/VistaColosseum/.worktrees/br-2026-10-04-p0-queue/baton-runner/br-2026-10-04-p0-queue/review-phase-7-iter-1-probe/mut-app/test/order_ticket_test.dart: a trader-index ticket says so and creates nothing
00:05 +51 -3: /home/alex/VistaColosseum/.worktrees/br-2026-10-04-p0-queue/baton-runner/br-2026-10-04-p0-queue/review-phase-7-iter-1-probe/mut-app/test/order_ticket_test.dart: a trader-index ticket says so and creates nothing
00:05 +52 -3: /home/alex/VistaColosseum/.worktrees/br-2026-10-04-p0-queue/baton-runner/br-2026-10-04-p0-queue/review-phase-7-iter-1-probe/mut-app/test/trader_record_test.dart: feed card trader link opens the record panel
00:05 +53 -3: /home/alex/VistaColosseum/.worktrees/br-2026-10-04-p0-queue/baton-runner/br-2026-10-04-p0-queue/review-phase-7-iter-1-probe/mut-app/test/trader_record_test.dart: feed card trader link opens the record panel
00:05 +54 -3: /home/alex/VistaColosseum/.worktrees/br-2026-10-04-p0-queue/baton-runner/br-2026-10-04-p0-queue/review-phase-7-iter-1-probe/mut-app/test/home_screen_test.dart: Portfolio renders without overflow on iPhone SE 375x667
00:05 +55 -3: /home/alex/VistaColosseum/.worktrees/br-2026-10-04-p0-queue/baton-runner/br-2026-10-04-p0-queue/review-phase-7-iter-1-probe/mut-app/test/order_ticket_test.dart: a Home trader-market card's ticket says so and creates nothing, on Market and Limit
00:05 +56 -3: /home/alex/VistaColosseum/.worktrees/br-2026-10-04-p0-queue/baton-runner/br-2026-10-04-p0-queue/review-phase-7-iter-1-probe/mut-app/test/order_ticket_test.dart: a Home trader-market card's ticket says so and creates nothing, on Market and Limit
00:05 +57 -3: /home/alex/VistaColosseum/.worktrees/br-2026-10-04-p0-queue/baton-runner/br-2026-10-04-p0-queue/review-phase-7-iter-1-probe/mut-app/test/order_ticket_test.dart: a Home trader-market card's ticket says so and creates nothing, on Market and Limit
00:05 +58 -3: /home/alex/VistaColosseum/.worktrees/br-2026-10-04-p0-queue/baton-runner/br-2026-10-04-p0-queue/review-phase-7-iter-1-probe/mut-app/test/order_ticket_test.dart: a Home trader-market card's ticket says so and creates nothing, on Market and Limit
00:05 +59 -3: /home/alex/VistaColosseum/.worktrees/br-2026-10-04-p0-queue/baton-runner/br-2026-10-04-p0-queue/review-phase-7-iter-1-probe/mut-app/test/order_ticket_test.dart: a Home trader-market card's ticket says so and creates nothing, on Market and Limit
00:05 +60 -3: /home/alex/VistaColosseum/.worktrees/br-2026-10-04-p0-queue/baton-runner/br-2026-10-04-p0-queue/review-phase-7-iter-1-probe/mut-app/test/order_ticket_test.dart: a Home trader-market card's ticket says so and creates nothing, on Market and Limit
00:05 +61 -3: /home/alex/VistaColosseum/.worktrees/br-2026-10-04-p0-queue/baton-runner/br-2026-10-04-p0-queue/review-phase-7-iter-1-probe/mut-app/test/order_ticket_test.dart: a Home trader-market card's ticket says so and creates nothing, on Market and Limit
00:05 +62 -3: /home/alex/VistaColosseum/.worktrees/br-2026-10-04-p0-queue/baton-runner/br-2026-10-04-p0-queue/review-phase-7-iter-1-probe/mut-app/test/order_ticket_test.dart: a Home trader-market card's ticket says so and creates nothing, on Market and Limit
00:05 +63 -3: /home/alex/VistaColosseum/.worktrees/br-2026-10-04-p0-queue/baton-runner/br-2026-10-04-p0-queue/review-phase-7-iter-1-probe/mut-app/test/order_ticket_test.dart: a Home trader-market card's ticket says so and creates nothing, on Market and Limit
00:05 +64 -3: /home/alex/VistaColosseum/.worktrees/br-2026-10-04-p0-queue/baton-runner/br-2026-10-04-p0-queue/review-phase-7-iter-1-probe/mut-app/test/order_ticket_test.dart: a Home trader-market card's ticket says so and creates nothing, on Market and Limit
00:05 +65 -3: /home/alex/VistaColosseum/.worktrees/br-2026-10-04-p0-queue/baton-runner/br-2026-10-04-p0-queue/review-phase-7-iter-1-probe/mut-app/test/order_ticket_test.dart: a Home trader-market card's ticket says so and creates nothing, on Market and Limit
00:05 +66 -3: /home/alex/VistaColosseum/.worktrees/br-2026-10-04-p0-queue/baton-runner/br-2026-10-04-p0-queue/review-phase-7-iter-1-probe/mut-app/test/order_ticket_test.dart: a Home trader-market card's ticket says so and creates nothing, on Market and Limit
00:05 +67 -3: /home/alex/VistaColosseum/.worktrees/br-2026-10-04-p0-queue/baton-runner/br-2026-10-04-p0-queue/review-phase-7-iter-1-probe/mut-app/test/order_ticket_test.dart: a Home trader-market card's ticket says so and creates nothing, on Market and Limit
00:06 +68 -3: /home/alex/VistaColosseum/.worktrees/br-2026-10-04-p0-queue/baton-runner/br-2026-10-04-p0-queue/review-phase-7-iter-1-probe/mut-app/test/order_ticket_test.dart: a Home trader-market card's ticket says so and creates nothing, on Market and Limit
00:06 +69 -3: /home/alex/VistaColosseum/.worktrees/br-2026-10-04-p0-queue/baton-runner/br-2026-10-04-p0-queue/review-phase-7-iter-1-probe/mut-app/test/trader_record_test.dart: Arena card trader link opens the record panel
00:06 +70 -3: /home/alex/VistaColosseum/.worktrees/br-2026-10-04-p0-queue/baton-runner/br-2026-10-04-p0-queue/review-phase-7-iter-1-probe/mut-app/test/trader_record_test.dart: Arena card trader link opens the record panel
00:06 +71 -3: /home/alex/VistaColosseum/.worktrees/br-2026-10-04-p0-queue/baton-runner/br-2026-10-04-p0-queue/review-phase-7-iter-1-probe/mut-app/test/trader_record_test.dart: Arena card trader link opens the record panel
00:06 +72 -3: /home/alex/VistaColosseum/.worktrees/br-2026-10-04-p0-queue/baton-runner/br-2026-10-04-p0-queue/review-phase-7-iter-1-probe/mut-app/test/home_screen_test.dart: Portfolio renders without overflow on Pixel 7 412x915
00:06 +73 -3: /home/alex/VistaColosseum/.worktrees/br-2026-10-04-p0-queue/baton-runner/br-2026-10-04-p0-queue/review-phase-7-iter-1-probe/mut-app/test/home_screen_test.dart: Portfolio renders without overflow on Pixel 7 412x915
00:06 +74 -3: /home/alex/VistaColosseum/.worktrees/br-2026-10-04-p0-queue/baton-runner/br-2026-10-04-p0-queue/review-phase-7-iter-1-probe/mut-app/test/order_ticket_test.dart: feed ticket Retry re-quotes the same dollars at the new price, for review
00:06 +75 -3: /home/alex/VistaColosseum/.worktrees/br-2026-10-04-p0-queue/baton-runner/br-2026-10-04-p0-queue/review-phase-7-iter-1-probe/mut-app/test/home_screen_test.dart: Portfolio renders without overflow on iPhone 15 Pro Max 430x932
00:06 +76 -3: /home/alex/VistaColosseum/.worktrees/br-2026-10-04-p0-queue/baton-runner/br-2026-10-04-p0-queue/review-phase-7-iter-1-probe/mut-app/test/order_ticket_test.dart: feed review and receipt render without overflow on small Android 360x640
00:06 +77 -3: /home/alex/VistaColosseum/.worktrees/br-2026-10-04-p0-queue/baton-runner/br-2026-10-04-p0-queue/review-phase-7-iter-1-probe/mut-app/test/home_screen_test.dart: Portfolio survives 1.3x text scaling on the smallest phone
00:06 +78 -3: /home/alex/VistaColosseum/.worktrees/br-2026-10-04-p0-queue/baton-runner/br-2026-10-04-p0-queue/review-phase-7-iter-1-probe/mut-app/test/order_ticket_test.dart: feed review and receipt render without overflow on iPhone SE 375x667
00:07 +79 -3: /home/alex/VistaColosseum/.worktrees/br-2026-10-04-p0-queue/baton-runner/br-2026-10-04-p0-queue/review-phase-7-iter-1-probe/mut-app/test/order_ticket_test.dart: feed review and receipt render without overflow on iPhone SE 375x667
00:07 +80 -3: /home/alex/VistaColosseum/.worktrees/br-2026-10-04-p0-queue/baton-runner/br-2026-10-04-p0-queue/review-phase-7-iter-1-probe/mut-app/test/home_screen_test.dart: chart replay traces on open, then holds the finished design
00:07 +81 -3: /home/alex/VistaColosseum/.worktrees/br-2026-10-04-p0-queue/baton-runner/br-2026-10-04-p0-queue/review-phase-7-iter-1-probe/mut-app/test/order_ticket_test.dart: feed review and receipt render without overflow on iPhone 15 393x852
00:07 +82 -3: /home/alex/VistaColosseum/.worktrees/br-2026-10-04-p0-queue/baton-runner/br-2026-10-04-p0-queue/review-phase-7-iter-1-probe/mut-app/test/home_screen_test.dart: chart replay replays when the next card is swiped into view
00:07 +83 -3: /home/alex/VistaColosseum/.worktrees/br-2026-10-04-p0-queue/baton-runner/br-2026-10-04-p0-queue/review-phase-7-iter-1-probe/mut-app/test/order_ticket_test.dart: feed review and receipt render without overflow on Pixel 7 412x915
00:07 +84 -3: /home/alex/VistaColosseum/.worktrees/br-2026-10-04-p0-queue/baton-runner/br-2026-10-04-p0-queue/review-phase-7-iter-1-probe/mut-app/test/home_screen_test.dart: chart replay fills arrive oldest first and settle at design opacity
00:07 +85 -3: /home/alex/VistaColosseum/.worktrees/br-2026-10-04-p0-queue/baton-runner/br-2026-10-04-p0-queue/review-phase-7-iter-1-probe/mut-app/test/order_ticket_test.dart: feed review and receipt render without overflow on iPhone 15 Pro Max 430x932
00:08 +86 -3: /home/alex/VistaColosseum/.worktrees/br-2026-10-04-p0-queue/baton-runner/br-2026-10-04-p0-queue/review-phase-7-iter-1-probe/mut-app/test/home_screen_test.dart: chart replay reduced motion shows the finished chart immediately
00:08 +87 -3: /home/alex/VistaColosseum/.worktrees/br-2026-10-04-p0-queue/baton-runner/br-2026-10-04-p0-queue/review-phase-7-iter-1-probe/mut-app/test/order_ticket_test.dart: feed ticket cancel from review leaves the store unchanged
00:08 +88 -3: /home/alex/VistaColosseum/.worktrees/br-2026-10-04-p0-queue/baton-runner/br-2026-10-04-p0-queue/review-phase-7-iter-1-probe/mut-app/test/home_screen_test.dart: portfolio pager swiping the chart moves to the market cap and back
00:08 +89 -3: /home/alex/VistaColosseum/.worktrees/br-2026-10-04-p0-queue/baton-runner/br-2026-10-04-p0-queue/review-phase-7-iter-1-probe/mut-app/test/order_ticket_test.dart: double tap on a limit Place rests one order and closes only the ticket
00:08 +90 -3: /home/alex/VistaColosseum/.worktrees/br-2026-10-04-p0-queue/baton-runner/br-2026-10-04-p0-queue/review-phase-7-iter-1-probe/mut-app/test/home_screen_test.dart: portfolio pager a short drag snaps back to where it started
00:08 +91 -3: /home/alex/VistaColosseum/.worktrees/br-2026-10-04-p0-queue/baton-runner/br-2026-10-04-p0-queue/review-phase-7-iter-1-probe/mut-app/test/home_screen_test.dart: portfolio pager a reset that unlists the market returns to My portfolio
00:08 +92 -3: /home/alex/VistaColosseum/.worktrees/br-2026-10-04-p0-queue/baton-runner/br-2026-10-04-p0-queue/review-phase-7-iter-1-probe/mut-app/test/home_screen_test.dart: portfolio pager a change from a zero start shows no percentage
00:09 +93 -3: /home/alex/VistaColosseum/.worktrees/br-2026-10-04-p0-queue/baton-runner/br-2026-10-04-p0-queue/review-phase-7-iter-1-probe/mut-app/test/home_screen_test.dart: your market opens from Portfolio and goes back
00:09 +94 -3: /home/alex/VistaColosseum/.worktrees/br-2026-10-04-p0-queue/baton-runner/br-2026-10-04-p0-queue/review-phase-7-iter-1-probe/mut-app/test/home_screen_test.dart: your market renders without overflow on small Android 360x640
00:09 +95 -3: /home/alex/VistaColosseum/.worktrees/br-2026-10-04-p0-queue/baton-runner/br-2026-10-04-p0-queue/review-phase-7-iter-1-probe/mut-app/test/home_screen_test.dart: your market renders without overflow on iPhone SE 375x667
00:09 +96 -3: /home/alex/VistaColosseum/.worktrees/br-2026-10-04-p0-queue/baton-runner/br-2026-10-04-p0-queue/review-phase-7-iter-1-probe/mut-app/test/home_screen_test.dart: your market renders without overflow on iPhone 15 393x852
00:10 +97 -3: /home/alex/VistaColosseum/.worktrees/br-2026-10-04-p0-queue/baton-runner/br-2026-10-04-p0-queue/review-phase-7-iter-1-probe/mut-app/test/home_screen_test.dart: your market renders without overflow on Pixel 7 412x915
00:10 +98 -3: /home/alex/VistaColosseum/.worktrees/br-2026-10-04-p0-queue/baton-runner/br-2026-10-04-p0-queue/review-phase-7-iter-1-probe/mut-app/test/home_screen_test.dart: your market renders without overflow on iPhone 15 Pro Max 430x932
00:10 +99 -3: /home/alex/VistaColosseum/.worktrees/br-2026-10-04-p0-queue/baton-runner/br-2026-10-04-p0-queue/review-phase-7-iter-1-probe/mut-app/test/home_screen_test.dart: follow list Followers chip opens Followers; tabs, search, follow
00:10 +100 -3: /home/alex/VistaColosseum/.worktrees/br-2026-10-04-p0-queue/baton-runner/br-2026-10-04-p0-queue/review-phase-7-iter-1-probe/mut-app/test/home_screen_test.dart: follow list Following chip opens on the Following tab
00:10 +101 -3: /home/alex/VistaColosseum/.worktrees/br-2026-10-04-p0-queue/baton-runner/br-2026-10-04-p0-queue/review-phase-7-iter-1-probe/mut-app/test/home_screen_test.dart: follow list renders without overflow on small Android 360x640
00:11 +102 -3: /home/alex/VistaColosseum/.worktrees/br-2026-10-04-p0-queue/baton-runner/br-2026-10-04-p0-queue/review-phase-7-iter-1-probe/mut-app/test/home_screen_test.dart: follow list renders without overflow on iPhone SE 375x667
00:11 +103 -3: /home/alex/VistaColosseum/.worktrees/br-2026-10-04-p0-queue/baton-runner/br-2026-10-04-p0-queue/review-phase-7-iter-1-probe/mut-app/test/home_screen_test.dart: follow list renders without overflow on iPhone 15 393x852
00:11 +104 -3: /home/alex/VistaColosseum/.worktrees/br-2026-10-04-p0-queue/baton-runner/br-2026-10-04-p0-queue/review-phase-7-iter-1-probe/mut-app/test/home_screen_test.dart: follow list renders without overflow on Pixel 7 412x915
00:11 +105 -3: /home/alex/VistaColosseum/.worktrees/br-2026-10-04-p0-queue/baton-runner/br-2026-10-04-p0-queue/review-phase-7-iter-1-probe/mut-app/test/home_screen_test.dart: follow list renders without overflow on iPhone 15 Pro Max 430x932
00:12 +106 -3: /home/alex/VistaColosseum/.worktrees/br-2026-10-04-p0-queue/baton-runner/br-2026-10-04-p0-queue/review-phase-7-iter-1-probe/mut-app/test/home_screen_test.dart: profile opens from a follower row with their handle
00:12 +107 -3: /home/alex/VistaColosseum/.worktrees/br-2026-10-04-p0-queue/baton-runner/br-2026-10-04-p0-queue/review-phase-7-iter-1-probe/mut-app/test/home_screen_test.dart: profile a private account without a market opens the private layout
00:12 +108 -3: /home/alex/VistaColosseum/.worktrees/br-2026-10-04-p0-queue/baton-runner/br-2026-10-04-p0-queue/review-phase-7-iter-1-probe/mut-app/test/home_screen_test.dart: profile private profile renders without overflow on small Android 360x640
00:12 +109 -3: /home/alex/VistaColosseum/.worktrees/br-2026-10-04-p0-queue/baton-runner/br-2026-10-04-p0-queue/review-phase-7-iter-1-probe/mut-app/test/home_screen_test.dart: profile private profile renders without overflow on iPhone SE 375x667
00:12 +110 -3: /home/alex/VistaColosseum/.worktrees/br-2026-10-04-p0-queue/baton-runner/br-2026-10-04-p0-queue/review-phase-7-iter-1-probe/mut-app/test/home_screen_test.dart: profile private profile renders without overflow on iPhone 15 393x852
00:13 +111 -3: /home/alex/VistaColosseum/.worktrees/br-2026-10-04-p0-queue/baton-runner/br-2026-10-04-p0-queue/review-phase-7-iter-1-probe/mut-app/test/home_screen_test.dart: profile private profile renders without overflow on Pixel 7 412x915
00:13 +112 -3: /home/alex/VistaColosseum/.worktrees/br-2026-10-04-p0-queue/baton-runner/br-2026-10-04-p0-queue/review-phase-7-iter-1-probe/mut-app/test/home_screen_test.dart: profile private profile renders without overflow on iPhone 15 Pro Max 430x932
00:13 +113 -3: /home/alex/VistaColosseum/.worktrees/br-2026-10-04-p0-queue/baton-runner/br-2026-10-04-p0-queue/review-phase-7-iter-1-probe/mut-app/test/home_screen_test.dart: profile Home caller name opens their profile
00:13 +114 -3: /home/alex/VistaColosseum/.worktrees/br-2026-10-04-p0-queue/baton-runner/br-2026-10-04-p0-queue/review-phase-7-iter-1-probe/mut-app/test/home_screen_test.dart: profile renders without overflow on small Android 360x640
00:13 +115 -3: /home/alex/VistaColosseum/.worktrees/br-2026-10-04-p0-queue/baton-runner/br-2026-10-04-p0-queue/review-phase-7-iter-1-probe/mut-app/test/home_screen_test.dart: profile renders without overflow on iPhone SE 375x667
00:14 +116 -3: /home/alex/VistaColosseum/.worktrees/br-2026-10-04-p0-queue/baton-runner/br-2026-10-04-p0-queue/review-phase-7-iter-1-probe/mut-app/test/home_screen_test.dart: profile renders without overflow on iPhone 15 393x852
00:14 +117 -3: /home/alex/VistaColosseum/.worktrees/br-2026-10-04-p0-queue/baton-runner/br-2026-10-04-p0-queue/review-phase-7-iter-1-probe/mut-app/test/home_screen_test.dart: profile renders without overflow on Pixel 7 412x915
00:14 +118 -3: /home/alex/VistaColosseum/.worktrees/br-2026-10-04-p0-queue/baton-runner/br-2026-10-04-p0-queue/review-phase-7-iter-1-probe/mut-app/test/home_screen_test.dart: profile renders without overflow on iPhone 15 Pro Max 430x932
00:14 +119 -3: /home/alex/VistaColosseum/.worktrees/br-2026-10-04-p0-queue/baton-runner/br-2026-10-04-p0-queue/review-phase-7-iter-1-probe/mut-app/test/home_screen_test.dart: trader market opens on the Market panel, then Portfolio and Record
00:14 +120 -3: /home/alex/VistaColosseum/.worktrees/br-2026-10-04-p0-queue/baton-runner/br-2026-10-04-p0-queue/review-phase-7-iter-1-probe/mut-app/test/home_screen_test.dart: trader market dragging the handle down opens the chart, up brings panels
00:15 +121 -3: /home/alex/VistaColosseum/.worktrees/br-2026-10-04-p0-queue/baton-runner/br-2026-10-04-p0-queue/review-phase-7-iter-1-probe/mut-app/test/home_screen_test.dart: trader market renders without overflow on small Android 360x640
00:15 +122 -3: /home/alex/VistaColosseum/.worktrees/br-2026-10-04-p0-queue/baton-runner/br-2026-10-04-p0-queue/review-phase-7-iter-1-probe/mut-app/test/home_screen_test.dart: trader market renders without overflow on iPhone SE 375x667
00:15 +123 -3: /home/alex/VistaColosseum/.worktrees/br-2026-10-04-p0-queue/baton-runner/br-2026-10-04-p0-queue/review-phase-7-iter-1-probe/mut-app/test/home_screen_test.dart: trader market renders without overflow on iPhone 15 393x852
00:15 +124 -3: /home/alex/VistaColosseum/.worktrees/br-2026-10-04-p0-queue/baton-runner/br-2026-10-04-p0-queue/review-phase-7-iter-1-probe/mut-app/test/home_screen_test.dart: trader market renders without overflow on Pixel 7 412x915
00:16 +125 -3: /home/alex/VistaColosseum/.worktrees/br-2026-10-04-p0-queue/baton-runner/br-2026-10-04-p0-queue/review-phase-7-iter-1-probe/mut-app/test/home_screen_test.dart: trader market renders without overflow on iPhone 15 Pro Max 430x932
00:16 +126 -3: /home/alex/VistaColosseum/.worktrees/br-2026-10-04-p0-queue/baton-runner/br-2026-10-04-p0-queue/review-phase-7-iter-1-probe/mut-app/test/home_screen_test.dart: markets Explore shows markets; sort, search and favourites work
00:16 +127 -3: /home/alex/VistaColosseum/.worktrees/br-2026-10-04-p0-queue/baton-runner/br-2026-10-04-p0-queue/review-phase-7-iter-1-probe/mut-app/test/home_screen_test.dart: markets Traders tab lists trader markets and opens one
00:16 +128 -3: /home/alex/VistaColosseum/.worktrees/br-2026-10-04-p0-queue/baton-runner/br-2026-10-04-p0-queue/review-phase-7-iter-1-probe/mut-app/test/home_screen_test.dart: markets asset page star and Explore stars share one watchlist
00:16 +129 -3: /home/alex/VistaColosseum/.worktrees/br-2026-10-04-p0-queue/baton-runner/br-2026-10-04-p0-queue/review-phase-7-iter-1-probe/mut-app/test/home_screen_test.dart: markets trader page star updates the Traders favourites
00:17 +130 -3: /home/alex/VistaColosseum/.worktrees/br-2026-10-04-p0-queue/baton-runner/br-2026-10-04-p0-queue/review-phase-7-iter-1-probe/mut-app/test/home_screen_test.dart: markets Edit favorites removes with undo, and order drives the rail
00:17 +131 -3: /home/alex/VistaColosseum/.worktrees/br-2026-10-04-p0-queue/baton-runner/br-2026-10-04-p0-queue/review-phase-7-iter-1-probe/mut-app/test/home_screen_test.dart: markets Edit favorites renders without overflow on small Android 360x640
00:17 +132 -3: /home/alex/VistaColosseum/.worktrees/br-2026-10-04-p0-queue/baton-runner/br-2026-10-04-p0-queue/review-phase-7-iter-1-probe/mut-app/test/home_screen_test.dart: markets Edit favorites renders without overflow on iPhone SE 375x667
00:18 +133 -3: /home/alex/VistaColosseum/.worktrees/br-2026-10-04-p0-queue/baton-runner/br-2026-10-04-p0-queue/review-phase-7-iter-1-probe/mut-app/test/home_screen_test.dart: markets Edit favorites renders without overflow on iPhone 15 393x852
00:18 +134 -3: /home/alex/VistaColosseum/.worktrees/br-2026-10-04-p0-queue/baton-runner/br-2026-10-04-p0-queue/review-phase-7-iter-1-probe/mut-app/test/home_screen_test.dart: markets Edit favorites renders without overflow on Pixel 7 412x915
00:18 +135 -3: /home/alex/VistaColosseum/.worktrees/br-2026-10-04-p0-queue/baton-runner/br-2026-10-04-p0-queue/review-phase-7-iter-1-probe/mut-app/test/home_screen_test.dart: markets Edit favorites renders without overflow on iPhone 15 Pro Max 430x932
00:18 +136 -3: /home/alex/VistaColosseum/.worktrees/br-2026-10-04-p0-queue/baton-runner/br-2026-10-04-p0-queue/review-phase-7-iter-1-probe/mut-app/test/home_screen_test.dart: markets renders without overflow on small Android 360x640
00:18 +137 -3: /home/alex/VistaColosseum/.worktrees/br-2026-10-04-p0-queue/baton-runner/br-2026-10-04-p0-queue/review-phase-7-iter-1-probe/mut-app/test/home_screen_test.dart: markets renders without overflow on iPhone SE 375x667
00:18 +138 -3: /home/alex/VistaColosseum/.worktrees/br-2026-10-04-p0-queue/baton-runner/br-2026-10-04-p0-queue/review-phase-7-iter-1-probe/mut-app/test/home_screen_test.dart: markets renders without overflow on iPhone 15 393x852
00:19 +139 -3: /home/alex/VistaColosseum/.worktrees/br-2026-10-04-p0-queue/baton-runner/br-2026-10-04-p0-queue/review-phase-7-iter-1-probe/mut-app/test/home_screen_test.dart: markets renders without overflow on Pixel 7 412x915
00:19 +140 -3: /home/alex/VistaColosseum/.worktrees/br-2026-10-04-p0-queue/baton-runner/br-2026-10-04-p0-queue/review-phase-7-iter-1-probe/mut-app/test/home_screen_test.dart: markets renders without overflow on iPhone 15 Pro Max 430x932
00:19 +141 -3: /home/alex/VistaColosseum/.worktrees/br-2026-10-04-p0-queue/baton-runner/br-2026-10-04-p0-queue/review-phase-7-iter-1-probe/mut-app/test/home_screen_test.dart: arena Arena tab shows the battles with the crowd filter
00:19 +142 -3: /home/alex/VistaColosseum/.worktrees/br-2026-10-04-p0-queue/baton-runner/br-2026-10-04-p0-queue/review-phase-7-iter-1-probe/mut-app/test/home_screen_test.dart: arena sort chips order the battles by volume, change and funding
00:20 +143 -3: /home/alex/VistaColosseum/.worktrees/br-2026-10-04-p0-queue/baton-runner/br-2026-10-04-p0-queue/review-phase-7-iter-1-probe/mut-app/test/home_screen_test.dart: arena each battle quotes its asset as the Markets tab does
00:20 +144 -3: /home/alex/VistaColosseum/.worktrees/br-2026-10-04-p0-queue/baton-runner/br-2026-10-04-p0-queue/review-phase-7-iter-1-probe/mut-app/test/home_screen_test.dart: arena sorts by the chip field, highest first, ties by id
00:20 +145 -3: /home/alex/VistaColosseum/.worktrees/br-2026-10-04-p0-queue/baton-runner/br-2026-10-04-p0-queue/review-phase-7-iter-1-probe/mut-app/test/home_screen_test.dart: arena the crowd range filters the cards and the panel counts them
00:20 +146 -3: /home/alex/VistaColosseum/.worktrees/br-2026-10-04-p0-queue/baton-runner/br-2026-10-04-p0-queue/review-phase-7-iter-1-probe/mut-app/test/home_screen_test.dart: arena an empty crowd split says so; Show all restores the cards
00:20 +147 -3: /home/alex/VistaColosseum/.worktrees/br-2026-10-04-p0-queue/baton-runner/br-2026-10-04-p0-queue/review-phase-7-iter-1-probe/mut-app/test/home_screen_test.dart: arena Ask filters by asset; no match names the assets there are
00:20 +148 -3: /home/alex/VistaColosseum/.worktrees/br-2026-10-04-p0-queue/baton-runner/br-2026-10-04-p0-queue/review-phase-7-iter-1-probe/mut-app/test/home_screen_test.dart: arena with the keyboard up the panel folds and Ask results show
00:20 +149 -3: /home/alex/VistaColosseum/.worktrees/br-2026-10-04-p0-queue/baton-runner/br-2026-10-04-p0-queue/review-phase-7-iter-1-probe/mut-app/test/home_screen_test.dart: arena joining: Cancel counts nothing; a fill counts once, shows
00:21 +150 -3: /home/alex/VistaColosseum/.worktrees/br-2026-10-04-p0-queue/baton-runner/br-2026-10-04-p0-queue/review-phase-7-iter-1-probe/mut-app/test/home_screen_test.dart: arena a battle's opinions trade that battle's asset and clash
00:21 +151 -3: /home/alex/VistaColosseum/.worktrees/br-2026-10-04-p0-queue/baton-runner/br-2026-10-04-p0-queue/review-phase-7-iter-1-probe/mut-app/test/home_screen_test.dart: arena sort chips stay fixed while battles scroll
00:21 +152 -3: /home/alex/VistaColosseum/.worktrees/br-2026-10-04-p0-queue/baton-runner/br-2026-10-04-p0-queue/review-phase-7-iter-1-probe/mut-app/test/home_screen_test.dart: arena a narrower range starts the list at the top
00:21 +153 -3: /home/alex/VistaColosseum/.worktrees/br-2026-10-04-p0-queue/baton-runner/br-2026-10-04-p0-queue/review-phase-7-iter-1-probe/mut-app/test/home_screen_test.dart: arena tapping a caller opens their profile
00:22 +154 -3: /home/alex/VistaColosseum/.worktrees/br-2026-10-04-p0-queue/baton-runner/br-2026-10-04-p0-queue/review-phase-7-iter-1-probe/mut-app/test/home_screen_test.dart: arena renders without overflow on small Android 360x640
00:22 +155 -3: /home/alex/VistaColosseum/.worktrees/br-2026-10-04-p0-queue/baton-runner/br-2026-10-04-p0-queue/review-phase-7-iter-1-probe/mut-app/test/home_screen_test.dart: arena renders without overflow on iPhone SE 375x667
00:22 +156 -3: /home/alex/VistaColosseum/.worktrees/br-2026-10-04-p0-queue/baton-runner/br-2026-10-04-p0-queue/review-phase-7-iter-1-probe/mut-app/test/home_screen_test.dart: arena renders without overflow on iPhone 15 393x852
00:22 +157 -3: /home/alex/VistaColosseum/.worktrees/br-2026-10-04-p0-queue/baton-runner/br-2026-10-04-p0-queue/review-phase-7-iter-1-probe/mut-app/test/home_screen_test.dart: arena renders without overflow on Pixel 7 412x915
00:22 +158 -3: /home/alex/VistaColosseum/.worktrees/br-2026-10-04-p0-queue/baton-runner/br-2026-10-04-p0-queue/review-phase-7-iter-1-probe/mut-app/test/home_screen_test.dart: arena renders without overflow on iPhone 15 Pro Max 430x932
00:23 +159 -3: /home/alex/VistaColosseum/.worktrees/br-2026-10-04-p0-queue/baton-runner/br-2026-10-04-p0-queue/review-phase-7-iter-1-probe/mut-app/test/home_screen_test.dart: opinions more opinions opens the clash detail; filters and back
00:23 +160 -3: /home/alex/VistaColosseum/.worktrees/br-2026-10-04-p0-queue/baton-runner/br-2026-10-04-p0-queue/review-phase-7-iter-1-probe/mut-app/test/home_screen_test.dart: opinions the crowd split is labelled crowd split, never odds
00:23 +161 -3: /home/alex/VistaColosseum/.worktrees/br-2026-10-04-p0-queue/baton-runner/br-2026-10-04-p0-queue/review-phase-7-iter-1-probe/mut-app/test/home_screen_test.dart: opinions renders without overflow on small Android 360x640

Warning: A call to tap() with finder "Found 1 widget with text "+21 more opinions" (ignoring all but first): [
  Text("+21 more opinions", inherit: true, color: Color(alpha: 1.0000, red: 0.9608, green: 0.9529, blue: 1.0000, colorSpace: ColorSpace.sRGB), family: OpenRunde, size: 13.0, weight: 600, height: 1.2x, dependencies: [DefaultSelectionStyle, DefaultTextStyle, MediaQuery]),
]" derived an Offset (Offset(209.6, 464.0)) that would not hit test on the specified widget.
Maybe the widget is actually off-screen, or another widget is obscuring it, or the widget cannot receive pointer events.
The finder corresponds to this RenderBox: RenderParagraph#d21ca relayoutBoundary=up16
The hit test result at that offset is: HitTestResult(RenderDecoratedBox#ea10d@Offset(209.6, 48.0), RenderFlex#325c5@Offset(209.6, 464.0), RenderCustomMultiChildLayoutBox#89b7c@Offset(209.6, 464.0), _RenderInkFeatures#9d1d0@Offset(209.6, 464.0), RenderPhysicalModel#6a86e@Offset(209.6, 464.0), RenderSemanticsAnnotations#4b30b@Offset(209.6, 464.0), RenderRepaintBoundary#92605@Offset(209.6, 464.0), RenderIgnorePointer#8e3c2@Offset(209.6, 464.0), RenderAnimatedOpacity#ced67@Offset(209.6, 464.0), RenderAnimatedOpacity#b7342@Offset(209.6, 464.0), _RenderColoredBox#5388d@Offset(209.6, 464.0), RenderAnimatedOpacity#92d56@Offset(209.6, 464.0), RenderIgnorePointer#badf1@Offset(209.6, 464.0), RenderAnimatedOpacity#a53c4@Offset(209.6, 464.0), RenderRepaintBoundary#90321@Offset(209.6, 464.0), RenderSemanticsAnnotations#69ada@Offset(209.6, 464.0), RenderOffstage#63c20@Offset(209.6, 464.0), RenderSemanticsAnnotations#caafb@Offset(209.6, 464.0), _RenderTheater#5bdcb@Offset(209.6, 464.0), RenderAbsorbPointer#ce7f1@Offset(209.6, 464.0), RenderPointerListener#41707@Offset(209.6, 464.0), RenderSemanticsAnnotations#ec192@Offset(209.6, 464.0), RenderStack#73801@Offset(209.6, 464.0), RenderSemanticsAnnotations#3db16@Offset(209.6, 464.0), RenderSemanticsAnnotations#90fea@Offset(209.6, 464.0), RenderSemanticsAnnotations#78bbb@Offset(209.6, 464.0), RenderTapRegionSurface#33f3b@Offset(209.6, 464.0), RenderSemanticsAnnotations#78552@Offset(209.6, 464.0), RenderSemanticsAnnotations#25a20@Offset(209.6, 464.0), HitTestEntry<HitTestTarget>#55cfa(_ReusableRenderView#ea28b), HitTestEntry<HitTestTarget>#bd35b(<AutomatedTestWidgetsFlutterBinding>))
#0      WidgetController._getElementPoint (package:flutter_test/src/controller.dart:2165:25)
#1      WidgetController.getCenter (package:flutter_test/src/controller.dart:1947:12)
#2      WidgetController.tap (package:flutter_test/src/controller.dart:1080:7)
#3      main.<anonymous closure>.openOpinions (file:///home/alex/VistaColosseum/.worktrees/br-2026-10-04-p0-queue/baton-runner/br-2026-10-04-p0-queue/review-phase-7-iter-1-probe/mut-app/test/home_screen_test.dart:1254:20)
<asynchronous suspension>
#4      main.<anonymous closure>.<anonymous closure> (file:///home/alex/VistaColosseum/.worktrees/br-2026-10-04-p0-queue/baton-runner/br-2026-10-04-p0-queue/review-phase-7-iter-1-probe/mut-app/test/home_screen_test.dart:1297:9)
<asynchronous suspension>
#5      testWidgets.<anonymous closure>.<anonymous closure> (package:flutter_test/src/widget_tester.dart:192:15)
<asynchronous suspension>
#6      TestWidgetsFlutterBinding._runTestBody (package:flutter_test/src/binding.dart:1953:5)
<asynchronous suspension>
#7      StackZoneSpecification._registerCallback.<anonymous closure> (package:stack_trace/src/stack_zone_specification.dart:114:42)
<asynchronous suspension>
To silence this warning, pass "warnIfMissed: false" to "tap()".
To make this warning fatal, set WidgetController.hitTestWarningShouldBeFatal to true.

00:23 +162 -3: /home/alex/VistaColosseum/.worktrees/br-2026-10-04-p0-queue/baton-runner/br-2026-10-04-p0-queue/review-phase-7-iter-1-probe/mut-app/test/home_screen_test.dart: opinions renders without overflow on iPhone SE 375x667

Warning: A call to tap() with finder "Found 1 widget with text "+21 more opinions" (ignoring all but first): [
  Text("+21 more opinions", inherit: true, color: Color(alpha: 1.0000, red: 0.9608, green: 0.9529, blue: 1.0000, colorSpace: ColorSpace.sRGB), family: OpenRunde, size: 13.0, weight: 600, height: 1.2x, dependencies: [DefaultSelectionStyle, DefaultTextStyle, MediaQuery]),
]" derived an Offset (Offset(217.1, 460.0)) that would not hit test on the specified widget.
Maybe the widget is actually off-screen, or another widget is obscuring it, or the widget cannot receive pointer events.
The finder corresponds to this RenderBox: RenderParagraph#17987 relayoutBoundary=up16
The hit test result at that offset is: HitTestResult(RenderParagraph#2819a@Offset(201.1, 3.0), RenderFlex#76b2a@Offset(201.1, 3.0), RenderFlex#fb4d6@Offset(201.1, 3.0), RenderExcludeSemantics#39cb3@Offset(201.1, 3.0), RenderIgnorePointer#3f7ea@Offset(201.1, 3.0), RenderAnimatedOpacity#f73b5@Offset(201.1, 3.0), RenderPositionedBox#614ee@Offset(201.1, 3.0), RenderClipRect#51772@Offset(201.1, 3.0), RenderFlex#bba6f@Offset(201.1, 3.0), RenderPadding#5012c@Offset(217.1, 17.0), RenderDecoratedBox#2d5d5@Offset(217.1, 17.0), RenderFlex#3aee0@Offset(217.1, 460.0), RenderCustomMultiChildLayoutBox#31f1d@Offset(217.1, 460.0), _RenderInkFeatures#33537@Offset(217.1, 460.0), RenderPhysicalModel#f33ef@Offset(217.1, 460.0), RenderSemanticsAnnotations#83b31@Offset(217.1, 460.0), RenderRepaintBoundary#90f55@Offset(217.1, 460.0), RenderIgnorePointer#4cc7d@Offset(217.1, 460.0), RenderAnimatedOpacity#14cba@Offset(217.1, 460.0), RenderAnimatedOpacity#d4729@Offset(217.1, 460.0), _RenderColoredBox#f5926@Offset(217.1, 460.0), RenderAnimatedOpacity#b5ac1@Offset(217.1, 460.0), RenderIgnorePointer#f03ab@Offset(217.1, 460.0), RenderAnimatedOpacity#905df@Offset(217.1, 460.0), RenderRepaintBoundary#02249@Offset(217.1, 460.0), RenderSemanticsAnnotations#9d164@Offset(217.1, 460.0), RenderOffstage#54e96@Offset(217.1, 460.0), RenderSemanticsAnnotations#85c5e@Offset(217.1, 460.0), _RenderTheater#7f872@Offset(217.1, 460.0), RenderAbsorbPointer#da9f8@Offset(217.1, 460.0), RenderPointerListener#6b120@Offset(217.1, 460.0), RenderSemanticsAnnotations#b3976@Offset(217.1, 460.0), RenderStack#48f02@Offset(217.1, 460.0), RenderSemanticsAnnotations#7761a@Offset(217.1, 460.0), RenderSemanticsAnnotations#d884d@Offset(217.1, 460.0), RenderSemanticsAnnotations#edae8@Offset(217.1, 460.0), RenderTapRegionSurface#dd88f@Offset(217.1, 460.0), RenderSemanticsAnnotations#d54d7@Offset(217.1, 460.0), RenderSemanticsAnnotations#5c879@Offset(217.1, 460.0), HitTestEntry<HitTestTarget>#228c5(_ReusableRenderView#ea28b), HitTestEntry<HitTestTarget>#1c523(<AutomatedTestWidgetsFlutterBinding>))
#0      WidgetController._getElementPoint (package:flutter_test/src/controller.dart:2165:25)
#1      WidgetController.getCenter (package:flutter_test/src/controller.dart:1947:12)
#2      WidgetController.tap (package:flutter_test/src/controller.dart:1080:7)
#3      main.<anonymous closure>.openOpinions (file:///home/alex/VistaColosseum/.worktrees/br-2026-10-04-p0-queue/baton-runner/br-2026-10-04-p0-queue/review-phase-7-iter-1-probe/mut-app/test/home_screen_test.dart:1254:20)
<asynchronous suspension>
#4      main.<anonymous closure>.<anonymous closure> (file:///home/alex/VistaColosseum/.worktrees/br-2026-10-04-p0-queue/baton-runner/br-2026-10-04-p0-queue/review-phase-7-iter-1-probe/mut-app/test/home_screen_test.dart:1297:9)
<asynchronous suspension>
#5      testWidgets.<anonymous closure>.<anonymous closure> (package:flutter_test/src/widget_tester.dart:192:15)
<asynchronous suspension>
#6      TestWidgetsFlutterBinding._runTestBody (package:flutter_test/src/binding.dart:1953:5)
<asynchronous suspension>
#7      StackZoneSpecification._registerCallback.<anonymous closure> (package:stack_trace/src/stack_zone_specification.dart:114:42)
<asynchronous suspension>
To silence this warning, pass "warnIfMissed: false" to "tap()".
To make this warning fatal, set WidgetController.hitTestWarningShouldBeFatal to true.

00:23 +163 -3: /home/alex/VistaColosseum/.worktrees/br-2026-10-04-p0-queue/baton-runner/br-2026-10-04-p0-queue/review-phase-7-iter-1-probe/mut-app/test/home_screen_test.dart: opinions renders without overflow on iPhone 15 393x852
00:23 +164 -3: /home/alex/VistaColosseum/.worktrees/br-2026-10-04-p0-queue/baton-runner/br-2026-10-04-p0-queue/review-phase-7-iter-1-probe/mut-app/test/home_screen_test.dart: opinions renders without overflow on Pixel 7 412x915
00:24 +165 -3: /home/alex/VistaColosseum/.worktrees/br-2026-10-04-p0-queue/baton-runner/br-2026-10-04-p0-queue/review-phase-7-iter-1-probe/mut-app/test/home_screen_test.dart: opinions renders without overflow on iPhone 15 Pro Max 430x932
00:24 +166 -3: /home/alex/VistaColosseum/.worktrees/br-2026-10-04-p0-queue/baton-runner/br-2026-10-04-p0-queue/review-phase-7-iter-1-probe/mut-app/test/home_screen_test.dart: Home top bar: handle over balance, Deposit on the right
00:24 +167 -3: /home/alex/VistaColosseum/.worktrees/br-2026-10-04-p0-queue/baton-runner/br-2026-10-04-p0-queue/review-phase-7-iter-1-probe/mut-app/test/home_screen_test.dart: Wallet top bar: handle over balance, Deposit on the right
00:24 +168 -3: /home/alex/VistaColosseum/.worktrees/br-2026-10-04-p0-queue/baton-runner/br-2026-10-04-p0-queue/review-phase-7-iter-1-probe/mut-app/test/home_screen_test.dart: asset trade Home Details opens the asset on the Market panel
00:25 +169 -3: /home/alex/VistaColosseum/.worktrees/br-2026-10-04-p0-queue/baton-runner/br-2026-10-04-p0-queue/review-phase-7-iter-1-probe/mut-app/test/home_screen_test.dart: asset trade the callers Following filter reads the follows in Scenario
00:25 +170 -3: /home/alex/VistaColosseum/.worktrees/br-2026-10-04-p0-queue/baton-runner/br-2026-10-04-p0-queue/review-phase-7-iter-1-probe/mut-app/test/home_screen_test.dart: asset trade Explore asset row opens it; handle opens the chart
00:25 +171 -3: /home/alex/VistaColosseum/.worktrees/br-2026-10-04-p0-queue/baton-runner/br-2026-10-04-p0-queue/review-phase-7-iter-1-probe/mut-app/test/home_screen_test.dart: asset trade renders without overflow on small Android 360x640
00:26 +172 -3: /home/alex/VistaColosseum/.worktrees/br-2026-10-04-p0-queue/baton-runner/br-2026-10-04-p0-queue/review-phase-7-iter-1-probe/mut-app/test/home_screen_test.dart: asset trade renders without overflow on iPhone SE 375x667
00:26 +173 -3: /home/alex/VistaColosseum/.worktrees/br-2026-10-04-p0-queue/baton-runner/br-2026-10-04-p0-queue/review-phase-7-iter-1-probe/mut-app/test/home_screen_test.dart: asset trade renders without overflow on iPhone 15 393x852
00:26 +174 -3: /home/alex/VistaColosseum/.worktrees/br-2026-10-04-p0-queue/baton-runner/br-2026-10-04-p0-queue/review-phase-7-iter-1-probe/mut-app/test/home_screen_test.dart: asset trade renders without overflow on Pixel 7 412x915
00:26 +175 -3: /home/alex/VistaColosseum/.worktrees/br-2026-10-04-p0-queue/baton-runner/br-2026-10-04-p0-queue/review-phase-7-iter-1-probe/mut-app/test/home_screen_test.dart: asset trade renders without overflow on iPhone 15 Pro Max 430x932
00:26 +176 -3: /home/alex/VistaColosseum/.worktrees/br-2026-10-04-p0-queue/baton-runner/br-2026-10-04-p0-queue/review-phase-7-iter-1-probe/mut-app/test/home_screen_test.dart: position sheet tapping a position slides its sheet up
00:27 +177 -3: /home/alex/VistaColosseum/.worktrees/br-2026-10-04-p0-queue/baton-runner/br-2026-10-04-p0-queue/review-phase-7-iter-1-probe/mut-app/test/home_screen_test.dart: position sheet a short puts stop-loss above entry
00:27 +178 -3: /home/alex/VistaColosseum/.worktrees/br-2026-10-04-p0-queue/baton-runner/br-2026-10-04-p0-queue/review-phase-7-iter-1-probe/mut-app/test/home_screen_test.dart: position sheet renders without overflow on small Android 360x640
00:27 +179 -3: /home/alex/VistaColosseum/.worktrees/br-2026-10-04-p0-queue/baton-runner/br-2026-10-04-p0-queue/review-phase-7-iter-1-probe/mut-app/test/home_screen_test.dart: position sheet renders without overflow on iPhone SE 375x667
00:27 +180 -3: /home/alex/VistaColosseum/.worktrees/br-2026-10-04-p0-queue/baton-runner/br-2026-10-04-p0-queue/review-phase-7-iter-1-probe/mut-app/test/home_screen_test.dart: position sheet renders without overflow on iPhone 15 393x852
00:27 +181 -3: /home/alex/VistaColosseum/.worktrees/br-2026-10-04-p0-queue/baton-runner/br-2026-10-04-p0-queue/review-phase-7-iter-1-probe/mut-app/test/home_screen_test.dart: position sheet renders without overflow on Pixel 7 412x915
00:27 +182 -3: /home/alex/VistaColosseum/.worktrees/br-2026-10-04-p0-queue/baton-runner/br-2026-10-04-p0-queue/review-phase-7-iter-1-probe/mut-app/test/home_screen_test.dart: position sheet renders without overflow on iPhone 15 Pro Max 430x932
00:28 +183 -3: /home/alex/VistaColosseum/.worktrees/br-2026-10-04-p0-queue/baton-runner/br-2026-10-04-p0-queue/review-phase-7-iter-1-probe/mut-app/test/home_screen_test.dart: make a market the span drives the portfolio chart and its change
00:28 +184 -3: /home/alex/VistaColosseum/.worktrees/br-2026-10-04-p0-queue/baton-runner/br-2026-10-04-p0-queue/review-phase-7-iter-1-probe/mut-app/test/home_screen_test.dart: make a market without a market Portfolio offers Make a market
00:28 +185 -3: /home/alex/VistaColosseum/.worktrees/br-2026-10-04-p0-queue/baton-runner/br-2026-10-04-p0-queue/review-phase-7-iter-1-probe/mut-app/test/home_screen_test.dart: make a market the ticker field starts from the store's ticker
unhandled element <filter/>; Picture key: Svg loader
00:28 +186 -3: /home/alex/VistaColosseum/.worktrees/br-2026-10-04-p0-queue/baton-runner/br-2026-10-04-p0-queue/review-phase-7-iter-1-probe/mut-app/test/home_screen_test.dart: make a market create → consent → live lists the market
00:29 +187 -3: /home/alex/VistaColosseum/.worktrees/br-2026-10-04-p0-queue/baton-runner/br-2026-10-04-p0-queue/review-phase-7-iter-1-probe/mut-app/test/home_screen_test.dart: make a market flow renders without overflow on small Android 360x640
00:29 +188 -3: /home/alex/VistaColosseum/.worktrees/br-2026-10-04-p0-queue/baton-runner/br-2026-10-04-p0-queue/review-phase-7-iter-1-probe/mut-app/test/home_screen_test.dart: make a market flow renders without overflow on iPhone SE 375x667
00:29 +189 -3: /home/alex/VistaColosseum/.worktrees/br-2026-10-04-p0-queue/baton-runner/br-2026-10-04-p0-queue/review-phase-7-iter-1-probe/mut-app/test/home_screen_test.dart: make a market flow renders without overflow on iPhone 15 393x852
00:30 +190 -3: /home/alex/VistaColosseum/.worktrees/br-2026-10-04-p0-queue/baton-runner/br-2026-10-04-p0-queue/review-phase-7-iter-1-probe/mut-app/test/home_screen_test.dart: make a market flow renders without overflow on Pixel 7 412x915
00:30 +191 -3: /home/alex/VistaColosseum/.worktrees/br-2026-10-04-p0-queue/baton-runner/br-2026-10-04-p0-queue/review-phase-7-iter-1-probe/mut-app/test/home_screen_test.dart: make a market flow renders without overflow on iPhone 15 Pro Max 430x932
00:30 +192 -3: /home/alex/VistaColosseum/.worktrees/br-2026-10-04-p0-queue/baton-runner/br-2026-10-04-p0-queue/review-phase-7-iter-1-probe/mut-app/test/home_screen_test.dart: settings gear opens Settings; notification switches update summary
00:30 +193 -3: /home/alex/VistaColosseum/.worktrees/br-2026-10-04-p0-queue/baton-runner/br-2026-10-04-p0-queue/review-phase-7-iter-1-probe/mut-app/test/home_screen_test.dart: settings Display settings change the charts and the Long side
00:31 +194 -3: /home/alex/VistaColosseum/.worktrees/br-2026-10-04-p0-queue/baton-runner/br-2026-10-04-p0-queue/review-phase-7-iter-1-probe/mut-app/test/home_screen_test.dart: settings renders every section without overflow on small Android 360x640
00:31 +195 -3: /home/alex/VistaColosseum/.worktrees/br-2026-10-04-p0-queue/baton-runner/br-2026-10-04-p0-queue/review-phase-7-iter-1-probe/mut-app/test/home_screen_test.dart: settings renders every section without overflow on iPhone SE 375x667
00:31 +196 -3: /home/alex/VistaColosseum/.worktrees/br-2026-10-04-p0-queue/baton-runner/br-2026-10-04-p0-queue/review-phase-7-iter-1-probe/mut-app/test/home_screen_test.dart: settings renders every section without overflow on iPhone 15 393x852
00:31 +197 -3: /home/alex/VistaColosseum/.worktrees/br-2026-10-04-p0-queue/baton-runner/br-2026-10-04-p0-queue/review-phase-7-iter-1-probe/mut-app/test/home_screen_test.dart: settings renders every section without overflow on Pixel 7 412x915
00:32 +198 -3: /home/alex/VistaColosseum/.worktrees/br-2026-10-04-p0-queue/baton-runner/br-2026-10-04-p0-queue/review-phase-7-iter-1-probe/mut-app/test/home_screen_test.dart: settings renders every section without overflow on iPhone 15 Pro Max 430x932
00:32 +199 -3: /home/alex/VistaColosseum/.worktrees/br-2026-10-04-p0-queue/baton-runner/br-2026-10-04-p0-queue/review-phase-7-iter-1-probe/mut-app/test/home_screen_test.dart: home card replay follows the Candles / Line setting
00:32 +200 -3: /home/alex/VistaColosseum/.worktrees/br-2026-10-04-p0-queue/baton-runner/br-2026-10-04-p0-queue/review-phase-7-iter-1-probe/mut-app/test/home_screen_test.dart: replay moves the header price with the chart, events get haptics, and it lands on the live figures
00:32 +201 -3: /home/alex/VistaColosseum/.worktrees/br-2026-10-04-p0-queue/baton-runner/br-2026-10-04-p0-queue/review-phase-7-iter-1-probe/mut-app/test/home_screen_test.dart: open orders cards show the order details; Cancel removes, Undo restores
00:32 +202 -3: /home/alex/VistaColosseum/.worktrees/br-2026-10-04-p0-queue/baton-runner/br-2026-10-04-p0-queue/review-phase-7-iter-1-probe/mut-app/test/home_screen_test.dart: open orders renders without overflow on small Android 360x640
00:33 +203 -3: /home/alex/VistaColosseum/.worktrees/br-2026-10-04-p0-queue/baton-runner/br-2026-10-04-p0-queue/review-phase-7-iter-1-probe/mut-app/test/home_screen_test.dart: open orders renders without overflow on iPhone SE 375x667
00:33 +204 -3: /home/alex/VistaColosseum/.worktrees/br-2026-10-04-p0-queue/baton-runner/br-2026-10-04-p0-queue/review-phase-7-iter-1-probe/mut-app/test/home_screen_test.dart: open orders renders without overflow on iPhone 15 393x852
00:33 +205 -3: /home/alex/VistaColosseum/.worktrees/br-2026-10-04-p0-queue/baton-runner/br-2026-10-04-p0-queue/review-phase-7-iter-1-probe/mut-app/test/home_screen_test.dart: open orders renders without overflow on Pixel 7 412x915
00:33 +206 -3: /home/alex/VistaColosseum/.worktrees/br-2026-10-04-p0-queue/baton-runner/br-2026-10-04-p0-queue/review-phase-7-iter-1-probe/mut-app/test/home_screen_test.dart: open orders renders without overflow on iPhone 15 Pro Max 430x932
00:33 +207 -3: /home/alex/VistaColosseum/.worktrees/br-2026-10-04-p0-queue/baton-runner/br-2026-10-04-p0-queue/review-phase-7-iter-1-probe/mut-app/test/home_screen_test.dart: markets everywhere one ETH price on Home, Explore and the trade page
00:33 +208 -3: /home/alex/VistaColosseum/.worktrees/br-2026-10-04-p0-queue/baton-runner/br-2026-10-04-p0-queue/review-phase-7-iter-1-probe/mut-app/test/home_screen_test.dart: markets everywhere the feed has one call on every market Explore offers
00:33 +209 -3: /home/alex/VistaColosseum/.worktrees/br-2026-10-04-p0-queue/baton-runner/br-2026-10-04-p0-queue/review-phase-7-iter-1-probe/mut-app/test/home_screen_test.dart: markets everywhere generated replays are repeatable and fit the frame
00:33 +210 -3: /home/alex/VistaColosseum/.worktrees/br-2026-10-04-p0-queue/baton-runner/br-2026-10-04-p0-queue/review-phase-7-iter-1-probe/mut-app/test/home_screen_test.dart: markets everywhere a trader-market card opens that trader market
00:33 +211 -3: /home/alex/VistaColosseum/.worktrees/br-2026-10-04-p0-queue/baton-runner/br-2026-10-04-p0-queue/review-phase-7-iter-1-probe/mut-app/test/home_screen_test.dart: order ticket Long opens the ticket; a limit order lands in Open orders
00:34 +212 -3: /home/alex/VistaColosseum/.worktrees/br-2026-10-04-p0-queue/baton-runner/br-2026-10-04-p0-queue/review-phase-7-iter-1-probe/mut-app/test/home_screen_test.dart: order ticket a size beyond the margin blocks the order
00:34 +213 -3: /home/alex/VistaColosseum/.worktrees/br-2026-10-04-p0-queue/baton-runner/br-2026-10-04-p0-queue/review-phase-7-iter-1-probe/mut-app/test/home_screen_test.dart: order ticket Arena Bull and Home Long open the ticket on that side
00:34 +214 -3: /home/alex/VistaColosseum/.worktrees/br-2026-10-04-p0-queue/baton-runner/br-2026-10-04-p0-queue/review-phase-7-iter-1-probe/mut-app/test/home_screen_test.dart: order ticket leverage is picked on a horizontal slider
00:34 +215 -3: /home/alex/VistaColosseum/.worktrees/br-2026-10-04-p0-queue/baton-runner/br-2026-10-04-p0-queue/review-phase-7-iter-1-probe/mut-app/test/home_screen_test.dart: order ticket ticket renders without overflow on small Android 360x640
00:34 +216 -3: /home/alex/VistaColosseum/.worktrees/br-2026-10-04-p0-queue/baton-runner/br-2026-10-04-p0-queue/review-phase-7-iter-1-probe/mut-app/test/home_screen_test.dart: order ticket ticket renders without overflow on iPhone SE 375x667
00:34 +217 -3: /home/alex/VistaColosseum/.worktrees/br-2026-10-04-p0-queue/baton-runner/br-2026-10-04-p0-queue/review-phase-7-iter-1-probe/mut-app/test/home_screen_test.dart: order ticket ticket renders without overflow on iPhone 15 393x852
00:34 +218 -3: /home/alex/VistaColosseum/.worktrees/br-2026-10-04-p0-queue/baton-runner/br-2026-10-04-p0-queue/review-phase-7-iter-1-probe/mut-app/test/home_screen_test.dart: order ticket ticket renders without overflow on Pixel 7 412x915
00:34 +219 -3: /home/alex/VistaColosseum/.worktrees/br-2026-10-04-p0-queue/baton-runner/br-2026-10-04-p0-queue/review-phase-7-iter-1-probe/mut-app/test/home_screen_test.dart: order ticket ticket renders without overflow on iPhone 15 Pro Max 430x932
00:34 +220 -3: /home/alex/VistaColosseum/.worktrees/br-2026-10-04-p0-queue/baton-runner/br-2026-10-04-p0-queue/review-phase-7-iter-1-probe/mut-app/test/home_screen_test.dart: order ticket Set applies leverage at 1.3x text on small Android 360x640
00:34 +221 -3: /home/alex/VistaColosseum/.worktrees/br-2026-10-04-p0-queue/baton-runner/br-2026-10-04-p0-queue/review-phase-7-iter-1-probe/mut-app/test/home_screen_test.dart: order ticket Set applies leverage at 1.3x text on iPhone SE 375x667
00:34 +222 -3: /home/alex/VistaColosseum/.worktrees/br-2026-10-04-p0-queue/baton-runner/br-2026-10-04-p0-queue/review-phase-7-iter-1-probe/mut-app/test/home_screen_test.dart: share call Share opens the sheet with what the recipient will see
00:34 +223 -3: /home/alex/VistaColosseum/.worktrees/br-2026-10-04-p0-queue/baton-runner/br-2026-10-04-p0-queue/review-phase-7-iter-1-probe/mut-app/test/home_screen_test.dart: share call sheet renders without overflow on small Android 360x640
00:34 +224 -3: /home/alex/VistaColosseum/.worktrees/br-2026-10-04-p0-queue/baton-runner/br-2026-10-04-p0-queue/review-phase-7-iter-1-probe/mut-app/test/home_screen_test.dart: share call sheet renders without overflow on iPhone SE 375x667
00:35 +225 -3: /home/alex/VistaColosseum/.worktrees/br-2026-10-04-p0-queue/baton-runner/br-2026-10-04-p0-queue/review-phase-7-iter-1-probe/mut-app/test/home_screen_test.dart: share call sheet renders without overflow on iPhone 15 393x852
00:35 +226 -3: /home/alex/VistaColosseum/.worktrees/br-2026-10-04-p0-queue/baton-runner/br-2026-10-04-p0-queue/review-phase-7-iter-1-probe/mut-app/test/home_screen_test.dart: share call sheet renders without overflow on Pixel 7 412x915
00:35 +227 -3: /home/alex/VistaColosseum/.worktrees/br-2026-10-04-p0-queue/baton-runner/br-2026-10-04-p0-queue/review-phase-7-iter-1-probe/mut-app/test/home_screen_test.dart: share call sheet renders without overflow on iPhone 15 Pro Max 430x932
00:35 +228 -3: /home/alex/VistaColosseum/.worktrees/br-2026-10-04-p0-queue/baton-runner/br-2026-10-04-p0-queue/review-phase-7-iter-1-probe/mut-app/test/home_screen_test.dart: people in the rail shows the people-in count and opens who is in
00:35 +229 -3: /home/alex/VistaColosseum/.worktrees/br-2026-10-04-p0-queue/baton-runner/br-2026-10-04-p0-queue/review-phase-7-iter-1-probe/mut-app/test/home_screen_test.dart: people in Like starts as an outline and turns red when pressed
00:35 +230 -3: /home/alex/VistaColosseum/.worktrees/br-2026-10-04-p0-queue/baton-runner/br-2026-10-04-p0-queue/review-phase-7-iter-1-probe/mut-app/test/home_screen_test.dart: people in sheet renders without overflow on small Android 360x640
00:36 +231 -3: /home/alex/VistaColosseum/.worktrees/br-2026-10-04-p0-queue/baton-runner/br-2026-10-04-p0-queue/review-phase-7-iter-1-probe/mut-app/test/home_screen_test.dart: people in sheet renders without overflow on iPhone SE 375x667
00:36 +232 -3: /home/alex/VistaColosseum/.worktrees/br-2026-10-04-p0-queue/baton-runner/br-2026-10-04-p0-queue/review-phase-7-iter-1-probe/mut-app/test/home_screen_test.dart: people in sheet renders without overflow on iPhone 15 393x852
00:36 +233 -3: /home/alex/VistaColosseum/.worktrees/br-2026-10-04-p0-queue/baton-runner/br-2026-10-04-p0-queue/review-phase-7-iter-1-probe/mut-app/test/home_screen_test.dart: people in sheet renders without overflow on Pixel 7 412x915
00:36 +234 -3: /home/alex/VistaColosseum/.worktrees/br-2026-10-04-p0-queue/baton-runner/br-2026-10-04-p0-queue/review-phase-7-iter-1-probe/mut-app/test/home_screen_test.dart: people in sheet renders without overflow on iPhone 15 Pro Max 430x932
00:36 +235 -3: /home/alex/VistaColosseum/.worktrees/br-2026-10-04-p0-queue/baton-runner/br-2026-10-04-p0-queue/review-phase-7-iter-1-probe/mut-app/test/home_screen_test.dart: feed order ticket opens simple: market, 2x, $200, TP/SL on
00:36 +236 -3: /home/alex/VistaColosseum/.worktrees/br-2026-10-04-p0-queue/baton-runner/br-2026-10-04-p0-queue/review-phase-7-iter-1-probe/mut-app/test/home_screen_test.dart: feed order ticket custom opens the leverage slider
00:36 +237 -3: /home/alex/VistaColosseum/.worktrees/br-2026-10-04-p0-queue/baton-runner/br-2026-10-04-p0-queue/review-phase-7-iter-1-probe/mut-app/test/home_screen_test.dart: feed order ticket a limit order lands in Open orders
00:37 +238 -3: /home/alex/VistaColosseum/.worktrees/br-2026-10-04-p0-queue/baton-runner/br-2026-10-04-p0-queue/review-phase-7-iter-1-probe/mut-app/test/home_screen_test.dart: feed order ticket the amount slider snaps to its 20% stops
00:37 +239 -3: /home/alex/VistaColosseum/.worktrees/br-2026-10-04-p0-queue/baton-runner/br-2026-10-04-p0-queue/review-phase-7-iter-1-probe/mut-app/test/home_screen_test.dart: feed order ticket an amount over the balance blocks the order
00:37 +240 -3: /home/alex/VistaColosseum/.worktrees/br-2026-10-04-p0-queue/baton-runner/br-2026-10-04-p0-queue/review-phase-7-iter-1-probe/mut-app/test/home_screen_test.dart: feed order ticket renders without overflow on small Android 360x640
00:37 +241 -3: /home/alex/VistaColosseum/.worktrees/br-2026-10-04-p0-queue/baton-runner/br-2026-10-04-p0-queue/review-phase-7-iter-1-probe/mut-app/test/home_screen_test.dart: feed order ticket renders without overflow on iPhone SE 375x667
00:37 +242 -3: /home/alex/VistaColosseum/.worktrees/br-2026-10-04-p0-queue/baton-runner/br-2026-10-04-p0-queue/review-phase-7-iter-1-probe/mut-app/test/home_screen_test.dart: feed order ticket renders without overflow on iPhone 15 393x852
00:37 +243 -3: /home/alex/VistaColosseum/.worktrees/br-2026-10-04-p0-queue/baton-runner/br-2026-10-04-p0-queue/review-phase-7-iter-1-probe/mut-app/test/home_screen_test.dart: feed order ticket renders without overflow on Pixel 7 412x915
00:37 +244 -3: /home/alex/VistaColosseum/.worktrees/br-2026-10-04-p0-queue/baton-runner/br-2026-10-04-p0-queue/review-phase-7-iter-1-probe/mut-app/test/home_screen_test.dart: feed order ticket renders without overflow on iPhone 15 Pro Max 430x932
00:37 +245 -3: /home/alex/VistaColosseum/.worktrees/br-2026-10-04-p0-queue/baton-runner/br-2026-10-04-p0-queue/review-phase-7-iter-1-probe/mut-app/test/home_screen_test.dart: feed order ticket custom leverage applies at 1.3x text on small Android 360x640
00:38 +246 -3: /home/alex/VistaColosseum/.worktrees/br-2026-10-04-p0-queue/baton-runner/br-2026-10-04-p0-queue/review-phase-7-iter-1-probe/mut-app/test/home_screen_test.dart: feed order ticket custom leverage applies at 1.3x text on iPhone SE 375x667
00:38 +247 -3: /home/alex/VistaColosseum/.worktrees/br-2026-10-04-p0-queue/baton-runner/br-2026-10-04-p0-queue/review-phase-7-iter-1-probe/mut-app/test/home_screen_test.dart: trade page Alerts lists the feed alerts on that market
00:38 +248 -3: /home/alex/VistaColosseum/.worktrees/br-2026-10-04-p0-queue/baton-runner/br-2026-10-04-p0-queue/review-phase-7-iter-1-probe/mut-app/test/home_screen_test.dart: simulation indicator the pill shows on every tab without overflow on the smallest phone at 1.0x text
00:38 +249 -3: /home/alex/VistaColosseum/.worktrees/br-2026-10-04-p0-queue/baton-runner/br-2026-10-04-p0-queue/review-phase-7-iter-1-probe/mut-app/test/home_screen_test.dart: simulation indicator the pill shows on every tab without overflow on the smallest phone at 1.3x text
00:38 +250 -3: /home/alex/VistaColosseum/.worktrees/br-2026-10-04-p0-queue/baton-runner/br-2026-10-04-p0-queue/review-phase-7-iter-1-probe/mut-app/test/home_screen_test.dart: simulation indicator the pill shows on every tab and inside both order tickets on iPhone SE 375x667
00:39 +251 -3: /home/alex/VistaColosseum/.worktrees/br-2026-10-04-p0-queue/baton-runner/br-2026-10-04-p0-queue/review-phase-7-iter-1-probe/mut-app/test/home_screen_test.dart: simulation indicator the pill shows in the make-market flow on iPhone SE 375x667
00:39 +252 -3: /home/alex/VistaColosseum/.worktrees/br-2026-10-04-p0-queue/baton-runner/br-2026-10-04-p0-queue/review-phase-7-iter-1-probe/mut-app/test/home_screen_test.dart: simulation indicator the pill shows on every tab and inside both order tickets on iPhone 14 390x844
00:39 +253 -3: /home/alex/VistaColosseum/.worktrees/br-2026-10-04-p0-queue/baton-runner/br-2026-10-04-p0-queue/review-phase-7-iter-1-probe/mut-app/test/home_screen_test.dart: simulation indicator the pill shows in the make-market flow on iPhone 14 390x844
00:39 +254 -3: /home/alex/VistaColosseum/.worktrees/br-2026-10-04-p0-queue/baton-runner/br-2026-10-04-p0-queue/review-phase-7-iter-1-probe/mut-app/test/home_screen_test.dart: simulation indicator the pill sits above the safe area and the keyboard, opens one note, and toasts clear it
00:40 +255 -3: /home/alex/VistaColosseum/.worktrees/br-2026-10-04-p0-queue/baton-runner/br-2026-10-04-p0-queue/review-phase-7-iter-1-probe/mut-app/test/home_screen_test.dart: simulation indicator Reset demo from the pill closes the sheets and routes built on the old state, and its toast shows
00:40 +256 -3: /home/alex/VistaColosseum/.worktrees/br-2026-10-04-p0-queue/baton-runner/br-2026-10-04-p0-queue/review-phase-7-iter-1-probe/mut-app/test/home_screen_test.dart: maker suggestion two are seeded on the demo clock, one live and one expired, each from Maker and between two idea cards
00:40 +257 -3: /home/alex/VistaColosseum/.worktrees/br-2026-10-04-p0-queue/baton-runner/br-2026-10-04-p0-queue/review-phase-7-iter-1-probe/mut-app/test/home_screen_test.dart: maker suggestion both cards render without overflow on small Android 360x640 at 1.0x text
00:40 +258 -3: /home/alex/VistaColosseum/.worktrees/br-2026-10-04-p0-queue/baton-runner/br-2026-10-04-p0-queue/review-phase-7-iter-1-probe/mut-app/test/home_screen_test.dart: maker suggestion both cards render without overflow on iPhone SE 375x667 at 1.0x text
00:40 +259 -3: /home/alex/VistaColosseum/.worktrees/br-2026-10-04-p0-queue/baton-runner/br-2026-10-04-p0-queue/review-phase-7-iter-1-probe/mut-app/test/home_screen_test.dart: maker suggestion both cards render without overflow on iPhone 15 393x852 at 1.0x text
00:40 +260 -3: /home/alex/VistaColosseum/.worktrees/br-2026-10-04-p0-queue/baton-runner/br-2026-10-04-p0-queue/review-phase-7-iter-1-probe/mut-app/test/home_screen_test.dart: maker suggestion both cards render without overflow on Pixel 7 412x915 at 1.0x text
00:40 +261 -3: /home/alex/VistaColosseum/.worktrees/br-2026-10-04-p0-queue/baton-runner/br-2026-10-04-p0-queue/review-phase-7-iter-1-probe/mut-app/test/home_screen_test.dart: maker suggestion both cards render without overflow on iPhone 15 Pro Max 430x932 at 1.0x text
00:40 +262 -3: /home/alex/VistaColosseum/.worktrees/br-2026-10-04-p0-queue/baton-runner/br-2026-10-04-p0-queue/review-phase-7-iter-1-probe/mut-app/test/home_screen_test.dart: maker suggestion both cards render without overflow on small Android 360x640 at 1.3x text
00:41 +263 -3: /home/alex/VistaColosseum/.worktrees/br-2026-10-04-p0-queue/baton-runner/br-2026-10-04-p0-queue/review-phase-7-iter-1-probe/mut-app/test/home_screen_test.dart: maker suggestion both cards render without overflow on iPhone SE 375x667 at 1.3x text
00:41 +264 -3: /home/alex/VistaColosseum/.worktrees/br-2026-10-04-p0-queue/baton-runner/br-2026-10-04-p0-queue/review-phase-7-iter-1-probe/mut-app/test/home_screen_test.dart: maker suggestion both cards render without overflow on iPhone 15 393x852 at 1.3x text
00:41 +265 -3: /home/alex/VistaColosseum/.worktrees/br-2026-10-04-p0-queue/baton-runner/br-2026-10-04-p0-queue/review-phase-7-iter-1-probe/mut-app/test/home_screen_test.dart: maker suggestion both cards render without overflow on Pixel 7 412x915 at 1.3x text
00:41 +266 -3: /home/alex/VistaColosseum/.worktrees/br-2026-10-04-p0-queue/baton-runner/br-2026-10-04-p0-queue/review-phase-7-iter-1-probe/mut-app/test/home_screen_test.dart: maker suggestion both cards render without overflow on iPhone 15 Pro Max 430x932 at 1.3x text
00:41 +267 -3: /home/alex/VistaColosseum/.worktrees/br-2026-10-04-p0-queue/baton-runner/br-2026-10-04-p0-queue/review-phase-7-iter-1-probe/mut-app/test/home_screen_test.dart: maker suggestion Trade this opens the ticket on the suggestion's asset and side
00:41 +268 -3: /home/alex/VistaColosseum/.worktrees/br-2026-10-04-p0-queue/baton-runner/br-2026-10-04-p0-queue/review-phase-7-iter-1-probe/mut-app/test/home_screen_test.dart: maker suggestion a card follows the demo clock, and Trade this opens the ticket on that suggestion's asset and side
00:41 +269 -3: /home/alex/VistaColosseum/.worktrees/br-2026-10-04-p0-queue/baton-runner/br-2026-10-04-p0-queue/review-phase-7-iter-1-probe/mut-app/test/home_screen_test.dart: maker suggestion an expired suggestion says Expired, is disabled and opens no ticket, so nothing can be confirmed
00:41 +270 -3: /home/alex/VistaColosseum/.worktrees/br-2026-10-04-p0-queue/baton-runner/br-2026-10-04-p0-queue/review-phase-7-iter-1-probe/mut-app/test/home_screen_test.dart: maker suggestion viewing both suggestions and opening the ticket leave the store untouched
00:41 +271 -3: /home/alex/VistaColosseum/.worktrees/br-2026-10-04-p0-queue/baton-runner/br-2026-10-04-p0-queue/review-phase-7-iter-1-probe/mut-app/test/home_screen_test.dart: (tearDownAll)
00:42 +271 -3: Some tests failed.

Failing tests:
  /home/alex/VistaColosseum/.worktrees/br-2026-10-04-p0-queue/baton-runner/br-2026-10-04-p0-queue/review-phase-7-iter-1-probe/mut-app/test/trader_record_test.dart: the record panel renders without overflow at 1.3x on every phone, its last call clear of the pill
  /home/alex/VistaColosseum/.worktrees/br-2026-10-04-p0-queue/baton-runner/br-2026-10-04-p0-queue/review-phase-7-iter-1-probe/mut-app/test/trader_record_test.dart: the trader-market Record panel lists the trader's call receipts and an item opens its receipt
  /home/alex/VistaColosseum/.worktrees/br-2026-10-04-p0-queue/baton-runner/br-2026-10-04-p0-queue/review-phase-7-iter-1-probe/mut-app/test/trader_record_test.dart: zero-history trader → unavailable state, no crash
