Resolving dependencies...
Downloading packages...
  material_color_utilities 0.13.0 (0.13.1 available)
  meta 1.18.3 (1.19.0 available)
  petitparser 7.0.2 (7.1.0 available)
  test_api 0.7.12 (0.7.14 available)
  vector_math 2.4.0 (2.4.3 available)
  xml 7.0.1 (7.1.0 available)
Got dependencies!
6 packages have newer versions incompatible with dependency constraints.
Try `flutter pub outdated` for more information.
00:00 +0: loading /home/alex/VistaColosseum/.worktrees/br-2026-10-04-p0-queue/app/test/trader_record_test.dart
00:00 +0: (setUpAll)
00:00 +0: two traders, same outcomes, different sizes → equal metrics
00:00 +0 -1: two traders, same outcomes, different sizes → equal metrics [E]
  Expected: non-empty
    Actual: []
  
  package:matcher                                     expect
  package:flutter_test/src/widget_tester.dart 473:18  expect
  test/trader_record_test.dart 109:5                  main.<fn>
  
00:00 +0 -1: the hit rate is an integer percent rounded half up, read from the call receipts and the clock at the time of asking
00:00 +1 -1: both traders' panels show the same sample size, hit rate and as-of time above the index chart
══╡ EXCEPTION CAUGHT BY FLUTTER TEST FRAMEWORK ╞════════════════════════════════════════════════════
The following TestFailure was thrown running a test:
Expected: exactly one matching candidate
  Actual: _DescendantWidgetFinder:<Found 0 widgets with text "Illustrative index · based on 3
settled calls · as of 26 Sep 14:45" descending from widgets with widget matching predicate: []>
   Which: means none were found but one was expected

When the exception was thrown, this was the stack:
#4      main.<anonymous closure> (file:///home/alex/VistaColosseum/.worktrees/br-2026-10-04-p0-queue/app/test/trader_record_test.dart:174:7)
<asynchronous suspension>
#5      testWidgets.<anonymous closure>.<anonymous closure> (package:flutter_test/src/widget_tester.dart:192:15)
<asynchronous suspension>
#6      TestWidgetsFlutterBinding._runTestBody (package:flutter_test/src/binding.dart:1953:5)
<asynchronous suspension>
<asynchronous suspension>
(elided one frame from package:stack_trace)

This was caught by the test expectation on the following line:
  file:///home/alex/VistaColosseum/.worktrees/br-2026-10-04-p0-queue/app/test/trader_record_test.dart line 174
The test description was:
  both traders' panels show the same sample size, hit rate and as-of time above the index chart
════════════════════════════════════════════════════════════════════════════════════════════════════
00:00 +1 -2: both traders' panels show the same sample size, hit rate and as-of time above the index chart [E]
  Test failed. See exception logs above.
  The test description was: both traders' panels show the same sample size, hit rate and as-of time above the index chart
  
00:00 +1 -2: zero-history trader → unavailable state, no crash
══╡ EXCEPTION CAUGHT BY FLUTTER TEST FRAMEWORK ╞════════════════════════════════════════════════════
The following TestFailure was thrown running a test:
Expected: non-empty
  Actual: []

When the exception was thrown, this was the stack:
#4      main.<anonymous closure> (file:///home/alex/VistaColosseum/.worktrees/br-2026-10-04-p0-queue/app/test/trader_record_test.dart:185:5)
#5      testWidgets.<anonymous closure>.<anonymous closure> (package:flutter_test/src/widget_tester.dart:192:29)
<asynchronous suspension>
#6      TestWidgetsFlutterBinding._runTestBody (package:flutter_test/src/binding.dart:1953:5)
<asynchronous suspension>
<asynchronous suspension>
(elided one frame from package:stack_trace)

This was caught by the test expectation on the following line:
  file:///home/alex/VistaColosseum/.worktrees/br-2026-10-04-p0-queue/app/test/trader_record_test.dart line 185
The test description was:
  zero-history trader → unavailable state, no crash
════════════════════════════════════════════════════════════════════════════════════════════════════
00:00 +1 -3: zero-history trader → unavailable state, no crash [E]
  Test failed. See exception logs above.
  The test description was: zero-history trader → unavailable state, no crash
  
00:00 +1 -3: the record panel renders without overflow at 1.3x on every phone, its last call clear of the pill
══╡ EXCEPTION CAUGHT BY FLUTTER TEST FRAMEWORK ╞════════════════════════════════════════════════════
The following StateError was thrown running a test:
Bad state: No element

When the exception was thrown, this was the stack:
#0      Iterable.single (dart:core/iterable.dart:694:25)
#1      WidgetController.element (package:flutter_test/src/controller.dart:888:30)
#2      WidgetController.dragUntilVisible.<anonymous closure> (package:flutter_test/src/controller.dart:2489:38)
<asynchronous suspension>
#3      TestAsyncUtils.guard.<anonymous closure> (package:flutter_test/src/test_async_utils.dart:130:27)
<asynchronous suspension>
#4      WidgetController.scrollUntilVisible.<anonymous closure> (package:flutter_test/src/controller.dart:2439:7)
<asynchronous suspension>
#5      TestAsyncUtils.guard.<anonymous closure> (package:flutter_test/src/test_async_utils.dart:130:27)
<asynchronous suspension>
#6      main.<anonymous closure> (file:///home/alex/VistaColosseum/.worktrees/br-2026-10-04-p0-queue/app/test/trader_record_test.dart:229:7)
<asynchronous suspension>
#7      testWidgets.<anonymous closure>.<anonymous closure> (package:flutter_test/src/widget_tester.dart:192:15)
<asynchronous suspension>
#8      TestWidgetsFlutterBinding._runTestBody (package:flutter_test/src/binding.dart:1953:5)
<asynchronous suspension>
<asynchronous suspension>
(elided one frame from package:stack_trace)

The test description was:
  the record panel renders without overflow at 1.3x on every phone, its last call clear of the pill
════════════════════════════════════════════════════════════════════════════════════════════════════
00:01 +1 -4: the record panel renders without overflow at 1.3x on every phone, its last call clear of the pill [E]
  Test failed. See exception logs above.
  The test description was: the record panel renders without overflow at 1.3x on every phone, its last call clear of the pill
  
00:01 +1 -4: Profile CALLS lists the trader's own call receipts and each opens its receipt
══╡ EXCEPTION CAUGHT BY FLUTTER TEST FRAMEWORK ╞════════════════════════════════════════════════════
The following TestFailure was thrown running a test:
Expected: no matching candidates
  Actual: _TextWidgetFinder:<Found 1 widget with text "SOL loses $190 by Sep 15": [
            Text("SOL loses $190 by Sep 15", inherit: true, color: Color(alpha: 1.0000, red: 0.9608,
green: 0.9529, blue: 1.0000, colorSpace: ColorSpace.sRGB), family: OpenRunde, size: 15.0, weight:
600, height: 1.2x, dependencies: [DefaultSelectionStyle, DefaultTextStyle, MediaQuery]),
          ]>
   Which: means one was found but none were expected

When the exception was thrown, this was the stack:
#4      main.<anonymous closure> (file:///home/alex/VistaColosseum/.worktrees/br-2026-10-04-p0-queue/app/test/trader_record_test.dart:256:7)
<asynchronous suspension>
#5      testWidgets.<anonymous closure>.<anonymous closure> (package:flutter_test/src/widget_tester.dart:192:15)
<asynchronous suspension>
#6      TestWidgetsFlutterBinding._runTestBody (package:flutter_test/src/binding.dart:1953:5)
<asynchronous suspension>
<asynchronous suspension>
(elided one frame from package:stack_trace)

This was caught by the test expectation on the following line:
  file:///home/alex/VistaColosseum/.worktrees/br-2026-10-04-p0-queue/app/test/trader_record_test.dart line 256
The test description was:
  Profile CALLS lists the trader's own call receipts and each opens its receipt
════════════════════════════════════════════════════════════════════════════════════════════════════
00:01 +1 -5: Profile CALLS lists the trader's own call receipts and each opens its receipt [E]
  Test failed. See exception logs above.
  The test description was: Profile CALLS lists the trader's own call receipts and each opens its receipt
  
00:01 +1 -5: the trader-market Record panel lists the trader's call receipts and an item opens its receipt
══╡ EXCEPTION CAUGHT BY FLUTTER TEST FRAMEWORK ╞════════════════════════════════════════════════════
The following TestFailure was thrown running a test:
Expected: exactly one matching candidate
  Actual: _DescendantWidgetFinder:<Found 0 widgets with text "Illustrative index · based on 3
settled calls · as of 26 Sep 14:45" descending from widgets with widget matching predicate: []>
   Which: means none were found but one was expected

When the exception was thrown, this was the stack:
#4      main.<anonymous closure> (file:///home/alex/VistaColosseum/.worktrees/br-2026-10-04-p0-queue/app/test/trader_record_test.dart:279:5)
<asynchronous suspension>
#5      testWidgets.<anonymous closure>.<anonymous closure> (package:flutter_test/src/widget_tester.dart:192:15)
<asynchronous suspension>
#6      TestWidgetsFlutterBinding._runTestBody (package:flutter_test/src/binding.dart:1953:5)
<asynchronous suspension>
<asynchronous suspension>
(elided one frame from package:stack_trace)

This was caught by the test expectation on the following line:
  file:///home/alex/VistaColosseum/.worktrees/br-2026-10-04-p0-queue/app/test/trader_record_test.dart line 279
The test description was:
  the trader-market Record panel lists the trader's call receipts and an item opens its receipt
════════════════════════════════════════════════════════════════════════════════════════════════════
00:01 +1 -6: the trader-market Record panel lists the trader's call receipts and an item opens its receipt [E]
  Test failed. See exception logs above.
  The test description was: the trader-market Record panel lists the trader's call receipts and an item opens its receipt
  
00:01 +1 -6: feed card trader link opens the record panel
══╡ EXCEPTION CAUGHT BY FLUTTER TEST FRAMEWORK ╞════════════════════════════════════════════════════
The following TestFailure was thrown running a test:
Expected: exactly one matching candidate
  Actual: _DescendantWidgetFinder:<Found 0 widgets with text "Illustrative index · based on 3
settled calls · as of 26 Sep 14:45" descending from widgets with widget matching predicate: []>
   Which: means none were found but one was expected

When the exception was thrown, this was the stack:
#4      main.<anonymous closure> (file:///home/alex/VistaColosseum/.worktrees/br-2026-10-04-p0-queue/app/test/trader_record_test.dart:302:5)
<asynchronous suspension>
#5      testWidgets.<anonymous closure>.<anonymous closure> (package:flutter_test/src/widget_tester.dart:192:15)
<asynchronous suspension>
#6      TestWidgetsFlutterBinding._runTestBody (package:flutter_test/src/binding.dart:1953:5)
<asynchronous suspension>
<asynchronous suspension>
(elided one frame from package:stack_trace)

This was caught by the test expectation on the following line:
  file:///home/alex/VistaColosseum/.worktrees/br-2026-10-04-p0-queue/app/test/trader_record_test.dart line 302
The test description was:
  feed card trader link opens the record panel
════════════════════════════════════════════════════════════════════════════════════════════════════
00:02 +1 -7: feed card trader link opens the record panel [E]
  Test failed. See exception logs above.
  The test description was: feed card trader link opens the record panel
  
00:02 +1 -7: Arena card trader link opens the record panel
══╡ EXCEPTION CAUGHT BY FLUTTER TEST FRAMEWORK ╞════════════════════════════════════════════════════
The following TestFailure was thrown running a test:
Expected: exactly one matching candidate
  Actual: _DescendantWidgetFinder:<Found 0 widgets with text "Illustrative index · based on 3
settled calls · as of 26 Sep 14:45" descending from widgets with widget matching predicate: []>
   Which: means none were found but one was expected

When the exception was thrown, this was the stack:
#4      main.<anonymous closure> (file:///home/alex/VistaColosseum/.worktrees/br-2026-10-04-p0-queue/app/test/trader_record_test.dart:312:5)
<asynchronous suspension>
#5      testWidgets.<anonymous closure>.<anonymous closure> (package:flutter_test/src/widget_tester.dart:192:15)
<asynchronous suspension>
#6      TestWidgetsFlutterBinding._runTestBody (package:flutter_test/src/binding.dart:1953:5)
<asynchronous suspension>
<asynchronous suspension>
(elided one frame from package:stack_trace)

This was caught by the test expectation on the following line:
  file:///home/alex/VistaColosseum/.worktrees/br-2026-10-04-p0-queue/app/test/trader_record_test.dart line 312
The test description was:
  Arena card trader link opens the record panel
════════════════════════════════════════════════════════════════════════════════════════════════════
00:03 +1 -8: Arena card trader link opens the record panel [E]
  Test failed. See exception logs above.
  The test description was: Arena card trader link opens the record panel
  
00:03 +1 -8: (tearDownAll)
00:03 +1 -8: Some tests failed.

Failing tests:
  /home/alex/VistaColosseum/.worktrees/br-2026-10-04-p0-queue/app/test/trader_record_test.dart: Arena card trader link opens the record panel
  /home/alex/VistaColosseum/.worktrees/br-2026-10-04-p0-queue/app/test/trader_record_test.dart: Profile CALLS lists the trader's own call receipts and each opens its receipt
  /home/alex/VistaColosseum/.worktrees/br-2026-10-04-p0-queue/app/test/trader_record_test.dart: both traders' panels show the same sample size, hit rate and as-of time above the index chart
  /home/alex/VistaColosseum/.worktrees/br-2026-10-04-p0-queue/app/test/trader_record_test.dart: feed card trader link opens the record panel
  ... and 4 more
