Resolving dependencies...
Downloading packages...
  material_color_utilities 0.13.0 (0.13.1 available)
  meta 1.18.3 (1.19.0 available)
  petitparser 7.0.2 (7.1.0 available)
  test_api 0.7.12 (0.7.14 available)
  vector_math 2.4.0 (2.4.3 available)
  xml 7.0.1 (7.1.0 available)
Got dependencies!
6 packages have newer versions incompatible with dependency constraints.
Try `flutter pub outdated` for more information.
00:00 +0: loading /home/alex/VistaColosseum/.worktrees/br-2026-10-04-p0-queue/baton-runner/br-2026-10-04-p0-queue/review-phase-8-iter-1-probe/mut-app/test/empty_states_test.dart
00:00 +0: /home/alex/VistaColosseum/.worktrees/br-2026-10-04-p0-queue/baton-runner/br-2026-10-04-p0-queue/review-phase-8-iter-1-probe/mut-app/test/empty_states_test.dart: (setUpAll)
00:00 +0: /home/alex/VistaColosseum/.worktrees/br-2026-10-04-p0-queue/baton-runner/br-2026-10-04-p0-queue/review-phase-8-iter-1-probe/mut-app/test/empty_states_test.dart: every core list renders an emptied scenario without overflow or exception on small Android 360x640 at 1.3x
00:00 +0 -1: /home/alex/VistaColosseum/.worktrees/br-2026-10-04-p0-queue/baton-runner/br-2026-10-04-p0-queue/review-phase-8-iter-1-probe/mut-app/test/empty_states_test.dart: every core list renders an emptied scenario without overflow or exception on small Android 360x640 at 1.3x
00:00 +0 -1: /home/alex/VistaColosseum/.worktrees/br-2026-10-04-p0-queue/baton-runner/br-2026-10-04-p0-queue/review-phase-8-iter-1-probe/mut-app/test/scenario_test.dart: seed → mutate everything → reset equals the fresh seed [E]
  Expected: [
              1248000,
              [
                Instance of 'PortfolioPosition',
                Instance of 'PortfolioPosition',
                Instance of 'PortfolioPosition'
              ],
              [Instance of 'OpenOrder', Instance of 'OpenOrder', Instance of 'OpenOrder'],
              false,
              'MAYA',
              null,
              null,
              Set:[],
              ['BTC', 'ETH', 'SOL'],
              ['maya.eth', 'lunaq', 'deltaone'],
              [
                Instance of 'FollowPerson',
                Instance of 'FollowPerson',
                Instance of 'FollowPerson',
                Instance of 'FollowPerson',
                Instance of 'FollowPerson',
                Instance of 'FollowPerson',
                Instance of 'FollowPerson',
                Instance of 'FollowPerson',
                Instance of 'FollowPerson'
              ],
              [
                Instance of 'FollowPerson',
                Instance of 'FollowPerson',
                Instance of 'FollowPerson',
                Instance of 'FollowPerson',
                Instance of 'FollowPerson',
                Instance of 'FollowPerson',
                Instance of 'FollowPerson',
                Instance of 'FollowPerson',
                Instance of 'FollowPerson'
              ],
              Set:['lunaq', 'kilo.sol', 'mirin'],
              DateTime:2026-09-26 14:45:00.000,
              [],
              Set:['AVAX'],
              {},
              ({int from, String query, int sort, int to}):(from: 0, query: , sort: 0, to: 10),
              [
                Instance of 'FeeEntry',
                Instance of 'FeeEntry',
                Instance of 'FeeEntry',
                Instance of 'FeeEntry',
                Instance of 'FeeEntry'
              ],
              [
                Instance of 'CallReceipt',
                Instance of 'CallReceipt',
                Instance of 'CallReceipt',
                Instance of 'CallReceipt',
                Instance of 'CallReceipt',
                Instance of 'CallReceipt',
                Instance of 'CallReceipt',
                Instance of 'CallReceipt',
                Instance of 'CallReceipt',
                Instance of 'CallReceipt',
                Instance of 'CallReceipt',
                Instance of 'CallReceipt',
                Instance of 'CallReceipt',
                Instance of 'CallReceipt',
                Instance of 'CallReceipt',
                Instance of 'CallReceipt'
              ],
              false
            ]
    Actual: [
              1248000,
              [
                Instance of 'PortfolioPosition',
                Instance of 'PortfolioPosition',
                Instance of 'PortfolioPosition'
              ],
              [Instance of 'OpenOrder', Instance of 'OpenOrder', Instance of 'OpenOrder'],
              false,
              'MAYA',
              null,
              null,
              Set:[],
              ['BTC', 'ETH', 'SOL'],
              ['maya.eth', 'lunaq', 'deltaone'],
              [
                Instance of 'FollowPerson',
                Instance of 'FollowPerson',
                Instance of 'FollowPerson',
                Instance of 'FollowPerson',
                Instance of 'FollowPerson',
                Instance of 'FollowPerson',
                Instance of 'FollowPerson',
                Instance of 'FollowPerson',
                Instance of 'FollowPerson'
              ],
              [
                Instance of 'FollowPerson',
                Instance of 'FollowPerson',
                Instance of 'FollowPerson',
                Instance of 'FollowPerson',
                Instance of 'FollowPerson',
                Instance of 'FollowPerson',
                Instance of 'FollowPerson',
                Instance of 'FollowPerson',
                Instance of 'FollowPerson'
              ],
              Set:['lunaq', 'kilo.sol', 'mirin'],
              DateTime:2026-09-26 14:45:00.000,
              [],
              Set:['AVAX'],
              {},
              ({int from, String query, int sort, int to}):(from: 0, query: , sort: 0, to: 10),
              [
                Instance of 'FeeEntry',
                Instance of 'FeeEntry',
                Instance of 'FeeEntry',
                Instance of 'FeeEntry',
                Instance of 'FeeEntry'
              ],
              [
                Instance of 'CallReceipt',
                Instance of 'CallReceipt',
                Instance of 'CallReceipt',
                Instance of 'CallReceipt',
                Instance of 'CallReceipt',
                Instance of 'CallReceipt',
                Instance of 'CallReceipt',
                Instance of 'CallReceipt',
                Instance of 'CallReceipt',
                Instance of 'CallReceipt',
                Instance of 'CallReceipt',
                Instance of 'CallReceipt',
                Instance of 'CallReceipt',
                Instance of 'CallReceipt',
                Instance of 'CallReceipt',
                Instance of 'CallReceipt'
              ],
              true
            ]
     Which: at location [20] is <true> instead of <false>
  
  package:matcher                                     expect
  package:flutter_test/src/widget_tester.dart 473:18  expect
  test/scenario_test.dart 120:5                       main.<fn>
  
00:00 +0 -2: /home/alex/VistaColosseum/.worktrees/br-2026-10-04-p0-queue/baton-runner/br-2026-10-04-p0-queue/review-phase-8-iter-1-probe/mut-app/test/empty_states_test.dart: every core list renders an emptied scenario without overflow or exception on small Android 360x640 at 1.3x
00:00 +0 -2: /home/alex/VistaColosseum/.worktrees/br-2026-10-04-p0-queue/baton-runner/br-2026-10-04-p0-queue/review-phase-8-iter-1-probe/mut-app/test/scenario_test.dart: reset twice yields equal state [E]
  Expected: [
              1248000,
              [
                Instance of 'PortfolioPosition',
                Instance of 'PortfolioPosition',
                Instance of 'PortfolioPosition'
              ],
              [Instance of 'OpenOrder', Instance of 'OpenOrder', Instance of 'OpenOrder'],
              false,
              'MAYA',
              null,
              null,
              Set:[],
              ['BTC', 'ETH', 'SOL'],
              ['maya.eth', 'lunaq', 'deltaone'],
              [
                Instance of 'FollowPerson',
                Instance of 'FollowPerson',
                Instance of 'FollowPerson',
                Instance of 'FollowPerson',
                Instance of 'FollowPerson',
                Instance of 'FollowPerson',
                Instance of 'FollowPerson',
                Instance of 'FollowPerson',
                Instance of 'FollowPerson'
              ],
              [
                Instance of 'FollowPerson',
                Instance of 'FollowPerson',
                Instance of 'FollowPerson',
                Instance of 'FollowPerson',
                Instance of 'FollowPerson',
                Instance of 'FollowPerson',
                Instance of 'FollowPerson',
                Instance of 'FollowPerson',
                Instance of 'FollowPerson'
              ],
              Set:['lunaq', 'kilo.sol', 'mirin'],
              DateTime:2026-09-26 14:45:00.000,
              [],
              Set:['AVAX'],
              {},
              ({int from, String query, int sort, int to}):(from: 0, query: , sort: 0, to: 10),
              [
                Instance of 'FeeEntry',
                Instance of 'FeeEntry',
                Instance of 'FeeEntry',
                Instance of 'FeeEntry',
                Instance of 'FeeEntry'
              ],
              [
                Instance of 'CallReceipt',
                Instance of 'CallReceipt',
                Instance of 'CallReceipt',
                Instance of 'CallReceipt',
                Instance of 'CallReceipt',
                Instance of 'CallReceipt',
                Instance of 'CallReceipt',
                Instance of 'CallReceipt',
                Instance of 'CallReceipt',
                Instance of 'CallReceipt',
                Instance of 'CallReceipt',
                Instance of 'CallReceipt',
                Instance of 'CallReceipt',
                Instance of 'CallReceipt',
                Instance of 'CallReceipt',
                Instance of 'CallReceipt'
              ],
              false
            ]
    Actual: [
              1248000,
              [
                Instance of 'PortfolioPosition',
                Instance of 'PortfolioPosition',
                Instance of 'PortfolioPosition'
              ],
              [Instance of 'OpenOrder', Instance of 'OpenOrder', Instance of 'OpenOrder'],
              false,
              'MAYA',
              null,
              null,
              Set:[],
              ['BTC', 'ETH', 'SOL'],
              ['maya.eth', 'lunaq', 'deltaone'],
              [
                Instance of 'FollowPerson',
                Instance of 'FollowPerson',
                Instance of 'FollowPerson',
                Instance of 'FollowPerson',
                Instance of 'FollowPerson',
                Instance of 'FollowPerson',
                Instance of 'FollowPerson',
                Instance of 'FollowPerson',
                Instance of 'FollowPerson'
              ],
              [
                Instance of 'FollowPerson',
                Instance of 'FollowPerson',
                Instance of 'FollowPerson',
                Instance of 'FollowPerson',
                Instance of 'FollowPerson',
                Instance of 'FollowPerson',
                Instance of 'FollowPerson',
                Instance of 'FollowPerson',
                Instance of 'FollowPerson'
              ],
              Set:['lunaq', 'kilo.sol', 'mirin'],
              DateTime:2026-09-26 14:45:00.000,
              [],
              Set:['AVAX'],
              {},
              ({int from, String query, int sort, int to}):(from: 0, query: , sort: 0, to: 10),
              [
                Instance of 'FeeEntry',
                Instance of 'FeeEntry',
                Instance of 'FeeEntry',
                Instance of 'FeeEntry',
                Instance of 'FeeEntry'
              ],
              [
                Instance of 'CallReceipt',
                Instance of 'CallReceipt',
                Instance of 'CallReceipt',
                Instance of 'CallReceipt',
                Instance of 'CallReceipt',
                Instance of 'CallReceipt',
                Instance of 'CallReceipt',
                Instance of 'CallReceipt',
                Instance of 'CallReceipt',
                Instance of 'CallReceipt',
                Instance of 'CallReceipt',
                Instance of 'CallReceipt',
                Instance of 'CallReceipt',
                Instance of 'CallReceipt',
                Instance of 'CallReceipt',
                Instance of 'CallReceipt'
              ],
              true
            ]
     Which: at location [20] is <true> instead of <false>
  
  package:matcher                                     expect
  package:flutter_test/src/widget_tester.dart 473:18  expect
  test/scenario_test.dart 129:5                       main.<fn>
  
00:02 +0 -2: /home/alex/VistaColosseum/.worktrees/br-2026-10-04-p0-queue/baton-runner/br-2026-10-04-p0-queue/review-phase-8-iter-1-probe/mut-app/test/scenario_test.dart: Reset demo in Settings restores the fixture, closes Settings and says so
══╡ EXCEPTION CAUGHT BY FLUTTER TEST FRAMEWORK ╞════════════════════════════════════════════════════
The following TestFailure was thrown running a test:
Expected: [
            1248000,
            [
              Instance of 'PortfolioPosition',
              Instance of 'PortfolioPosition',
              Instance of 'PortfolioPosition'
            ],
            [Instance of 'OpenOrder', Instance of 'OpenOrder', Instance of 'OpenOrder'],
            false,
            'MAYA',
            null,
            null,
            Set:[],
            ['BTC', 'ETH', 'SOL'],
            ['maya.eth', 'lunaq', 'deltaone'],
            [
              Instance of 'FollowPerson',
              Instance of 'FollowPerson',
              Instance of 'FollowPerson',
              Instance of 'FollowPerson',
              Instance of 'FollowPerson',
              Instance of 'FollowPerson',
              Instance of 'FollowPerson',
              Instance of 'FollowPerson',
              Instance of 'FollowPerson'
            ],
            [
              Instance of 'FollowPerson',
              Instance of 'FollowPerson',
              Instance of 'FollowPerson',
              Instance of 'FollowPerson',
              Instance of 'FollowPerson',
              Instance of 'FollowPerson',
              Instance of 'FollowPerson',
              Instance of 'FollowPerson',
              Instance of 'FollowPerson'
            ],
            Set:['lunaq', 'kilo.sol', 'mirin'],
            DateTime:2026-09-26 14:45:00.000,
            [],
            Set:['AVAX'],
            {},
            ({int from, String query, int sort, int to}):(from: 0, query: , sort: 0, to: 10),
            [
              Instance of 'FeeEntry',
              Instance of 'FeeEntry',
              Instance of 'FeeEntry',
              Instance of 'FeeEntry',
              Instance of 'FeeEntry'
            ],
            [
              Instance of 'CallReceipt',
              Instance of 'CallReceipt',
              Instance of 'CallReceipt',
              Instance of 'CallReceipt',
              Instance of 'CallReceipt',
              Instance of 'CallReceipt',
              Instance of 'CallReceipt',
              Instance of 'CallReceipt',
              Instance of 'CallReceipt',
              Instance of 'CallReceipt',
              Instance of 'CallReceipt',
              Instance of 'CallReceipt',
              Instance of 'CallReceipt',
              Instance of 'CallReceipt',
              Instance of 'CallReceipt',
              Instance of 'CallReceipt'
            ],
            false
          ]
  Actual: [
            1248000,
            [
              Instance of 'PortfolioPosition',
              Instance of 'PortfolioPosition',
              Instance of 'PortfolioPosition'
            ],
            [Instance of 'OpenOrder', Instance of 'OpenOrder', Instance of 'OpenOrder'],
            false,
            'MAYA',
            null,
            null,
            Set:[],
            ['BTC', 'ETH', 'SOL'],
            ['maya.eth', 'lunaq', 'deltaone'],
            [
              Instance of 'FollowPerson',
              Instance of 'FollowPerson',
              Instance of 'FollowPerson',
              Instance of 'FollowPerson',
              Instance of 'FollowPerson',
              Instance of 'FollowPerson',
              Instance of 'FollowPerson',
              Instance of 'FollowPerson',
              Instance of 'FollowPerson'
            ],
            [
              Instance of 'FollowPerson',
              Instance of 'FollowPerson',
              Instance of 'FollowPerson',
              Instance of 'FollowPerson',
              Instance of 'FollowPerson',
              Instance of 'FollowPerson',
              Instance of 'FollowPerson',
              Instance of 'FollowPerson',
              Instance of 'FollowPerson'
            ],
            Set:['lunaq', 'kilo.sol', 'mirin'],
            DateTime:2026-09-26 14:45:00.000,
            [],
            Set:['AVAX'],
            {},
            ({int from, String query, int sort, int to}):(from: 0, query: , sort: 0, to: 10),
            [
              Instance of 'FeeEntry',
              Instance of 'FeeEntry',
              Instance of 'FeeEntry',
              Instance of 'FeeEntry',
              Instance of 'FeeEntry'
            ],
            [
              Instance of 'CallReceipt',
              Instance of 'CallReceipt',
              Instance of 'CallReceipt',
              Instance of 'CallReceipt',
              Instance of 'CallReceipt',
              Instance of 'CallReceipt',
              Instance of 'CallReceipt',
              Instance of 'CallReceipt',
              Instance of 'CallReceipt',
              Instance of 'CallReceipt',
              Instance of 'CallReceipt',
              Instance of 'CallReceipt',
              Instance of 'CallReceipt',
              Instance of 'CallReceipt',
              Instance of 'CallReceipt',
              Instance of 'CallReceipt'
            ],
            true
          ]
   Which: at location [20] is <true> instead of <false>

When the exception was thrown, this was the stack:
#4      main.<anonymous closure> (file:///home/alex/VistaColosseum/.worktrees/br-2026-10-04-p0-queue/baton-runner/br-2026-10-04-p0-queue/review-phase-8-iter-1-probe/mut-app/test/scenario_test.dart:162:5)
<asynchronous suspension>
#5      testWidgets.<anonymous closure>.<anonymous closure> (package:flutter_test/src/widget_tester.dart:192:15)
<asynchronous suspension>
#6      TestWidgetsFlutterBinding._runTestBody (package:flutter_test/src/binding.dart:1953:5)
<asynchronous suspension>
<asynchronous suspension>
(elided one frame from package:stack_trace)

This was caught by the test expectation on the following line:
  file:///home/alex/VistaColosseum/.worktrees/br-2026-10-04-p0-queue/baton-runner/br-2026-10-04-p0-queue/review-phase-8-iter-1-probe/mut-app/test/scenario_test.dart line 162
The test description was:
  Reset demo in Settings restores the fixture, closes Settings and says so
════════════════════════════════════════════════════════════════════════════════════════════════════
00:02 +0 -3: /home/alex/VistaColosseum/.worktrees/br-2026-10-04-p0-queue/baton-runner/br-2026-10-04-p0-queue/review-phase-8-iter-1-probe/mut-app/test/empty_states_test.dart: every core list renders an emptied scenario without overflow or exception on small Android 360x640 at 1.3x
00:02 +0 -3: /home/alex/VistaColosseum/.worktrees/br-2026-10-04-p0-queue/baton-runner/br-2026-10-04-p0-queue/review-phase-8-iter-1-probe/mut-app/test/scenario_test.dart: Reset demo in Settings restores the fixture, closes Settings and says so [E]
  Test failed. See exception logs above.
  The test description was: Reset demo in Settings restores the fixture, closes Settings and says so
  
00:02 +1 -3: /home/alex/VistaColosseum/.worktrees/br-2026-10-04-p0-queue/baton-runner/br-2026-10-04-p0-queue/review-phase-8-iter-1-probe/mut-app/test/scenario_test.dart: the simulated pill explains itself; its Reset demo is the Settings reset
══╡ EXCEPTION CAUGHT BY FLUTTER TEST FRAMEWORK ╞════════════════════════════════════════════════════
The following TestFailure was thrown running a test:
Expected: [
            1248000,
            [
              Instance of 'PortfolioPosition',
              Instance of 'PortfolioPosition',
              Instance of 'PortfolioPosition'
            ],
            [Instance of 'OpenOrder', Instance of 'OpenOrder', Instance of 'OpenOrder'],
            false,
            'MAYA',
            null,
            null,
            Set:[],
            ['BTC', 'ETH', 'SOL'],
            ['maya.eth', 'lunaq', 'deltaone'],
            [
              Instance of 'FollowPerson',
              Instance of 'FollowPerson',
              Instance of 'FollowPerson',
              Instance of 'FollowPerson',
              Instance of 'FollowPerson',
              Instance of 'FollowPerson',
              Instance of 'FollowPerson',
              Instance of 'FollowPerson',
              Instance of 'FollowPerson'
            ],
            [
              Instance of 'FollowPerson',
              Instance of 'FollowPerson',
              Instance of 'FollowPerson',
              Instance of 'FollowPerson',
              Instance of 'FollowPerson',
              Instance of 'FollowPerson',
              Instance of 'FollowPerson',
              Instance of 'FollowPerson',
              Instance of 'FollowPerson'
            ],
            Set:['lunaq', 'kilo.sol', 'mirin'],
            DateTime:2026-09-26 14:45:00.000,
            [],
            Set:['AVAX'],
            {},
            ({int from, String query, int sort, int to}):(from: 0, query: , sort: 0, to: 10),
            [
              Instance of 'FeeEntry',
              Instance of 'FeeEntry',
              Instance of 'FeeEntry',
              Instance of 'FeeEntry',
              Instance of 'FeeEntry'
            ],
            [
              Instance of 'CallReceipt',
              Instance of 'CallReceipt',
              Instance of 'CallReceipt',
              Instance of 'CallReceipt',
              Instance of 'CallReceipt',
              Instance of 'CallReceipt',
              Instance of 'CallReceipt',
              Instance of 'CallReceipt',
              Instance of 'CallReceipt',
              Instance of 'CallReceipt',
              Instance of 'CallReceipt',
              Instance of 'CallReceipt',
              Instance of 'CallReceipt',
              Instance of 'CallReceipt',
              Instance of 'CallReceipt',
              Instance of 'CallReceipt'
            ],
            false
          ]
  Actual: [
            1248000,
            [
              Instance of 'PortfolioPosition',
              Instance of 'PortfolioPosition',
              Instance of 'PortfolioPosition'
            ],
            [Instance of 'OpenOrder', Instance of 'OpenOrder', Instance of 'OpenOrder'],
            false,
            'MAYA',
            null,
            null,
            Set:[],
            ['BTC', 'ETH', 'SOL'],
            ['maya.eth', 'lunaq', 'deltaone'],
            [
              Instance of 'FollowPerson',
              Instance of 'FollowPerson',
              Instance of 'FollowPerson',
              Instance of 'FollowPerson',
              Instance of 'FollowPerson',
              Instance of 'FollowPerson',
              Instance of 'FollowPerson',
              Instance of 'FollowPerson',
              Instance of 'FollowPerson'
            ],
            [
              Instance of 'FollowPerson',
              Instance of 'FollowPerson',
              Instance of 'FollowPerson',
              Instance of 'FollowPerson',
              Instance of 'FollowPerson',
              Instance of 'FollowPerson',
              Instance of 'FollowPerson',
              Instance of 'FollowPerson',
              Instance of 'FollowPerson'
            ],
            Set:['lunaq', 'kilo.sol', 'mirin'],
            DateTime:2026-09-26 14:45:00.000,
            [],
            Set:['AVAX'],
            {},
            ({int from, String query, int sort, int to}):(from: 0, query: , sort: 0, to: 10),
            [
              Instance of 'FeeEntry',
              Instance of 'FeeEntry',
              Instance of 'FeeEntry',
              Instance of 'FeeEntry',
              Instance of 'FeeEntry'
            ],
            [
              Instance of 'CallReceipt',
              Instance of 'CallReceipt',
              Instance of 'CallReceipt',
              Instance of 'CallReceipt',
              Instance of 'CallReceipt',
              Instance of 'CallReceipt',
              Instance of 'CallReceipt',
              Instance of 'CallReceipt',
              Instance of 'CallReceipt',
              Instance of 'CallReceipt',
              Instance of 'CallReceipt',
              Instance of 'CallReceipt',
              Instance of 'CallReceipt',
              Instance of 'CallReceipt',
              Instance of 'CallReceipt',
              Instance of 'CallReceipt'
            ],
            true
          ]
   Which: at location [20] is <true> instead of <false>

When the exception was thrown, this was the stack:
#4      main.<anonymous closure> (file:///home/alex/VistaColosseum/.worktrees/br-2026-10-04-p0-queue/baton-runner/br-2026-10-04-p0-queue/review-phase-8-iter-1-probe/mut-app/test/scenario_test.dart:191:5)
<asynchronous suspension>
#5      testWidgets.<anonymous closure>.<anonymous closure> (package:flutter_test/src/widget_tester.dart:192:15)
<asynchronous suspension>
#6      TestWidgetsFlutterBinding._runTestBody (package:flutter_test/src/binding.dart:1953:5)
<asynchronous suspension>
<asynchronous suspension>
(elided one frame from package:stack_trace)

This was caught by the test expectation on the following line:
  file:///home/alex/VistaColosseum/.worktrees/br-2026-10-04-p0-queue/baton-runner/br-2026-10-04-p0-queue/review-phase-8-iter-1-probe/mut-app/test/scenario_test.dart line 191
The test description was:
  the simulated pill explains itself; its Reset demo is the Settings reset
════════════════════════════════════════════════════════════════════════════════════════════════════
00:02 +1 -4: /home/alex/VistaColosseum/.worktrees/br-2026-10-04-p0-queue/baton-runner/br-2026-10-04-p0-queue/review-phase-8-iter-1-probe/mut-app/test/empty_states_test.dart: every core list renders an emptied scenario without overflow or exception on iPhone SE 375x667 at 1.3x
00:02 +1 -4: /home/alex/VistaColosseum/.worktrees/br-2026-10-04-p0-queue/baton-runner/br-2026-10-04-p0-queue/review-phase-8-iter-1-probe/mut-app/test/scenario_test.dart: the simulated pill explains itself; its Reset demo is the Settings reset [E]
  Test failed. See exception logs above.
  The test description was: the simulated pill explains itself; its Reset demo is the Settings reset
  
00:03 +2 -4: /home/alex/VistaColosseum/.worktrees/br-2026-10-04-p0-queue/baton-runner/br-2026-10-04-p0-queue/review-phase-8-iter-1-probe/mut-app/test/scenario_test.dart: Wallet lists the positions held in Scenario
00:03 +3 -4: /home/alex/VistaColosseum/.worktrees/br-2026-10-04-p0-queue/baton-runner/br-2026-10-04-p0-queue/review-phase-8-iter-1-probe/mut-app/test/empty_states_test.dart: Explore markets leads to Explore, from a tab or a pushed list
══╡ EXCEPTION CAUGHT BY FLUTTER TEST FRAMEWORK ╞════════════════════════════════════════════════════
The following TestFailure was thrown running a test:
Expected: exactly one matching candidate
  Actual: _TextWidgetFinder:<Found 0 widgets with text "ALL MARKETS": []>
   Which: means none were found but one was expected

When the exception was thrown, this was the stack:
#4      main.<anonymous closure> (file:///home/alex/VistaColosseum/.worktrees/br-2026-10-04-p0-queue/baton-runner/br-2026-10-04-p0-queue/review-phase-8-iter-1-probe/mut-app/test/empty_states_test.dart:211:5)
<asynchronous suspension>
#5      testWidgets.<anonymous closure>.<anonymous closure> (package:flutter_test/src/widget_tester.dart:192:15)
<asynchronous suspension>
#6      TestWidgetsFlutterBinding._runTestBody (package:flutter_test/src/binding.dart:1953:5)
<asynchronous suspension>
<asynchronous suspension>
(elided one frame from package:stack_trace)

This was caught by the test expectation on the following line:
  file:///home/alex/VistaColosseum/.worktrees/br-2026-10-04-p0-queue/baton-runner/br-2026-10-04-p0-queue/review-phase-8-iter-1-probe/mut-app/test/empty_states_test.dart line 211
The test description was:
  Explore markets leads to Explore, from a tab or a pushed list
════════════════════════════════════════════════════════════════════════════════════════════════════
00:03 +3 -5: /home/alex/VistaColosseum/.worktrees/br-2026-10-04-p0-queue/baton-runner/br-2026-10-04-p0-queue/review-phase-8-iter-1-probe/mut-app/test/scenario_test.dart: Home, detail, Arena and Wallet read one position from Scenario
00:03 +3 -5: /home/alex/VistaColosseum/.worktrees/br-2026-10-04-p0-queue/baton-runner/br-2026-10-04-p0-queue/review-phase-8-iter-1-probe/mut-app/test/empty_states_test.dart: Explore markets leads to Explore, from a tab or a pushed list [E]
  Test failed. See exception logs above.
  The test description was: Explore markets leads to Explore, from a tab or a pushed list
  
00:03 +4 -5: /home/alex/VistaColosseum/.worktrees/br-2026-10-04-p0-queue/baton-runner/br-2026-10-04-p0-queue/review-phase-8-iter-1-probe/mut-app/test/empty_states_test.dart: Clear search brings back an emptied Ask or follow search
00:04 +5 -5: /home/alex/VistaColosseum/.worktrees/br-2026-10-04-p0-queue/baton-runner/br-2026-10-04-p0-queue/review-phase-8-iter-1-probe/mut-app/test/scenario_test.dart: placeOrder rounds once and review, receipt and Wallet totals reconcile
00:04 +6 -5: /home/alex/VistaColosseum/.worktrees/br-2026-10-04-p0-queue/baton-runner/br-2026-10-04-p0-queue/review-phase-8-iter-1-probe/mut-app/test/empty_states_test.dart: Simulate load failure: only the Explore list fails; Retry clears the toggle and loads it
00:04 +7 -5: /home/alex/VistaColosseum/.worktrees/br-2026-10-04-p0-queue/baton-runner/br-2026-10-04-p0-queue/review-phase-8-iter-1-probe/mut-app/test/empty_states_test.dart: Simulate load failure: only the Explore list fails; Retry clears the toggle and loads it
00:04 +8 -5: /home/alex/VistaColosseum/.worktrees/br-2026-10-04-p0-queue/baton-runner/br-2026-10-04-p0-queue/review-phase-8-iter-1-probe/mut-app/test/empty_states_test.dart: Simulate load failure: only the Explore list fails; Retry clears the toggle and loads it
00:04 +9 -5: /home/alex/VistaColosseum/.worktrees/br-2026-10-04-p0-queue/baton-runner/br-2026-10-04-p0-queue/review-phase-8-iter-1-probe/mut-app/test/empty_states_test.dart: Simulate load failure: only the Explore list fails; Retry clears the toggle and loads it
00:04 +10 -5: /home/alex/VistaColosseum/.worktrees/br-2026-10-04-p0-queue/baton-runner/br-2026-10-04-p0-queue/review-phase-8-iter-1-probe/mut-app/test/empty_states_test.dart: Simulate load failure: only the Explore list fails; Retry clears the toggle and loads it
00:04 +11 -5: /home/alex/VistaColosseum/.worktrees/br-2026-10-04-p0-queue/baton-runner/br-2026-10-04-p0-queue/review-phase-8-iter-1-probe/mut-app/test/empty_states_test.dart: Simulate load failure: only the Explore list fails; Retry clears the toggle and loads it
00:04 +12 -5: /home/alex/VistaColosseum/.worktrees/br-2026-10-04-p0-queue/baton-runner/br-2026-10-04-p0-queue/review-phase-8-iter-1-probe/mut-app/test/empty_states_test.dart: Simulate load failure: only the Explore list fails; Retry clears the toggle and loads it
00:04 +13 -5: /home/alex/VistaColosseum/.worktrees/br-2026-10-04-p0-queue/baton-runner/br-2026-10-04-p0-queue/review-phase-8-iter-1-probe/mut-app/test/empty_states_test.dart: Simulate load failure: only the Explore list fails; Retry clears the toggle and loads it
00:04 +14 -5: /home/alex/VistaColosseum/.worktrees/br-2026-10-04-p0-queue/baton-runner/br-2026-10-04-p0-queue/review-phase-8-iter-1-probe/mut-app/test/empty_states_test.dart: Simulate load failure: only the Explore list fails; Retry clears the toggle and loads it
00:04 +15 -5: /home/alex/VistaColosseum/.worktrees/br-2026-10-04-p0-queue/baton-runner/br-2026-10-04-p0-queue/review-phase-8-iter-1-probe/mut-app/test/empty_states_test.dart: Simulate load failure: only the Explore list fails; Retry clears the toggle and loads it
00:04 +16 -5: /home/alex/VistaColosseum/.worktrees/br-2026-10-04-p0-queue/baton-runner/br-2026-10-04-p0-queue/review-phase-8-iter-1-probe/mut-app/test/empty_states_test.dart: Simulate load failure: only the Explore list fails; Retry clears the toggle and loads it
00:04 +17 -5: /home/alex/VistaColosseum/.worktrees/br-2026-10-04-p0-queue/baton-runner/br-2026-10-04-p0-queue/review-phase-8-iter-1-probe/mut-app/test/empty_states_test.dart: Simulate load failure: only the Explore list fails; Retry clears the toggle and loads it
00:04 +18 -5: /home/alex/VistaColosseum/.worktrees/br-2026-10-04-p0-queue/baton-runner/br-2026-10-04-p0-queue/review-phase-8-iter-1-probe/mut-app/test/empty_states_test.dart: Simulate load failure: only the Explore list fails; Retry clears the toggle and loads it
══╡ EXCEPTION CAUGHT BY FLUTTER TEST FRAMEWORK ╞════════════════════════════════════════════════════
The following TestFailure was thrown running a test:
Expected: false
  Actual: <true>

When the exception was thrown, this was the stack:
#4      main.<anonymous closure> (file:///home/alex/VistaColosseum/.worktrees/br-2026-10-04-p0-queue/baton-runner/br-2026-10-04-p0-queue/review-phase-8-iter-1-probe/mut-app/test/empty_states_test.dart:266:5)
<asynchronous suspension>
#5      testWidgets.<anonymous closure>.<anonymous closure> (package:flutter_test/src/widget_tester.dart:192:15)
<asynchronous suspension>
#6      TestWidgetsFlutterBinding._runTestBody (package:flutter_test/src/binding.dart:1953:5)
<asynchronous suspension>
<asynchronous suspension>
(elided one frame from package:stack_trace)

This was caught by the test expectation on the following line:
  file:///home/alex/VistaColosseum/.worktrees/br-2026-10-04-p0-queue/baton-runner/br-2026-10-04-p0-queue/review-phase-8-iter-1-probe/mut-app/test/empty_states_test.dart line 266
The test description was:
  Simulate load failure: only the Explore list fails; Retry clears the toggle and loads it
════════════════════════════════════════════════════════════════════════════════════════════════════
00:04 +18 -6: /home/alex/VistaColosseum/.worktrees/br-2026-10-04-p0-queue/baton-runner/br-2026-10-04-p0-queue/review-phase-8-iter-1-probe/mut-app/test/empty_states_test.dart: Simulate load failure: only the Explore list fails; Retry clears the toggle and loads it [E]
  Test failed. See exception logs above.
  The test description was: Simulate load failure: only the Explore list fails; Retry clears the toggle and loads it
  
00:04 +18 -6: /home/alex/VistaColosseum/.worktrees/br-2026-10-04-p0-queue/baton-runner/br-2026-10-04-p0-queue/review-phase-8-iter-1-probe/mut-app/test/empty_states_test.dart: (tearDownAll)
00:04 +18 -6: Some tests failed.

Failing tests:
  /home/alex/VistaColosseum/.worktrees/br-2026-10-04-p0-queue/baton-runner/br-2026-10-04-p0-queue/review-phase-8-iter-1-probe/mut-app/test/empty_states_test.dart: Explore markets leads to Explore, from a tab or a pushed list
  /home/alex/VistaColosseum/.worktrees/br-2026-10-04-p0-queue/baton-runner/br-2026-10-04-p0-queue/review-phase-8-iter-1-probe/mut-app/test/empty_states_test.dart: Simulate load failure: only the Explore list fails; Retry clears the toggle and loads it
  /home/alex/VistaColosseum/.worktrees/br-2026-10-04-p0-queue/baton-runner/br-2026-10-04-p0-queue/review-phase-8-iter-1-probe/mut-app/test/scenario_test.dart: Reset demo in Settings restores the fixture, closes Settings and says so
  /home/alex/VistaColosseum/.worktrees/br-2026-10-04-p0-queue/baton-runner/br-2026-10-04-p0-queue/review-phase-8-iter-1-probe/mut-app/test/scenario_test.dart: reset twice yields equal state
  ... and 2 more
