Resolving dependencies...
Downloading packages...
  material_color_utilities 0.13.0 (0.13.1 available)
  meta 1.18.3 (1.19.0 available)
  petitparser 7.0.2 (7.1.0 available)
  test_api 0.7.12 (0.7.14 available)
  vector_math 2.4.0 (2.4.3 available)
  xml 7.0.1 (7.1.0 available)
Got dependencies!
6 packages have newer versions incompatible with dependency constraints.
Try `flutter pub outdated` for more information.
00:00 +0: loading /home/alex/VistaColosseum/.worktrees/br-2026-10-04-p0-queue/baton-runner/br-2026-10-04-p0-queue/review-phase-8-iter-1-probe/mut-app/test/order_ticket_test.dart
00:00 +0: /home/alex/VistaColosseum/.worktrees/br-2026-10-04-p0-queue/baton-runner/br-2026-10-04-p0-queue/review-phase-8-iter-1-probe/mut-app/test/order_ticket_test.dart: (setUpAll)
00:00 +1: /home/alex/VistaColosseum/.worktrees/br-2026-10-04-p0-queue/baton-runner/br-2026-10-04-p0-queue/review-phase-8-iter-1-probe/mut-app/test/order_ticket_test.dart: (setUpAll)
00:00 +1: /home/alex/VistaColosseum/.worktrees/br-2026-10-04-p0-queue/baton-runner/br-2026-10-04-p0-queue/review-phase-8-iter-1-probe/mut-app/test/charting_test.dart: roundTicks uses 2.5 steps and stays within the limit
00:00 +2: /home/alex/VistaColosseum/.worktrees/br-2026-10-04-p0-queue/baton-runner/br-2026-10-04-p0-queue/review-phase-8-iter-1-probe/mut-app/test/order_ticket_test.dart: double tap confirm places one position
00:00 +3: /home/alex/VistaColosseum/.worktrees/br-2026-10-04-p0-queue/baton-runner/br-2026-10-04-p0-queue/review-phase-8-iter-1-probe/mut-app/test/order_ticket_test.dart: double tap confirm places one position
00:00 +4: /home/alex/VistaColosseum/.worktrees/br-2026-10-04-p0-queue/baton-runner/br-2026-10-04-p0-queue/review-phase-8-iter-1-probe/mut-app/test/order_ticket_test.dart: double tap confirm places one position
00:00 +5: /home/alex/VistaColosseum/.worktrees/br-2026-10-04-p0-queue/baton-runner/br-2026-10-04-p0-queue/review-phase-8-iter-1-probe/mut-app/test/order_ticket_test.dart: double tap confirm places one position
00:00 +6: /home/alex/VistaColosseum/.worktrees/br-2026-10-04-p0-queue/baton-runner/br-2026-10-04-p0-queue/review-phase-8-iter-1-probe/mut-app/test/order_ticket_test.dart: double tap confirm places one position
00:00 +7: /home/alex/VistaColosseum/.worktrees/br-2026-10-04-p0-queue/baton-runner/br-2026-10-04-p0-queue/review-phase-8-iter-1-probe/mut-app/test/order_ticket_test.dart: double tap confirm places one position
00:00 +8: /home/alex/VistaColosseum/.worktrees/br-2026-10-04-p0-queue/baton-runner/br-2026-10-04-p0-queue/review-phase-8-iter-1-probe/mut-app/test/order_ticket_test.dart: double tap confirm places one position
00:00 +9: /home/alex/VistaColosseum/.worktrees/br-2026-10-04-p0-queue/baton-runner/br-2026-10-04-p0-queue/review-phase-8-iter-1-probe/mut-app/test/order_ticket_test.dart: double tap confirm places one position
00:00 +10: /home/alex/VistaColosseum/.worktrees/br-2026-10-04-p0-queue/baton-runner/br-2026-10-04-p0-queue/review-phase-8-iter-1-probe/mut-app/test/order_ticket_test.dart: double tap confirm places one position
00:00 +11: /home/alex/VistaColosseum/.worktrees/br-2026-10-04-p0-queue/baton-runner/br-2026-10-04-p0-queue/review-phase-8-iter-1-probe/mut-app/test/order_ticket_test.dart: double tap confirm places one position
00:00 +12: /home/alex/VistaColosseum/.worktrees/br-2026-10-04-p0-queue/baton-runner/br-2026-10-04-p0-queue/review-phase-8-iter-1-probe/mut-app/test/order_ticket_test.dart: double tap confirm places one position
00:01 +13: /home/alex/VistaColosseum/.worktrees/br-2026-10-04-p0-queue/baton-runner/br-2026-10-04-p0-queue/review-phase-8-iter-1-probe/mut-app/test/order_ticket_test.dart: double tap confirm places one position
00:01 +14: /home/alex/VistaColosseum/.worktrees/br-2026-10-04-p0-queue/baton-runner/br-2026-10-04-p0-queue/review-phase-8-iter-1-probe/mut-app/test/order_ticket_test.dart: double tap confirm places one position
00:01 +15: /home/alex/VistaColosseum/.worktrees/br-2026-10-04-p0-queue/baton-runner/br-2026-10-04-p0-queue/review-phase-8-iter-1-probe/mut-app/test/order_ticket_test.dart: double tap confirm places one position
00:01 +16: /home/alex/VistaColosseum/.worktrees/br-2026-10-04-p0-queue/baton-runner/br-2026-10-04-p0-queue/review-phase-8-iter-1-probe/mut-app/test/order_ticket_test.dart: double tap confirm places one position
00:01 +17: /home/alex/VistaColosseum/.worktrees/br-2026-10-04-p0-queue/baton-runner/br-2026-10-04-p0-queue/review-phase-8-iter-1-probe/mut-app/test/order_ticket_test.dart: double tap confirm places one position
00:01 +18: /home/alex/VistaColosseum/.worktrees/br-2026-10-04-p0-queue/baton-runner/br-2026-10-04-p0-queue/review-phase-8-iter-1-probe/mut-app/test/scenario_test.dart: Reset demo in Settings restores the fixture, closes Settings and says so
00:01 +19: /home/alex/VistaColosseum/.worktrees/br-2026-10-04-p0-queue/baton-runner/br-2026-10-04-p0-queue/review-phase-8-iter-1-probe/mut-app/test/scenario_test.dart: Reset demo in Settings restores the fixture, closes Settings and says so
00:01 +20: /home/alex/VistaColosseum/.worktrees/br-2026-10-04-p0-queue/baton-runner/br-2026-10-04-p0-queue/review-phase-8-iter-1-probe/mut-app/test/scenario_test.dart: Reset demo in Settings restores the fixture, closes Settings and says so
00:01 +21: /home/alex/VistaColosseum/.worktrees/br-2026-10-04-p0-queue/baton-runner/br-2026-10-04-p0-queue/review-phase-8-iter-1-probe/mut-app/test/scenario_test.dart: Reset demo in Settings restores the fixture, closes Settings and says so
00:01 +22: /home/alex/VistaColosseum/.worktrees/br-2026-10-04-p0-queue/baton-runner/br-2026-10-04-p0-queue/review-phase-8-iter-1-probe/mut-app/test/scenario_test.dart: Reset demo in Settings restores the fixture, closes Settings and says so
00:02 +23: /home/alex/VistaColosseum/.worktrees/br-2026-10-04-p0-queue/baton-runner/br-2026-10-04-p0-queue/review-phase-8-iter-1-probe/mut-app/test/scenario_test.dart: Reset demo in Settings restores the fixture, closes Settings and says so
00:02 +24: /home/alex/VistaColosseum/.worktrees/br-2026-10-04-p0-queue/baton-runner/br-2026-10-04-p0-queue/review-phase-8-iter-1-probe/mut-app/test/scenario_test.dart: Reset demo in Settings restores the fixture, closes Settings and says so
00:02 +25: /home/alex/VistaColosseum/.worktrees/br-2026-10-04-p0-queue/baton-runner/br-2026-10-04-p0-queue/review-phase-8-iter-1-probe/mut-app/test/scenario_test.dart: Reset demo in Settings restores the fixture, closes Settings and says so
00:02 +26: /home/alex/VistaColosseum/.worktrees/br-2026-10-04-p0-queue/baton-runner/br-2026-10-04-p0-queue/review-phase-8-iter-1-probe/mut-app/test/scenario_test.dart: Reset demo in Settings restores the fixture, closes Settings and says so
00:02 +27: /home/alex/VistaColosseum/.worktrees/br-2026-10-04-p0-queue/baton-runner/br-2026-10-04-p0-queue/review-phase-8-iter-1-probe/mut-app/test/scenario_test.dart: Reset demo in Settings restores the fixture, closes Settings and says so
00:02 +28: /home/alex/VistaColosseum/.worktrees/br-2026-10-04-p0-queue/baton-runner/br-2026-10-04-p0-queue/review-phase-8-iter-1-probe/mut-app/test/scenario_test.dart: Reset demo in Settings restores the fixture, closes Settings and says so
00:02 +29: /home/alex/VistaColosseum/.worktrees/br-2026-10-04-p0-queue/baton-runner/br-2026-10-04-p0-queue/review-phase-8-iter-1-probe/mut-app/test/scenario_test.dart: Reset demo in Settings restores the fixture, closes Settings and says so
00:03 +30: /home/alex/VistaColosseum/.worktrees/br-2026-10-04-p0-queue/baton-runner/br-2026-10-04-p0-queue/review-phase-8-iter-1-probe/mut-app/test/scenario_test.dart: Reset demo in Settings restores the fixture, closes Settings and says so
00:03 +31: /home/alex/VistaColosseum/.worktrees/br-2026-10-04-p0-queue/baton-runner/br-2026-10-04-p0-queue/review-phase-8-iter-1-probe/mut-app/test/scenario_test.dart: Reset demo in Settings restores the fixture, closes Settings and says so
00:03 +32: /home/alex/VistaColosseum/.worktrees/br-2026-10-04-p0-queue/baton-runner/br-2026-10-04-p0-queue/review-phase-8-iter-1-probe/mut-app/test/scenario_test.dart: Reset demo in Settings restores the fixture, closes Settings and says so
00:03 +32: /home/alex/VistaColosseum/.worktrees/br-2026-10-04-p0-queue/baton-runner/br-2026-10-04-p0-queue/review-phase-8-iter-1-probe/mut-app/test/receipts_test.dart: the 40% share is labelled a demo assumption, with one worked example, in the ledger and the listing flow
unhandled element <filter/>; Picture key: Svg loader
00:03 +33: /home/alex/VistaColosseum/.worktrees/br-2026-10-04-p0-queue/baton-runner/br-2026-10-04-p0-queue/review-phase-8-iter-1-probe/mut-app/test/empty_states_test.dart: every core list renders an emptied scenario without overflow or exception on small Android 360x640 at 1.3x
00:03 +34: /home/alex/VistaColosseum/.worktrees/br-2026-10-04-p0-queue/baton-runner/br-2026-10-04-p0-queue/review-phase-8-iter-1-probe/mut-app/test/empty_states_test.dart: every core list renders an emptied scenario without overflow or exception on small Android 360x640 at 1.3x
00:03 +35: /home/alex/VistaColosseum/.worktrees/br-2026-10-04-p0-queue/baton-runner/br-2026-10-04-p0-queue/review-phase-8-iter-1-probe/mut-app/test/empty_states_test.dart: every core list renders an emptied scenario without overflow or exception on small Android 360x640 at 1.3x
00:03 +36: /home/alex/VistaColosseum/.worktrees/br-2026-10-04-p0-queue/baton-runner/br-2026-10-04-p0-queue/review-phase-8-iter-1-probe/mut-app/test/empty_states_test.dart: every core list renders an emptied scenario without overflow or exception on small Android 360x640 at 1.3x
00:03 +37: /home/alex/VistaColosseum/.worktrees/br-2026-10-04-p0-queue/baton-runner/br-2026-10-04-p0-queue/review-phase-8-iter-1-probe/mut-app/test/empty_states_test.dart: every core list renders an emptied scenario without overflow or exception on small Android 360x640 at 1.3x
00:03 +38: /home/alex/VistaColosseum/.worktrees/br-2026-10-04-p0-queue/baton-runner/br-2026-10-04-p0-queue/review-phase-8-iter-1-probe/mut-app/test/empty_states_test.dart: every core list renders an emptied scenario without overflow or exception on small Android 360x640 at 1.3x
00:03 +39: /home/alex/VistaColosseum/.worktrees/br-2026-10-04-p0-queue/baton-runner/br-2026-10-04-p0-queue/review-phase-8-iter-1-probe/mut-app/test/empty_states_test.dart: every core list renders an emptied scenario without overflow or exception on small Android 360x640 at 1.3x
00:03 +40: /home/alex/VistaColosseum/.worktrees/br-2026-10-04-p0-queue/baton-runner/br-2026-10-04-p0-queue/review-phase-8-iter-1-probe/mut-app/test/empty_states_test.dart: every core list renders an emptied scenario without overflow or exception on small Android 360x640 at 1.3x
00:03 +41: /home/alex/VistaColosseum/.worktrees/br-2026-10-04-p0-queue/baton-runner/br-2026-10-04-p0-queue/review-phase-8-iter-1-probe/mut-app/test/empty_states_test.dart: every core list renders an emptied scenario without overflow or exception on small Android 360x640 at 1.3x
00:04 +42: /home/alex/VistaColosseum/.worktrees/br-2026-10-04-p0-queue/baton-runner/br-2026-10-04-p0-queue/review-phase-8-iter-1-probe/mut-app/test/empty_states_test.dart: every core list renders an emptied scenario without overflow or exception on small Android 360x640 at 1.3x
00:04 +43: /home/alex/VistaColosseum/.worktrees/br-2026-10-04-p0-queue/baton-runner/br-2026-10-04-p0-queue/review-phase-8-iter-1-probe/mut-app/test/empty_states_test.dart: every core list renders an emptied scenario without overflow or exception on small Android 360x640 at 1.3x
00:04 +44: /home/alex/VistaColosseum/.worktrees/br-2026-10-04-p0-queue/baton-runner/br-2026-10-04-p0-queue/review-phase-8-iter-1-probe/mut-app/test/empty_states_test.dart: every core list renders an emptied scenario without overflow or exception on small Android 360x640 at 1.3x
00:04 +45: /home/alex/VistaColosseum/.worktrees/br-2026-10-04-p0-queue/baton-runner/br-2026-10-04-p0-queue/review-phase-8-iter-1-probe/mut-app/test/empty_states_test.dart: every core list renders an emptied scenario without overflow or exception on small Android 360x640 at 1.3x
00:04 +46: /home/alex/VistaColosseum/.worktrees/br-2026-10-04-p0-queue/baton-runner/br-2026-10-04-p0-queue/review-phase-8-iter-1-probe/mut-app/test/empty_states_test.dart: every core list renders an emptied scenario without overflow or exception on small Android 360x640 at 1.3x
00:04 +47: /home/alex/VistaColosseum/.worktrees/br-2026-10-04-p0-queue/baton-runner/br-2026-10-04-p0-queue/review-phase-8-iter-1-probe/mut-app/test/empty_states_test.dart: every core list renders an emptied scenario without overflow or exception on small Android 360x640 at 1.3x
00:04 +48: /home/alex/VistaColosseum/.worktrees/br-2026-10-04-p0-queue/baton-runner/br-2026-10-04-p0-queue/review-phase-8-iter-1-probe/mut-app/test/empty_states_test.dart: every core list renders an emptied scenario without overflow or exception on small Android 360x640 at 1.3x
00:04 +49: /home/alex/VistaColosseum/.worktrees/br-2026-10-04-p0-queue/baton-runner/br-2026-10-04-p0-queue/review-phase-8-iter-1-probe/mut-app/test/empty_states_test.dart: every core list renders an emptied scenario without overflow or exception on small Android 360x640 at 1.3x
00:04 +50: /home/alex/VistaColosseum/.worktrees/br-2026-10-04-p0-queue/baton-runner/br-2026-10-04-p0-queue/review-phase-8-iter-1-probe/mut-app/test/empty_states_test.dart: every core list renders an emptied scenario without overflow or exception on small Android 360x640 at 1.3x
00:04 +51: /home/alex/VistaColosseum/.worktrees/br-2026-10-04-p0-queue/baton-runner/br-2026-10-04-p0-queue/review-phase-8-iter-1-probe/mut-app/test/empty_states_test.dart: every core list renders an emptied scenario without overflow or exception on small Android 360x640 at 1.3x
00:05 +52: /home/alex/VistaColosseum/.worktrees/br-2026-10-04-p0-queue/baton-runner/br-2026-10-04-p0-queue/review-phase-8-iter-1-probe/mut-app/test/empty_states_test.dart: every core list renders an emptied scenario without overflow or exception on small Android 360x640 at 1.3x
00:05 +53: /home/alex/VistaColosseum/.worktrees/br-2026-10-04-p0-queue/baton-runner/br-2026-10-04-p0-queue/review-phase-8-iter-1-probe/mut-app/test/empty_states_test.dart: every core list renders an emptied scenario without overflow or exception on small Android 360x640 at 1.3x
00:05 +54: /home/alex/VistaColosseum/.worktrees/br-2026-10-04-p0-queue/baton-runner/br-2026-10-04-p0-queue/review-phase-8-iter-1-probe/mut-app/test/empty_states_test.dart: every core list renders an emptied scenario without overflow or exception on small Android 360x640 at 1.3x
00:05 +55: /home/alex/VistaColosseum/.worktrees/br-2026-10-04-p0-queue/baton-runner/br-2026-10-04-p0-queue/review-phase-8-iter-1-probe/mut-app/test/trader_record_test.dart: the record panel renders without overflow at 1.3x on every phone, its last call clear of the pill
00:05 +56: /home/alex/VistaColosseum/.worktrees/br-2026-10-04-p0-queue/baton-runner/br-2026-10-04-p0-queue/review-phase-8-iter-1-probe/mut-app/test/trader_record_test.dart: the record panel renders without overflow at 1.3x on every phone, its last call clear of the pill
00:05 +57: /home/alex/VistaColosseum/.worktrees/br-2026-10-04-p0-queue/baton-runner/br-2026-10-04-p0-queue/review-phase-8-iter-1-probe/mut-app/test/trader_record_test.dart: the record panel renders without overflow at 1.3x on every phone, its last call clear of the pill
00:05 +58: /home/alex/VistaColosseum/.worktrees/br-2026-10-04-p0-queue/baton-runner/br-2026-10-04-p0-queue/review-phase-8-iter-1-probe/mut-app/test/trader_record_test.dart: the record panel renders without overflow at 1.3x on every phone, its last call clear of the pill
00:05 +59: /home/alex/VistaColosseum/.worktrees/br-2026-10-04-p0-queue/baton-runner/br-2026-10-04-p0-queue/review-phase-8-iter-1-probe/mut-app/test/trader_record_test.dart: the record panel renders without overflow at 1.3x on every phone, its last call clear of the pill
00:05 +60: /home/alex/VistaColosseum/.worktrees/br-2026-10-04-p0-queue/baton-runner/br-2026-10-04-p0-queue/review-phase-8-iter-1-probe/mut-app/test/trader_record_test.dart: the record panel renders without overflow at 1.3x on every phone, its last call clear of the pill
00:06 +61: /home/alex/VistaColosseum/.worktrees/br-2026-10-04-p0-queue/baton-runner/br-2026-10-04-p0-queue/review-phase-8-iter-1-probe/mut-app/test/trader_record_test.dart: the record panel renders without overflow at 1.3x on every phone, its last call clear of the pill
00:06 +62: /home/alex/VistaColosseum/.worktrees/br-2026-10-04-p0-queue/baton-runner/br-2026-10-04-p0-queue/review-phase-8-iter-1-probe/mut-app/test/scenario_test.dart: Home, detail, Arena and Wallet read one position from Scenario
00:06 +63: /home/alex/VistaColosseum/.worktrees/br-2026-10-04-p0-queue/baton-runner/br-2026-10-04-p0-queue/review-phase-8-iter-1-probe/mut-app/test/scenario_test.dart: Home, detail, Arena and Wallet read one position from Scenario
00:06 +64: /home/alex/VistaColosseum/.worktrees/br-2026-10-04-p0-queue/baton-runner/br-2026-10-04-p0-queue/review-phase-8-iter-1-probe/mut-app/test/scenario_test.dart: Home, detail, Arena and Wallet read one position from Scenario
00:06 +65: /home/alex/VistaColosseum/.worktrees/br-2026-10-04-p0-queue/baton-runner/br-2026-10-04-p0-queue/review-phase-8-iter-1-probe/mut-app/test/scenario_test.dart: Home, detail, Arena and Wallet read one position from Scenario
00:06 +66: /home/alex/VistaColosseum/.worktrees/br-2026-10-04-p0-queue/baton-runner/br-2026-10-04-p0-queue/review-phase-8-iter-1-probe/mut-app/test/scenario_test.dart: Home, detail, Arena and Wallet read one position from Scenario
00:06 +67: /home/alex/VistaColosseum/.worktrees/br-2026-10-04-p0-queue/baton-runner/br-2026-10-04-p0-queue/review-phase-8-iter-1-probe/mut-app/test/scenario_test.dart: Home, detail, Arena and Wallet read one position from Scenario
00:06 +68: /home/alex/VistaColosseum/.worktrees/br-2026-10-04-p0-queue/baton-runner/br-2026-10-04-p0-queue/review-phase-8-iter-1-probe/mut-app/test/empty_states_test.dart: every core list renders an emptied scenario without overflow or exception on iPhone SE 375x667 at 1.3x
00:06 +69: /home/alex/VistaColosseum/.worktrees/br-2026-10-04-p0-queue/baton-runner/br-2026-10-04-p0-queue/review-phase-8-iter-1-probe/mut-app/test/empty_states_test.dart: every core list renders an emptied scenario without overflow or exception on iPhone SE 375x667 at 1.3x
00:06 +70: /home/alex/VistaColosseum/.worktrees/br-2026-10-04-p0-queue/baton-runner/br-2026-10-04-p0-queue/review-phase-8-iter-1-probe/mut-app/test/empty_states_test.dart: every core list renders an emptied scenario without overflow or exception on iPhone SE 375x667 at 1.3x
00:06 +71: /home/alex/VistaColosseum/.worktrees/br-2026-10-04-p0-queue/baton-runner/br-2026-10-04-p0-queue/review-phase-8-iter-1-probe/mut-app/test/empty_states_test.dart: every core list renders an emptied scenario without overflow or exception on iPhone SE 375x667 at 1.3x
00:06 +72: /home/alex/VistaColosseum/.worktrees/br-2026-10-04-p0-queue/baton-runner/br-2026-10-04-p0-queue/review-phase-8-iter-1-probe/mut-app/test/empty_states_test.dart: every core list renders an emptied scenario without overflow or exception on iPhone SE 375x667 at 1.3x
00:06 +73: /home/alex/VistaColosseum/.worktrees/br-2026-10-04-p0-queue/baton-runner/br-2026-10-04-p0-queue/review-phase-8-iter-1-probe/mut-app/test/empty_states_test.dart: every core list renders an emptied scenario without overflow or exception on iPhone SE 375x667 at 1.3x
00:06 +74: /home/alex/VistaColosseum/.worktrees/br-2026-10-04-p0-queue/baton-runner/br-2026-10-04-p0-queue/review-phase-8-iter-1-probe/mut-app/test/empty_states_test.dart: every core list renders an emptied scenario without overflow or exception on iPhone SE 375x667 at 1.3x
00:06 +75: /home/alex/VistaColosseum/.worktrees/br-2026-10-04-p0-queue/baton-runner/br-2026-10-04-p0-queue/review-phase-8-iter-1-probe/mut-app/test/empty_states_test.dart: every core list renders an emptied scenario without overflow or exception on iPhone SE 375x667 at 1.3x
00:06 +76: /home/alex/VistaColosseum/.worktrees/br-2026-10-04-p0-queue/baton-runner/br-2026-10-04-p0-queue/review-phase-8-iter-1-probe/mut-app/test/empty_states_test.dart: every core list renders an emptied scenario without overflow or exception on iPhone SE 375x667 at 1.3x
00:06 +77: /home/alex/VistaColosseum/.worktrees/br-2026-10-04-p0-queue/baton-runner/br-2026-10-04-p0-queue/review-phase-8-iter-1-probe/mut-app/test/empty_states_test.dart: every core list renders an emptied scenario without overflow or exception on iPhone SE 375x667 at 1.3x
00:07 +78: /home/alex/VistaColosseum/.worktrees/br-2026-10-04-p0-queue/baton-runner/br-2026-10-04-p0-queue/review-phase-8-iter-1-probe/mut-app/test/empty_states_test.dart: every core list renders an emptied scenario without overflow or exception on iPhone SE 375x667 at 1.3x
00:07 +79: /home/alex/VistaColosseum/.worktrees/br-2026-10-04-p0-queue/baton-runner/br-2026-10-04-p0-queue/review-phase-8-iter-1-probe/mut-app/test/empty_states_test.dart: every core list renders an emptied scenario without overflow or exception on iPhone SE 375x667 at 1.3x
00:07 +80: /home/alex/VistaColosseum/.worktrees/br-2026-10-04-p0-queue/baton-runner/br-2026-10-04-p0-queue/review-phase-8-iter-1-probe/mut-app/test/empty_states_test.dart: every core list renders an emptied scenario without overflow or exception on iPhone SE 375x667 at 1.3x
00:07 +81: /home/alex/VistaColosseum/.worktrees/br-2026-10-04-p0-queue/baton-runner/br-2026-10-04-p0-queue/review-phase-8-iter-1-probe/mut-app/test/empty_states_test.dart: every core list renders an emptied scenario without overflow or exception on iPhone SE 375x667 at 1.3x
00:07 +82: /home/alex/VistaColosseum/.worktrees/br-2026-10-04-p0-queue/baton-runner/br-2026-10-04-p0-queue/review-phase-8-iter-1-probe/mut-app/test/empty_states_test.dart: every core list renders an emptied scenario without overflow or exception on iPhone SE 375x667 at 1.3x
00:07 +83: /home/alex/VistaColosseum/.worktrees/br-2026-10-04-p0-queue/baton-runner/br-2026-10-04-p0-queue/review-phase-8-iter-1-probe/mut-app/test/empty_states_test.dart: every core list renders an emptied scenario without overflow or exception on iPhone SE 375x667 at 1.3x
00:07 +84: /home/alex/VistaColosseum/.worktrees/br-2026-10-04-p0-queue/baton-runner/br-2026-10-04-p0-queue/review-phase-8-iter-1-probe/mut-app/test/empty_states_test.dart: every core list renders an emptied scenario without overflow or exception on iPhone SE 375x667 at 1.3x
00:07 +85: /home/alex/VistaColosseum/.worktrees/br-2026-10-04-p0-queue/baton-runner/br-2026-10-04-p0-queue/review-phase-8-iter-1-probe/mut-app/test/empty_states_test.dart: every core list renders an emptied scenario without overflow or exception on iPhone SE 375x667 at 1.3x
00:07 +86: /home/alex/VistaColosseum/.worktrees/br-2026-10-04-p0-queue/baton-runner/br-2026-10-04-p0-queue/review-phase-8-iter-1-probe/mut-app/test/empty_states_test.dart: every core list renders an emptied scenario without overflow or exception on iPhone SE 375x667 at 1.3x
00:07 +87: /home/alex/VistaColosseum/.worktrees/br-2026-10-04-p0-queue/baton-runner/br-2026-10-04-p0-queue/review-phase-8-iter-1-probe/mut-app/test/empty_states_test.dart: every core list renders an emptied scenario without overflow or exception on iPhone SE 375x667 at 1.3x
00:07 +88: /home/alex/VistaColosseum/.worktrees/br-2026-10-04-p0-queue/baton-runner/br-2026-10-04-p0-queue/review-phase-8-iter-1-probe/mut-app/test/empty_states_test.dart: every core list renders an emptied scenario without overflow or exception on iPhone SE 375x667 at 1.3x
00:07 +89: /home/alex/VistaColosseum/.worktrees/br-2026-10-04-p0-queue/baton-runner/br-2026-10-04-p0-queue/review-phase-8-iter-1-probe/mut-app/test/empty_states_test.dart: every core list renders an emptied scenario without overflow or exception on iPhone SE 375x667 at 1.3x
00:07 +90: /home/alex/VistaColosseum/.worktrees/br-2026-10-04-p0-queue/baton-runner/br-2026-10-04-p0-queue/review-phase-8-iter-1-probe/mut-app/test/empty_states_test.dart: every core list renders an emptied scenario without overflow or exception on iPhone SE 375x667 at 1.3x
00:07 +91: /home/alex/VistaColosseum/.worktrees/br-2026-10-04-p0-queue/baton-runner/br-2026-10-04-p0-queue/review-phase-8-iter-1-probe/mut-app/test/empty_states_test.dart: every core list renders an emptied scenario without overflow or exception on iPhone SE 375x667 at 1.3x
00:07 +92: /home/alex/VistaColosseum/.worktrees/br-2026-10-04-p0-queue/baton-runner/br-2026-10-04-p0-queue/review-phase-8-iter-1-probe/mut-app/test/empty_states_test.dart: every core list renders an emptied scenario without overflow or exception on iPhone SE 375x667 at 1.3x
00:07 +93: /home/alex/VistaColosseum/.worktrees/br-2026-10-04-p0-queue/baton-runner/br-2026-10-04-p0-queue/review-phase-8-iter-1-probe/mut-app/test/empty_states_test.dart: every core list renders an emptied scenario without overflow or exception on iPhone SE 375x667 at 1.3x
00:07 +94: /home/alex/VistaColosseum/.worktrees/br-2026-10-04-p0-queue/baton-runner/br-2026-10-04-p0-queue/review-phase-8-iter-1-probe/mut-app/test/empty_states_test.dart: every core list renders an emptied scenario without overflow or exception on iPhone SE 375x667 at 1.3x
00:07 +95: /home/alex/VistaColosseum/.worktrees/br-2026-10-04-p0-queue/baton-runner/br-2026-10-04-p0-queue/review-phase-8-iter-1-probe/mut-app/test/trader_record_test.dart: feed card trader link opens the record panel
00:07 +96: /home/alex/VistaColosseum/.worktrees/br-2026-10-04-p0-queue/baton-runner/br-2026-10-04-p0-queue/review-phase-8-iter-1-probe/mut-app/test/trader_record_test.dart: feed card trader link opens the record panel
00:07 +97: /home/alex/VistaColosseum/.worktrees/br-2026-10-04-p0-queue/baton-runner/br-2026-10-04-p0-queue/review-phase-8-iter-1-probe/mut-app/test/trader_record_test.dart: feed card trader link opens the record panel
00:08 +98: /home/alex/VistaColosseum/.worktrees/br-2026-10-04-p0-queue/baton-runner/br-2026-10-04-p0-queue/review-phase-8-iter-1-probe/mut-app/test/trader_record_test.dart: feed card trader link opens the record panel
00:08 +99: /home/alex/VistaColosseum/.worktrees/br-2026-10-04-p0-queue/baton-runner/br-2026-10-04-p0-queue/review-phase-8-iter-1-probe/mut-app/test/trader_record_test.dart: feed card trader link opens the record panel
00:08 +100: /home/alex/VistaColosseum/.worktrees/br-2026-10-04-p0-queue/baton-runner/br-2026-10-04-p0-queue/review-phase-8-iter-1-probe/mut-app/test/home_screen_test.dart: Portfolio renders without overflow on iPhone 15 Pro Max 430x932
00:08 +101: /home/alex/VistaColosseum/.worktrees/br-2026-10-04-p0-queue/baton-runner/br-2026-10-04-p0-queue/review-phase-8-iter-1-probe/mut-app/test/review8_probe_test.dart: PROBE iPhone SE 375x667 1.3x emptied: tab2 Arena
00:08 +102: /home/alex/VistaColosseum/.worktrees/br-2026-10-04-p0-queue/baton-runner/br-2026-10-04-p0-queue/review-phase-8-iter-1-probe/mut-app/test/order_ticket_test.dart: feed review and receipt render without overflow on small Android 360x640
00:08 +103: /home/alex/VistaColosseum/.worktrees/br-2026-10-04-p0-queue/baton-runner/br-2026-10-04-p0-queue/review-phase-8-iter-1-probe/mut-app/test/empty_states_test.dart: Clear search brings back an emptied Ask or follow search
00:08 +104: /home/alex/VistaColosseum/.worktrees/br-2026-10-04-p0-queue/baton-runner/br-2026-10-04-p0-queue/review-phase-8-iter-1-probe/mut-app/test/empty_states_test.dart: Clear search brings back an emptied Ask or follow search
00:08 +105: /home/alex/VistaColosseum/.worktrees/br-2026-10-04-p0-queue/baton-runner/br-2026-10-04-p0-queue/review-phase-8-iter-1-probe/mut-app/test/empty_states_test.dart: Clear search brings back an emptied Ask or follow search
00:08 +106: /home/alex/VistaColosseum/.worktrees/br-2026-10-04-p0-queue/baton-runner/br-2026-10-04-p0-queue/review-phase-8-iter-1-probe/mut-app/test/empty_states_test.dart: Clear search brings back an emptied Ask or follow search
00:08 +107: /home/alex/VistaColosseum/.worktrees/br-2026-10-04-p0-queue/baton-runner/br-2026-10-04-p0-queue/review-phase-8-iter-1-probe/mut-app/test/empty_states_test.dart: Clear search brings back an emptied Ask or follow search
00:08 +108: /home/alex/VistaColosseum/.worktrees/br-2026-10-04-p0-queue/baton-runner/br-2026-10-04-p0-queue/review-phase-8-iter-1-probe/mut-app/test/empty_states_test.dart: Clear search brings back an emptied Ask or follow search
00:09 +109: /home/alex/VistaColosseum/.worktrees/br-2026-10-04-p0-queue/baton-runner/br-2026-10-04-p0-queue/review-phase-8-iter-1-probe/mut-app/test/trader_record_test.dart: Arena card trader link opens the record panel
00:09 +110: /home/alex/VistaColosseum/.worktrees/br-2026-10-04-p0-queue/baton-runner/br-2026-10-04-p0-queue/review-phase-8-iter-1-probe/mut-app/test/home_screen_test.dart: Home survives 1.3x text scaling on the smallest phone
00:09 +111: /home/alex/VistaColosseum/.worktrees/br-2026-10-04-p0-queue/baton-runner/br-2026-10-04-p0-queue/review-phase-8-iter-1-probe/mut-app/test/home_screen_test.dart: Home survives 1.3x text scaling on the smallest phone
00:09 +112: /home/alex/VistaColosseum/.worktrees/br-2026-10-04-p0-queue/baton-runner/br-2026-10-04-p0-queue/review-phase-8-iter-1-probe/mut-app/test/home_screen_test.dart: Home survives 1.3x text scaling on the smallest phone
00:09 +113: /home/alex/VistaColosseum/.worktrees/br-2026-10-04-p0-queue/baton-runner/br-2026-10-04-p0-queue/review-phase-8-iter-1-probe/mut-app/test/order_ticket_test.dart: feed review and receipt render without overflow on iPhone 15 393x852
00:09 +114: /home/alex/VistaColosseum/.worktrees/br-2026-10-04-p0-queue/baton-runner/br-2026-10-04-p0-queue/review-phase-8-iter-1-probe/mut-app/test/order_ticket_test.dart: feed review and receipt render without overflow on iPhone 15 393x852
00:09 +115: /home/alex/VistaColosseum/.worktrees/br-2026-10-04-p0-queue/baton-runner/br-2026-10-04-p0-queue/review-phase-8-iter-1-probe/mut-app/test/order_ticket_test.dart: feed review and receipt render without overflow on iPhone 15 393x852
00:09 +116: /home/alex/VistaColosseum/.worktrees/br-2026-10-04-p0-queue/baton-runner/br-2026-10-04-p0-queue/review-phase-8-iter-1-probe/mut-app/test/order_ticket_test.dart: feed review and receipt render without overflow on iPhone 15 393x852
00:09 +117: /home/alex/VistaColosseum/.worktrees/br-2026-10-04-p0-queue/baton-runner/br-2026-10-04-p0-queue/review-phase-8-iter-1-probe/mut-app/test/order_ticket_test.dart: feed review and receipt render without overflow on iPhone 15 393x852
00:09 +118: /home/alex/VistaColosseum/.worktrees/br-2026-10-04-p0-queue/baton-runner/br-2026-10-04-p0-queue/review-phase-8-iter-1-probe/mut-app/test/order_ticket_test.dart: feed review and receipt render without overflow on iPhone 15 393x852
00:09 +119: /home/alex/VistaColosseum/.worktrees/br-2026-10-04-p0-queue/baton-runner/br-2026-10-04-p0-queue/review-phase-8-iter-1-probe/mut-app/test/order_ticket_test.dart: feed review and receipt render without overflow on iPhone 15 393x852
00:09 +120: /home/alex/VistaColosseum/.worktrees/br-2026-10-04-p0-queue/baton-runner/br-2026-10-04-p0-queue/review-phase-8-iter-1-probe/mut-app/test/order_ticket_test.dart: feed review and receipt render without overflow on iPhone 15 393x852
00:09 +121: /home/alex/VistaColosseum/.worktrees/br-2026-10-04-p0-queue/baton-runner/br-2026-10-04-p0-queue/review-phase-8-iter-1-probe/mut-app/test/order_ticket_test.dart: feed review and receipt render without overflow on iPhone 15 393x852
00:09 +122: /home/alex/VistaColosseum/.worktrees/br-2026-10-04-p0-queue/baton-runner/br-2026-10-04-p0-queue/review-phase-8-iter-1-probe/mut-app/test/empty_states_test.dart: Simulate load failure: only the Explore list fails; Retry clears the toggle and loads it
00:09 +123: /home/alex/VistaColosseum/.worktrees/br-2026-10-04-p0-queue/baton-runner/br-2026-10-04-p0-queue/review-phase-8-iter-1-probe/mut-app/test/empty_states_test.dart: Simulate load failure: only the Explore list fails; Retry clears the toggle and loads it
00:09 +124: /home/alex/VistaColosseum/.worktrees/br-2026-10-04-p0-queue/baton-runner/br-2026-10-04-p0-queue/review-phase-8-iter-1-probe/mut-app/test/empty_states_test.dart: Simulate load failure: only the Explore list fails; Retry clears the toggle and loads it
00:09 +125: /home/alex/VistaColosseum/.worktrees/br-2026-10-04-p0-queue/baton-runner/br-2026-10-04-p0-queue/review-phase-8-iter-1-probe/mut-app/test/empty_states_test.dart: Simulate load failure: only the Explore list fails; Retry clears the toggle and loads it
00:09 +126: /home/alex/VistaColosseum/.worktrees/br-2026-10-04-p0-queue/baton-runner/br-2026-10-04-p0-queue/review-phase-8-iter-1-probe/mut-app/test/empty_states_test.dart: Simulate load failure: only the Explore list fails; Retry clears the toggle and loads it
00:10 +127: /home/alex/VistaColosseum/.worktrees/br-2026-10-04-p0-queue/baton-runner/br-2026-10-04-p0-queue/review-phase-8-iter-1-probe/mut-app/test/empty_states_test.dart: Simulate load failure: only the Explore list fails; Retry clears the toggle and loads it
00:10 +128: /home/alex/VistaColosseum/.worktrees/br-2026-10-04-p0-queue/baton-runner/br-2026-10-04-p0-queue/review-phase-8-iter-1-probe/mut-app/test/empty_states_test.dart: Simulate load failure: only the Explore list fails; Retry clears the toggle and loads it
00:10 +129: /home/alex/VistaColosseum/.worktrees/br-2026-10-04-p0-queue/baton-runner/br-2026-10-04-p0-queue/review-phase-8-iter-1-probe/mut-app/test/empty_states_test.dart: Simulate load failure: only the Explore list fails; Retry clears the toggle and loads it
00:10 +130: /home/alex/VistaColosseum/.worktrees/br-2026-10-04-p0-queue/baton-runner/br-2026-10-04-p0-queue/review-phase-8-iter-1-probe/mut-app/test/home_screen_test.dart: portfolio pager swiping the chart moves to the market cap and back
00:10 +131: /home/alex/VistaColosseum/.worktrees/br-2026-10-04-p0-queue/baton-runner/br-2026-10-04-p0-queue/review-phase-8-iter-1-probe/mut-app/test/home_screen_test.dart: portfolio pager swiping the chart moves to the market cap and back
00:10 +132: /home/alex/VistaColosseum/.worktrees/br-2026-10-04-p0-queue/baton-runner/br-2026-10-04-p0-queue/review-phase-8-iter-1-probe/mut-app/test/home_screen_test.dart: portfolio pager a short drag snaps back to where it started
00:10 +133: /home/alex/VistaColosseum/.worktrees/br-2026-10-04-p0-queue/baton-runner/br-2026-10-04-p0-queue/review-phase-8-iter-1-probe/mut-app/test/home_screen_test.dart: portfolio pager a reset that unlists the market returns to My portfolio
00:10 +134: /home/alex/VistaColosseum/.worktrees/br-2026-10-04-p0-queue/baton-runner/br-2026-10-04-p0-queue/review-phase-8-iter-1-probe/mut-app/test/home_screen_test.dart: portfolio pager a change from a zero start shows no percentage
00:11 +135: /home/alex/VistaColosseum/.worktrees/br-2026-10-04-p0-queue/baton-runner/br-2026-10-04-p0-queue/review-phase-8-iter-1-probe/mut-app/test/home_screen_test.dart: your market opens from Portfolio and goes back
00:11 +136: /home/alex/VistaColosseum/.worktrees/br-2026-10-04-p0-queue/baton-runner/br-2026-10-04-p0-queue/review-phase-8-iter-1-probe/mut-app/test/home_screen_test.dart: your market renders without overflow on small Android 360x640
00:11 +137: /home/alex/VistaColosseum/.worktrees/br-2026-10-04-p0-queue/baton-runner/br-2026-10-04-p0-queue/review-phase-8-iter-1-probe/mut-app/test/home_screen_test.dart: your market renders without overflow on iPhone SE 375x667
00:11 +138: /home/alex/VistaColosseum/.worktrees/br-2026-10-04-p0-queue/baton-runner/br-2026-10-04-p0-queue/review-phase-8-iter-1-probe/mut-app/test/home_screen_test.dart: your market renders without overflow on iPhone 15 393x852
00:12 +139: /home/alex/VistaColosseum/.worktrees/br-2026-10-04-p0-queue/baton-runner/br-2026-10-04-p0-queue/review-phase-8-iter-1-probe/mut-app/test/home_screen_test.dart: your market renders without overflow on Pixel 7 412x915
00:12 +140: /home/alex/VistaColosseum/.worktrees/br-2026-10-04-p0-queue/baton-runner/br-2026-10-04-p0-queue/review-phase-8-iter-1-probe/mut-app/test/home_screen_test.dart: your market renders without overflow on iPhone 15 Pro Max 430x932
00:12 +141: /home/alex/VistaColosseum/.worktrees/br-2026-10-04-p0-queue/baton-runner/br-2026-10-04-p0-queue/review-phase-8-iter-1-probe/mut-app/test/home_screen_test.dart: follow list Followers chip opens Followers; tabs, search, follow
00:12 +142: /home/alex/VistaColosseum/.worktrees/br-2026-10-04-p0-queue/baton-runner/br-2026-10-04-p0-queue/review-phase-8-iter-1-probe/mut-app/test/home_screen_test.dart: follow list Following chip opens on the Following tab
00:13 +143: /home/alex/VistaColosseum/.worktrees/br-2026-10-04-p0-queue/baton-runner/br-2026-10-04-p0-queue/review-phase-8-iter-1-probe/mut-app/test/home_screen_test.dart: follow list renders without overflow on small Android 360x640
00:13 +144: /home/alex/VistaColosseum/.worktrees/br-2026-10-04-p0-queue/baton-runner/br-2026-10-04-p0-queue/review-phase-8-iter-1-probe/mut-app/test/home_screen_test.dart: follow list renders without overflow on iPhone SE 375x667
00:13 +145: /home/alex/VistaColosseum/.worktrees/br-2026-10-04-p0-queue/baton-runner/br-2026-10-04-p0-queue/review-phase-8-iter-1-probe/mut-app/test/home_screen_test.dart: follow list renders without overflow on iPhone 15 393x852
00:13 +146: /home/alex/VistaColosseum/.worktrees/br-2026-10-04-p0-queue/baton-runner/br-2026-10-04-p0-queue/review-phase-8-iter-1-probe/mut-app/test/home_screen_test.dart: follow list renders without overflow on Pixel 7 412x915
00:14 +147: /home/alex/VistaColosseum/.worktrees/br-2026-10-04-p0-queue/baton-runner/br-2026-10-04-p0-queue/review-phase-8-iter-1-probe/mut-app/test/home_screen_test.dart: follow list renders without overflow on iPhone 15 Pro Max 430x932
00:14 +148: /home/alex/VistaColosseum/.worktrees/br-2026-10-04-p0-queue/baton-runner/br-2026-10-04-p0-queue/review-phase-8-iter-1-probe/mut-app/test/home_screen_test.dart: profile opens from a follower row with their handle
00:14 +149: /home/alex/VistaColosseum/.worktrees/br-2026-10-04-p0-queue/baton-runner/br-2026-10-04-p0-queue/review-phase-8-iter-1-probe/mut-app/test/home_screen_test.dart: profile a private account without a market opens the private layout
00:14 +150: /home/alex/VistaColosseum/.worktrees/br-2026-10-04-p0-queue/baton-runner/br-2026-10-04-p0-queue/review-phase-8-iter-1-probe/mut-app/test/home_screen_test.dart: profile private profile renders without overflow on small Android 360x640
00:14 +151: /home/alex/VistaColosseum/.worktrees/br-2026-10-04-p0-queue/baton-runner/br-2026-10-04-p0-queue/review-phase-8-iter-1-probe/mut-app/test/home_screen_test.dart: profile private profile renders without overflow on iPhone SE 375x667
00:15 +152: /home/alex/VistaColosseum/.worktrees/br-2026-10-04-p0-queue/baton-runner/br-2026-10-04-p0-queue/review-phase-8-iter-1-probe/mut-app/test/home_screen_test.dart: profile private profile renders without overflow on iPhone 15 393x852
00:15 +153: /home/alex/VistaColosseum/.worktrees/br-2026-10-04-p0-queue/baton-runner/br-2026-10-04-p0-queue/review-phase-8-iter-1-probe/mut-app/test/home_screen_test.dart: profile private profile renders without overflow on Pixel 7 412x915
00:15 +154: /home/alex/VistaColosseum/.worktrees/br-2026-10-04-p0-queue/baton-runner/br-2026-10-04-p0-queue/review-phase-8-iter-1-probe/mut-app/test/home_screen_test.dart: profile private profile renders without overflow on iPhone 15 Pro Max 430x932
00:15 +155: /home/alex/VistaColosseum/.worktrees/br-2026-10-04-p0-queue/baton-runner/br-2026-10-04-p0-queue/review-phase-8-iter-1-probe/mut-app/test/home_screen_test.dart: profile Home caller name opens their profile
00:15 +156: /home/alex/VistaColosseum/.worktrees/br-2026-10-04-p0-queue/baton-runner/br-2026-10-04-p0-queue/review-phase-8-iter-1-probe/mut-app/test/home_screen_test.dart: profile renders without overflow on small Android 360x640
00:16 +157: /home/alex/VistaColosseum/.worktrees/br-2026-10-04-p0-queue/baton-runner/br-2026-10-04-p0-queue/review-phase-8-iter-1-probe/mut-app/test/home_screen_test.dart: profile renders without overflow on iPhone SE 375x667
00:16 +158: /home/alex/VistaColosseum/.worktrees/br-2026-10-04-p0-queue/baton-runner/br-2026-10-04-p0-queue/review-phase-8-iter-1-probe/mut-app/test/home_screen_test.dart: profile renders without overflow on iPhone 15 393x852
00:16 +159: /home/alex/VistaColosseum/.worktrees/br-2026-10-04-p0-queue/baton-runner/br-2026-10-04-p0-queue/review-phase-8-iter-1-probe/mut-app/test/home_screen_test.dart: profile renders without overflow on Pixel 7 412x915
00:16 +160: /home/alex/VistaColosseum/.worktrees/br-2026-10-04-p0-queue/baton-runner/br-2026-10-04-p0-queue/review-phase-8-iter-1-probe/mut-app/test/home_screen_test.dart: profile renders without overflow on iPhone 15 Pro Max 430x932
00:17 +161: /home/alex/VistaColosseum/.worktrees/br-2026-10-04-p0-queue/baton-runner/br-2026-10-04-p0-queue/review-phase-8-iter-1-probe/mut-app/test/home_screen_test.dart: trader market opens on the Market panel, then Portfolio and Record
00:17 +162: /home/alex/VistaColosseum/.worktrees/br-2026-10-04-p0-queue/baton-runner/br-2026-10-04-p0-queue/review-phase-8-iter-1-probe/mut-app/test/home_screen_test.dart: trader market dragging the handle down opens the chart, up brings panels
00:17 +163: /home/alex/VistaColosseum/.worktrees/br-2026-10-04-p0-queue/baton-runner/br-2026-10-04-p0-queue/review-phase-8-iter-1-probe/mut-app/test/home_screen_test.dart: trader market renders without overflow on small Android 360x640
00:18 +164: /home/alex/VistaColosseum/.worktrees/br-2026-10-04-p0-queue/baton-runner/br-2026-10-04-p0-queue/review-phase-8-iter-1-probe/mut-app/test/home_screen_test.dart: trader market renders without overflow on iPhone SE 375x667
00:18 +165: /home/alex/VistaColosseum/.worktrees/br-2026-10-04-p0-queue/baton-runner/br-2026-10-04-p0-queue/review-phase-8-iter-1-probe/mut-app/test/home_screen_test.dart: trader market renders without overflow on iPhone 15 393x852
00:18 +166: /home/alex/VistaColosseum/.worktrees/br-2026-10-04-p0-queue/baton-runner/br-2026-10-04-p0-queue/review-phase-8-iter-1-probe/mut-app/test/home_screen_test.dart: trader market renders without overflow on Pixel 7 412x915
00:18 +167: /home/alex/VistaColosseum/.worktrees/br-2026-10-04-p0-queue/baton-runner/br-2026-10-04-p0-queue/review-phase-8-iter-1-probe/mut-app/test/home_screen_test.dart: trader market renders without overflow on iPhone 15 Pro Max 430x932
00:18 +168: /home/alex/VistaColosseum/.worktrees/br-2026-10-04-p0-queue/baton-runner/br-2026-10-04-p0-queue/review-phase-8-iter-1-probe/mut-app/test/home_screen_test.dart: markets Explore shows markets; sort, search and favourites work
00:19 +169: /home/alex/VistaColosseum/.worktrees/br-2026-10-04-p0-queue/baton-runner/br-2026-10-04-p0-queue/review-phase-8-iter-1-probe/mut-app/test/home_screen_test.dart: markets Traders tab lists trader markets and opens one
00:19 +170: /home/alex/VistaColosseum/.worktrees/br-2026-10-04-p0-queue/baton-runner/br-2026-10-04-p0-queue/review-phase-8-iter-1-probe/mut-app/test/home_screen_test.dart: markets asset page star and Explore stars share one watchlist
00:19 +171: /home/alex/VistaColosseum/.worktrees/br-2026-10-04-p0-queue/baton-runner/br-2026-10-04-p0-queue/review-phase-8-iter-1-probe/mut-app/test/home_screen_test.dart: markets trader page star updates the Traders favourites
00:19 +172: /home/alex/VistaColosseum/.worktrees/br-2026-10-04-p0-queue/baton-runner/br-2026-10-04-p0-queue/review-phase-8-iter-1-probe/mut-app/test/home_screen_test.dart: markets Edit favorites removes with undo, and order drives the rail
00:20 +173: /home/alex/VistaColosseum/.worktrees/br-2026-10-04-p0-queue/baton-runner/br-2026-10-04-p0-queue/review-phase-8-iter-1-probe/mut-app/test/home_screen_test.dart: markets Edit favorites renders without overflow on small Android 360x640
00:20 +174: /home/alex/VistaColosseum/.worktrees/br-2026-10-04-p0-queue/baton-runner/br-2026-10-04-p0-queue/review-phase-8-iter-1-probe/mut-app/test/home_screen_test.dart: markets Edit favorites renders without overflow on iPhone SE 375x667
00:20 +175: /home/alex/VistaColosseum/.worktrees/br-2026-10-04-p0-queue/baton-runner/br-2026-10-04-p0-queue/review-phase-8-iter-1-probe/mut-app/test/home_screen_test.dart: markets Edit favorites renders without overflow on iPhone 15 393x852
00:21 +176: /home/alex/VistaColosseum/.worktrees/br-2026-10-04-p0-queue/baton-runner/br-2026-10-04-p0-queue/review-phase-8-iter-1-probe/mut-app/test/home_screen_test.dart: markets Edit favorites renders without overflow on Pixel 7 412x915
00:21 +177: /home/alex/VistaColosseum/.worktrees/br-2026-10-04-p0-queue/baton-runner/br-2026-10-04-p0-queue/review-phase-8-iter-1-probe/mut-app/test/home_screen_test.dart: markets Edit favorites renders without overflow on iPhone 15 Pro Max 430x932
00:21 +178: /home/alex/VistaColosseum/.worktrees/br-2026-10-04-p0-queue/baton-runner/br-2026-10-04-p0-queue/review-phase-8-iter-1-probe/mut-app/test/home_screen_test.dart: markets renders without overflow on small Android 360x640
00:21 +179: /home/alex/VistaColosseum/.worktrees/br-2026-10-04-p0-queue/baton-runner/br-2026-10-04-p0-queue/review-phase-8-iter-1-probe/mut-app/test/home_screen_test.dart: markets renders without overflow on iPhone SE 375x667
00:21 +180: /home/alex/VistaColosseum/.worktrees/br-2026-10-04-p0-queue/baton-runner/br-2026-10-04-p0-queue/review-phase-8-iter-1-probe/mut-app/test/home_screen_test.dart: markets renders without overflow on iPhone 15 393x852
00:21 +181: /home/alex/VistaColosseum/.worktrees/br-2026-10-04-p0-queue/baton-runner/br-2026-10-04-p0-queue/review-phase-8-iter-1-probe/mut-app/test/home_screen_test.dart: markets renders without overflow on Pixel 7 412x915
00:22 +182: /home/alex/VistaColosseum/.worktrees/br-2026-10-04-p0-queue/baton-runner/br-2026-10-04-p0-queue/review-phase-8-iter-1-probe/mut-app/test/home_screen_test.dart: markets renders without overflow on iPhone 15 Pro Max 430x932
00:22 +183: /home/alex/VistaColosseum/.worktrees/br-2026-10-04-p0-queue/baton-runner/br-2026-10-04-p0-queue/review-phase-8-iter-1-probe/mut-app/test/home_screen_test.dart: arena Arena tab shows the battles with the crowd filter
00:22 +184: /home/alex/VistaColosseum/.worktrees/br-2026-10-04-p0-queue/baton-runner/br-2026-10-04-p0-queue/review-phase-8-iter-1-probe/mut-app/test/home_screen_test.dart: arena sort chips order the battles by volume, change and funding
00:22 +185: /home/alex/VistaColosseum/.worktrees/br-2026-10-04-p0-queue/baton-runner/br-2026-10-04-p0-queue/review-phase-8-iter-1-probe/mut-app/test/home_screen_test.dart: arena each battle quotes its asset as the Markets tab does
00:22 +186: /home/alex/VistaColosseum/.worktrees/br-2026-10-04-p0-queue/baton-runner/br-2026-10-04-p0-queue/review-phase-8-iter-1-probe/mut-app/test/home_screen_test.dart: arena sorts by the chip field, highest first, ties by id
00:22 +187: /home/alex/VistaColosseum/.worktrees/br-2026-10-04-p0-queue/baton-runner/br-2026-10-04-p0-queue/review-phase-8-iter-1-probe/mut-app/test/home_screen_test.dart: arena the crowd range filters the cards and the panel counts them
00:23 +188: /home/alex/VistaColosseum/.worktrees/br-2026-10-04-p0-queue/baton-runner/br-2026-10-04-p0-queue/review-phase-8-iter-1-probe/mut-app/test/home_screen_test.dart: arena an empty crowd split says so; Show all restores the cards
00:23 +189: /home/alex/VistaColosseum/.worktrees/br-2026-10-04-p0-queue/baton-runner/br-2026-10-04-p0-queue/review-phase-8-iter-1-probe/mut-app/test/home_screen_test.dart: arena Ask filters by asset; no match names the assets there are
00:23 +190: /home/alex/VistaColosseum/.worktrees/br-2026-10-04-p0-queue/baton-runner/br-2026-10-04-p0-queue/review-phase-8-iter-1-probe/mut-app/test/home_screen_test.dart: arena with the keyboard up the panel folds and Ask results show
00:23 +191: /home/alex/VistaColosseum/.worktrees/br-2026-10-04-p0-queue/baton-runner/br-2026-10-04-p0-queue/review-phase-8-iter-1-probe/mut-app/test/home_screen_test.dart: arena joining: Cancel counts nothing; a fill counts once, shows
00:24 +192: /home/alex/VistaColosseum/.worktrees/br-2026-10-04-p0-queue/baton-runner/br-2026-10-04-p0-queue/review-phase-8-iter-1-probe/mut-app/test/home_screen_test.dart: arena a battle's opinions trade that battle's asset and clash
00:24 +193: /home/alex/VistaColosseum/.worktrees/br-2026-10-04-p0-queue/baton-runner/br-2026-10-04-p0-queue/review-phase-8-iter-1-probe/mut-app/test/home_screen_test.dart: arena sort chips stay fixed while battles scroll
00:24 +194: /home/alex/VistaColosseum/.worktrees/br-2026-10-04-p0-queue/baton-runner/br-2026-10-04-p0-queue/review-phase-8-iter-1-probe/mut-app/test/home_screen_test.dart: arena a narrower range starts the list at the top
00:24 +195: /home/alex/VistaColosseum/.worktrees/br-2026-10-04-p0-queue/baton-runner/br-2026-10-04-p0-queue/review-phase-8-iter-1-probe/mut-app/test/home_screen_test.dart: arena tapping a caller opens their profile
00:24 +196: /home/alex/VistaColosseum/.worktrees/br-2026-10-04-p0-queue/baton-runner/br-2026-10-04-p0-queue/review-phase-8-iter-1-probe/mut-app/test/home_screen_test.dart: arena renders without overflow on small Android 360x640
00:25 +197: /home/alex/VistaColosseum/.worktrees/br-2026-10-04-p0-queue/baton-runner/br-2026-10-04-p0-queue/review-phase-8-iter-1-probe/mut-app/test/home_screen_test.dart: arena renders without overflow on iPhone SE 375x667
00:25 +198: /home/alex/VistaColosseum/.worktrees/br-2026-10-04-p0-queue/baton-runner/br-2026-10-04-p0-queue/review-phase-8-iter-1-probe/mut-app/test/home_screen_test.dart: arena renders without overflow on iPhone 15 393x852
00:25 +199: /home/alex/VistaColosseum/.worktrees/br-2026-10-04-p0-queue/baton-runner/br-2026-10-04-p0-queue/review-phase-8-iter-1-probe/mut-app/test/home_screen_test.dart: arena renders without overflow on Pixel 7 412x915
00:25 +200: /home/alex/VistaColosseum/.worktrees/br-2026-10-04-p0-queue/baton-runner/br-2026-10-04-p0-queue/review-phase-8-iter-1-probe/mut-app/test/home_screen_test.dart: arena renders without overflow on iPhone 15 Pro Max 430x932
00:25 +201: /home/alex/VistaColosseum/.worktrees/br-2026-10-04-p0-queue/baton-runner/br-2026-10-04-p0-queue/review-phase-8-iter-1-probe/mut-app/test/home_screen_test.dart: opinions more opinions opens the clash detail; filters and back
00:26 +202: /home/alex/VistaColosseum/.worktrees/br-2026-10-04-p0-queue/baton-runner/br-2026-10-04-p0-queue/review-phase-8-iter-1-probe/mut-app/test/home_screen_test.dart: opinions the crowd split is labelled crowd split, never odds
00:26 +203: /home/alex/VistaColosseum/.worktrees/br-2026-10-04-p0-queue/baton-runner/br-2026-10-04-p0-queue/review-phase-8-iter-1-probe/mut-app/test/home_screen_test.dart: opinions renders without overflow on small Android 360x640

Warning: A call to tap() with finder "Found 1 widget with text "+21 more opinions" (ignoring all but first): [
  Text("+21 more opinions", inherit: true, color: Color(alpha: 1.0000, red: 0.9608, green: 0.9529, blue: 1.0000, colorSpace: ColorSpace.sRGB), family: OpenRunde, size: 13.0, weight: 600, height: 1.2x, dependencies: [DefaultSelectionStyle, DefaultTextStyle, MediaQuery]),
]" derived an Offset (Offset(209.6, 464.0)) that would not hit test on the specified widget.
Maybe the widget is actually off-screen, or another widget is obscuring it, or the widget cannot receive pointer events.
The finder corresponds to this RenderBox: RenderParagraph#0b701 relayoutBoundary=up16
The hit test result at that offset is: HitTestResult(RenderDecoratedBox#05b64@Offset(209.6, 48.0), RenderFlex#e949e@Offset(209.6, 464.0), RenderCustomMultiChildLayoutBox#b5b76@Offset(209.6, 464.0), _RenderInkFeatures#92045@Offset(209.6, 464.0), RenderPhysicalModel#38ed7@Offset(209.6, 464.0), RenderSemanticsAnnotations#35b36@Offset(209.6, 464.0), RenderRepaintBoundary#c4f23@Offset(209.6, 464.0), RenderIgnorePointer#15803@Offset(209.6, 464.0), RenderAnimatedOpacity#2f398@Offset(209.6, 464.0), RenderAnimatedOpacity#4f95f@Offset(209.6, 464.0), _RenderColoredBox#287a5@Offset(209.6, 464.0), RenderAnimatedOpacity#d7247@Offset(209.6, 464.0), RenderIgnorePointer#c0218@Offset(209.6, 464.0), RenderAnimatedOpacity#26144@Offset(209.6, 464.0), RenderRepaintBoundary#b4952@Offset(209.6, 464.0), RenderSemanticsAnnotations#22e23@Offset(209.6, 464.0), RenderOffstage#79c49@Offset(209.6, 464.0), RenderSemanticsAnnotations#4e0b9@Offset(209.6, 464.0), _RenderTheater#9d3a4@Offset(209.6, 464.0), RenderAbsorbPointer#17ade@Offset(209.6, 464.0), RenderPointerListener#7addd@Offset(209.6, 464.0), RenderSemanticsAnnotations#84235@Offset(209.6, 464.0), RenderStack#a61db@Offset(209.6, 464.0), RenderSemanticsAnnotations#77e9f@Offset(209.6, 464.0), RenderSemanticsAnnotations#2afd2@Offset(209.6, 464.0), RenderSemanticsAnnotations#c381e@Offset(209.6, 464.0), RenderTapRegionSurface#730fd@Offset(209.6, 464.0), RenderSemanticsAnnotations#5708a@Offset(209.6, 464.0), RenderSemanticsAnnotations#72d07@Offset(209.6, 464.0), HitTestEntry<HitTestTarget>#56c69(_ReusableRenderView#90f58), HitTestEntry<HitTestTarget>#10c9c(<AutomatedTestWidgetsFlutterBinding>))
#0      WidgetController._getElementPoint (package:flutter_test/src/controller.dart:2165:25)
#1      WidgetController.getCenter (package:flutter_test/src/controller.dart:1947:12)
#2      WidgetController.tap (package:flutter_test/src/controller.dart:1080:7)
#3      main.<anonymous closure>.openOpinions (file:///home/alex/VistaColosseum/.worktrees/br-2026-10-04-p0-queue/baton-runner/br-2026-10-04-p0-queue/review-phase-8-iter-1-probe/mut-app/test/home_screen_test.dart:1276:20)
<asynchronous suspension>
#4      main.<anonymous closure>.<anonymous closure> (file:///home/alex/VistaColosseum/.worktrees/br-2026-10-04-p0-queue/baton-runner/br-2026-10-04-p0-queue/review-phase-8-iter-1-probe/mut-app/test/home_screen_test.dart:1319:9)
<asynchronous suspension>
#5      testWidgets.<anonymous closure>.<anonymous closure> (package:flutter_test/src/widget_tester.dart:192:15)
<asynchronous suspension>
#6      TestWidgetsFlutterBinding._runTestBody (package:flutter_test/src/binding.dart:1953:5)
<asynchronous suspension>
#7      StackZoneSpecification._registerCallback.<anonymous closure> (package:stack_trace/src/stack_zone_specification.dart:114:42)
<asynchronous suspension>
To silence this warning, pass "warnIfMissed: false" to "tap()".
To make this warning fatal, set WidgetController.hitTestWarningShouldBeFatal to true.

00:26 +204: /home/alex/VistaColosseum/.worktrees/br-2026-10-04-p0-queue/baton-runner/br-2026-10-04-p0-queue/review-phase-8-iter-1-probe/mut-app/test/home_screen_test.dart: opinions renders without overflow on iPhone SE 375x667

Warning: A call to tap() with finder "Found 1 widget with text "+21 more opinions" (ignoring all but first): [
  Text("+21 more opinions", inherit: true, color: Color(alpha: 1.0000, red: 0.9608, green: 0.9529, blue: 1.0000, colorSpace: ColorSpace.sRGB), family: OpenRunde, size: 13.0, weight: 600, height: 1.2x, dependencies: [DefaultSelectionStyle, DefaultTextStyle, MediaQuery]),
]" derived an Offset (Offset(217.1, 460.0)) that would not hit test on the specified widget.
Maybe the widget is actually off-screen, or another widget is obscuring it, or the widget cannot receive pointer events.
The finder corresponds to this RenderBox: RenderParagraph#7d127 relayoutBoundary=up16
The hit test result at that offset is: HitTestResult(RenderParagraph#8a706@Offset(201.1, 3.0), RenderFlex#764b2@Offset(201.1, 3.0), RenderFlex#93da2@Offset(201.1, 3.0), RenderExcludeSemantics#9b774@Offset(201.1, 3.0), RenderIgnorePointer#606f4@Offset(201.1, 3.0), RenderAnimatedOpacity#95ea4@Offset(201.1, 3.0), RenderPositionedBox#593a2@Offset(201.1, 3.0), RenderClipRect#4e059@Offset(201.1, 3.0), RenderFlex#a8782@Offset(201.1, 3.0), RenderPadding#ad213@Offset(217.1, 17.0), RenderDecoratedBox#fc5b6@Offset(217.1, 17.0), RenderFlex#e6714@Offset(217.1, 460.0), RenderCustomMultiChildLayoutBox#32d25@Offset(217.1, 460.0), _RenderInkFeatures#d1a8b@Offset(217.1, 460.0), RenderPhysicalModel#48c41@Offset(217.1, 460.0), RenderSemanticsAnnotations#9ac2d@Offset(217.1, 460.0), RenderRepaintBoundary#7d235@Offset(217.1, 460.0), RenderIgnorePointer#e8402@Offset(217.1, 460.0), RenderAnimatedOpacity#efe5c@Offset(217.1, 460.0), RenderAnimatedOpacity#18643@Offset(217.1, 460.0), _RenderColoredBox#53dd7@Offset(217.1, 460.0), RenderAnimatedOpacity#aa63e@Offset(217.1, 460.0), RenderIgnorePointer#89aef@Offset(217.1, 460.0), RenderAnimatedOpacity#641cc@Offset(217.1, 460.0), RenderRepaintBoundary#19afe@Offset(217.1, 460.0), RenderSemanticsAnnotations#37774@Offset(217.1, 460.0), RenderOffstage#0dfb3@Offset(217.1, 460.0), RenderSemanticsAnnotations#325a5@Offset(217.1, 460.0), _RenderTheater#e9e5e@Offset(217.1, 460.0), RenderAbsorbPointer#f1bc1@Offset(217.1, 460.0), RenderPointerListener#92d3c@Offset(217.1, 460.0), RenderSemanticsAnnotations#fd1f8@Offset(217.1, 460.0), RenderStack#a920e@Offset(217.1, 460.0), RenderSemanticsAnnotations#eece5@Offset(217.1, 460.0), RenderSemanticsAnnotations#28b7a@Offset(217.1, 460.0), RenderSemanticsAnnotations#d5ebd@Offset(217.1, 460.0), RenderTapRegionSurface#0e47b@Offset(217.1, 460.0), RenderSemanticsAnnotations#3234d@Offset(217.1, 460.0), RenderSemanticsAnnotations#45d38@Offset(217.1, 460.0), HitTestEntry<HitTestTarget>#f1409(_ReusableRenderView#90f58), HitTestEntry<HitTestTarget>#efa5d(<AutomatedTestWidgetsFlutterBinding>))
#0      WidgetController._getElementPoint (package:flutter_test/src/controller.dart:2165:25)
#1      WidgetController.getCenter (package:flutter_test/src/controller.dart:1947:12)
#2      WidgetController.tap (package:flutter_test/src/controller.dart:1080:7)
#3      main.<anonymous closure>.openOpinions (file:///home/alex/VistaColosseum/.worktrees/br-2026-10-04-p0-queue/baton-runner/br-2026-10-04-p0-queue/review-phase-8-iter-1-probe/mut-app/test/home_screen_test.dart:1276:20)
<asynchronous suspension>
#4      main.<anonymous closure>.<anonymous closure> (file:///home/alex/VistaColosseum/.worktrees/br-2026-10-04-p0-queue/baton-runner/br-2026-10-04-p0-queue/review-phase-8-iter-1-probe/mut-app/test/home_screen_test.dart:1319:9)
<asynchronous suspension>
#5      testWidgets.<anonymous closure>.<anonymous closure> (package:flutter_test/src/widget_tester.dart:192:15)
<asynchronous suspension>
#6      TestWidgetsFlutterBinding._runTestBody (package:flutter_test/src/binding.dart:1953:5)
<asynchronous suspension>
#7      StackZoneSpecification._registerCallback.<anonymous closure> (package:stack_trace/src/stack_zone_specification.dart:114:42)
<asynchronous suspension>
To silence this warning, pass "warnIfMissed: false" to "tap()".
To make this warning fatal, set WidgetController.hitTestWarningShouldBeFatal to true.

00:26 +205: /home/alex/VistaColosseum/.worktrees/br-2026-10-04-p0-queue/baton-runner/br-2026-10-04-p0-queue/review-phase-8-iter-1-probe/mut-app/test/home_screen_test.dart: opinions renders without overflow on iPhone 15 393x852
00:26 +206: /home/alex/VistaColosseum/.worktrees/br-2026-10-04-p0-queue/baton-runner/br-2026-10-04-p0-queue/review-phase-8-iter-1-probe/mut-app/test/home_screen_test.dart: opinions renders without overflow on Pixel 7 412x915
00:26 +207: /home/alex/VistaColosseum/.worktrees/br-2026-10-04-p0-queue/baton-runner/br-2026-10-04-p0-queue/review-phase-8-iter-1-probe/mut-app/test/home_screen_test.dart: opinions renders without overflow on iPhone 15 Pro Max 430x932
00:26 +208: /home/alex/VistaColosseum/.worktrees/br-2026-10-04-p0-queue/baton-runner/br-2026-10-04-p0-queue/review-phase-8-iter-1-probe/mut-app/test/home_screen_test.dart: Home top bar: handle over balance, Deposit on the right
00:27 +209: /home/alex/VistaColosseum/.worktrees/br-2026-10-04-p0-queue/baton-runner/br-2026-10-04-p0-queue/review-phase-8-iter-1-probe/mut-app/test/home_screen_test.dart: Wallet top bar: handle over balance, Deposit on the right
00:27 +210: /home/alex/VistaColosseum/.worktrees/br-2026-10-04-p0-queue/baton-runner/br-2026-10-04-p0-queue/review-phase-8-iter-1-probe/mut-app/test/home_screen_test.dart: asset trade Home Details opens the asset on the Market panel
00:27 +211: /home/alex/VistaColosseum/.worktrees/br-2026-10-04-p0-queue/baton-runner/br-2026-10-04-p0-queue/review-phase-8-iter-1-probe/mut-app/test/home_screen_test.dart: asset trade the callers Following filter reads the follows in Scenario
00:28 +212: /home/alex/VistaColosseum/.worktrees/br-2026-10-04-p0-queue/baton-runner/br-2026-10-04-p0-queue/review-phase-8-iter-1-probe/mut-app/test/home_screen_test.dart: asset trade Explore asset row opens it; handle opens the chart
00:28 +213: /home/alex/VistaColosseum/.worktrees/br-2026-10-04-p0-queue/baton-runner/br-2026-10-04-p0-queue/review-phase-8-iter-1-probe/mut-app/test/home_screen_test.dart: asset trade renders without overflow on small Android 360x640
00:28 +214: /home/alex/VistaColosseum/.worktrees/br-2026-10-04-p0-queue/baton-runner/br-2026-10-04-p0-queue/review-phase-8-iter-1-probe/mut-app/test/home_screen_test.dart: asset trade renders without overflow on iPhone SE 375x667
00:28 +215: /home/alex/VistaColosseum/.worktrees/br-2026-10-04-p0-queue/baton-runner/br-2026-10-04-p0-queue/review-phase-8-iter-1-probe/mut-app/test/home_screen_test.dart: asset trade renders without overflow on iPhone 15 393x852
00:29 +216: /home/alex/VistaColosseum/.worktrees/br-2026-10-04-p0-queue/baton-runner/br-2026-10-04-p0-queue/review-phase-8-iter-1-probe/mut-app/test/home_screen_test.dart: asset trade renders without overflow on Pixel 7 412x915
00:29 +217: /home/alex/VistaColosseum/.worktrees/br-2026-10-04-p0-queue/baton-runner/br-2026-10-04-p0-queue/review-phase-8-iter-1-probe/mut-app/test/home_screen_test.dart: asset trade renders without overflow on iPhone 15 Pro Max 430x932
00:29 +218: /home/alex/VistaColosseum/.worktrees/br-2026-10-04-p0-queue/baton-runner/br-2026-10-04-p0-queue/review-phase-8-iter-1-probe/mut-app/test/home_screen_test.dart: position sheet tapping a position slides its sheet up
00:29 +219: /home/alex/VistaColosseum/.worktrees/br-2026-10-04-p0-queue/baton-runner/br-2026-10-04-p0-queue/review-phase-8-iter-1-probe/mut-app/test/home_screen_test.dart: position sheet a short puts stop-loss above entry
00:29 +220: /home/alex/VistaColosseum/.worktrees/br-2026-10-04-p0-queue/baton-runner/br-2026-10-04-p0-queue/review-phase-8-iter-1-probe/mut-app/test/home_screen_test.dart: position sheet renders without overflow on small Android 360x640
00:30 +221: /home/alex/VistaColosseum/.worktrees/br-2026-10-04-p0-queue/baton-runner/br-2026-10-04-p0-queue/review-phase-8-iter-1-probe/mut-app/test/home_screen_test.dart: position sheet renders without overflow on iPhone SE 375x667
00:30 +222: /home/alex/VistaColosseum/.worktrees/br-2026-10-04-p0-queue/baton-runner/br-2026-10-04-p0-queue/review-phase-8-iter-1-probe/mut-app/test/home_screen_test.dart: position sheet renders without overflow on iPhone 15 393x852
00:30 +223: /home/alex/VistaColosseum/.worktrees/br-2026-10-04-p0-queue/baton-runner/br-2026-10-04-p0-queue/review-phase-8-iter-1-probe/mut-app/test/home_screen_test.dart: position sheet renders without overflow on Pixel 7 412x915
00:30 +224: /home/alex/VistaColosseum/.worktrees/br-2026-10-04-p0-queue/baton-runner/br-2026-10-04-p0-queue/review-phase-8-iter-1-probe/mut-app/test/home_screen_test.dart: position sheet renders without overflow on iPhone 15 Pro Max 430x932
00:30 +225: /home/alex/VistaColosseum/.worktrees/br-2026-10-04-p0-queue/baton-runner/br-2026-10-04-p0-queue/review-phase-8-iter-1-probe/mut-app/test/home_screen_test.dart: make a market the span drives the portfolio chart and its change
00:30 +226: /home/alex/VistaColosseum/.worktrees/br-2026-10-04-p0-queue/baton-runner/br-2026-10-04-p0-queue/review-phase-8-iter-1-probe/mut-app/test/home_screen_test.dart: make a market without a market Portfolio offers Make a market
00:31 +227: /home/alex/VistaColosseum/.worktrees/br-2026-10-04-p0-queue/baton-runner/br-2026-10-04-p0-queue/review-phase-8-iter-1-probe/mut-app/test/home_screen_test.dart: make a market the ticker field starts from the store's ticker
unhandled element <filter/>; Picture key: Svg loader
00:31 +228: /home/alex/VistaColosseum/.worktrees/br-2026-10-04-p0-queue/baton-runner/br-2026-10-04-p0-queue/review-phase-8-iter-1-probe/mut-app/test/home_screen_test.dart: make a market create → consent → live lists the market
00:31 +229: /home/alex/VistaColosseum/.worktrees/br-2026-10-04-p0-queue/baton-runner/br-2026-10-04-p0-queue/review-phase-8-iter-1-probe/mut-app/test/home_screen_test.dart: make a market flow renders without overflow on small Android 360x640
00:31 +230: /home/alex/VistaColosseum/.worktrees/br-2026-10-04-p0-queue/baton-runner/br-2026-10-04-p0-queue/review-phase-8-iter-1-probe/mut-app/test/home_screen_test.dart: make a market flow renders without overflow on iPhone SE 375x667
00:31 +231: /home/alex/VistaColosseum/.worktrees/br-2026-10-04-p0-queue/baton-runner/br-2026-10-04-p0-queue/review-phase-8-iter-1-probe/mut-app/test/home_screen_test.dart: make a market flow renders without overflow on iPhone 15 393x852
00:32 +232: /home/alex/VistaColosseum/.worktrees/br-2026-10-04-p0-queue/baton-runner/br-2026-10-04-p0-queue/review-phase-8-iter-1-probe/mut-app/test/home_screen_test.dart: make a market flow renders without overflow on Pixel 7 412x915
00:32 +233: /home/alex/VistaColosseum/.worktrees/br-2026-10-04-p0-queue/baton-runner/br-2026-10-04-p0-queue/review-phase-8-iter-1-probe/mut-app/test/home_screen_test.dart: make a market flow renders without overflow on iPhone 15 Pro Max 430x932
00:32 +234: /home/alex/VistaColosseum/.worktrees/br-2026-10-04-p0-queue/baton-runner/br-2026-10-04-p0-queue/review-phase-8-iter-1-probe/mut-app/test/home_screen_test.dart: settings gear opens Settings; notification switches update summary
00:32 +235: /home/alex/VistaColosseum/.worktrees/br-2026-10-04-p0-queue/baton-runner/br-2026-10-04-p0-queue/review-phase-8-iter-1-probe/mut-app/test/home_screen_test.dart: settings Display settings change the charts and the Long side
00:33 +236: /home/alex/VistaColosseum/.worktrees/br-2026-10-04-p0-queue/baton-runner/br-2026-10-04-p0-queue/review-phase-8-iter-1-probe/mut-app/test/home_screen_test.dart: settings renders every section without overflow on small Android 360x640
00:33 +237: /home/alex/VistaColosseum/.worktrees/br-2026-10-04-p0-queue/baton-runner/br-2026-10-04-p0-queue/review-phase-8-iter-1-probe/mut-app/test/home_screen_test.dart: settings renders every section without overflow on iPhone SE 375x667
00:33 +238: /home/alex/VistaColosseum/.worktrees/br-2026-10-04-p0-queue/baton-runner/br-2026-10-04-p0-queue/review-phase-8-iter-1-probe/mut-app/test/home_screen_test.dart: settings renders every section without overflow on iPhone 15 393x852
00:33 +239: /home/alex/VistaColosseum/.worktrees/br-2026-10-04-p0-queue/baton-runner/br-2026-10-04-p0-queue/review-phase-8-iter-1-probe/mut-app/test/home_screen_test.dart: settings renders every section without overflow on Pixel 7 412x915

Warning: A call to tap() with finder "Found 1 widget with text "Display": [
  Text("Display", inherit: true, color: Color(alpha: 1.0000, red: 0.9608, green: 0.9529, blue: 1.0000, colorSpace: ColorSpace.sRGB), family: OpenRunde, size: 13.0, weight: 400, height: 1.2x, dependencies: [DefaultSelectionStyle, DefaultTextStyle, MediaQuery, _ScrollableScope]),
]" derived an Offset (Offset(39.1, 920.0)) that would not hit test on the specified widget.
Maybe the widget is actually off-screen, or another widget is obscuring it, or the widget cannot receive pointer events.
Indeed, Offset(39.1, 920.0) is outside the bounds of the root of the render tree, Size(412.0, 915.0).
The finder corresponds to this RenderBox: RenderParagraph#9fc0b relayoutBoundary=up15
The hit test result at that offset is: HitTestResult(HitTestEntry<HitTestTarget>#ba54d(_ReusableRenderView#90f58), HitTestEntry<HitTestTarget>#022c3(<AutomatedTestWidgetsFlutterBinding>))
#0      WidgetController._getElementPoint (package:flutter_test/src/controller.dart:2165:25)
#1      WidgetController.getCenter (package:flutter_test/src/controller.dart:1947:12)
#2      WidgetController.tap (package:flutter_test/src/controller.dart:1080:7)
#3      main.<anonymous closure>.open (file:///home/alex/VistaColosseum/.worktrees/br-2026-10-04-p0-queue/baton-runner/br-2026-10-04-p0-queue/review-phase-8-iter-1-probe/mut-app/test/home_screen_test.dart:1825:20)
<asynchronous suspension>
#4      main.<anonymous closure>.<anonymous closure> (file:///home/alex/VistaColosseum/.worktrees/br-2026-10-04-p0-queue/baton-runner/br-2026-10-04-p0-queue/review-phase-8-iter-1-probe/mut-app/test/home_screen_test.dart:1892:11)
<asynchronous suspension>
#5      testWidgets.<anonymous closure>.<anonymous closure> (package:flutter_test/src/widget_tester.dart:192:15)
<asynchronous suspension>
#6      TestWidgetsFlutterBinding._runTestBody (package:flutter_test/src/binding.dart:1953:5)
<asynchronous suspension>
#7      StackZoneSpecification._registerCallback.<anonymous closure> (package:stack_trace/src/stack_zone_specification.dart:114:42)
<asynchronous suspension>
To silence this warning, pass "warnIfMissed: false" to "tap()".
To make this warning fatal, set WidgetController.hitTestWarningShouldBeFatal to true.

00:34 +240: /home/alex/VistaColosseum/.worktrees/br-2026-10-04-p0-queue/baton-runner/br-2026-10-04-p0-queue/review-phase-8-iter-1-probe/mut-app/test/home_screen_test.dart: settings renders every section without overflow on iPhone 15 Pro Max 430x932

Warning: A call to tap() with finder "Found 1 widget with text "Display": [
  Text("Display", inherit: true, color: Color(alpha: 1.0000, red: 0.9608, green: 0.9529, blue: 1.0000, colorSpace: ColorSpace.sRGB), family: OpenRunde, size: 13.0, weight: 400, height: 1.2x, dependencies: [DefaultSelectionStyle, DefaultTextStyle, MediaQuery, _ScrollableScope]),
]" derived an Offset (Offset(39.1, 955.0)) that would not hit test on the specified widget.
Maybe the widget is actually off-screen, or another widget is obscuring it, or the widget cannot receive pointer events.
Indeed, Offset(39.1, 955.0) is outside the bounds of the root of the render tree, Size(430.0, 932.0).
The finder corresponds to this RenderBox: RenderParagraph#c0053 relayoutBoundary=up15
The hit test result at that offset is: HitTestResult(HitTestEntry<HitTestTarget>#ffd39(_ReusableRenderView#90f58), HitTestEntry<HitTestTarget>#ee7a3(<AutomatedTestWidgetsFlutterBinding>))
#0      WidgetController._getElementPoint (package:flutter_test/src/controller.dart:2165:25)
#1      WidgetController.getCenter (package:flutter_test/src/controller.dart:1947:12)
#2      WidgetController.tap (package:flutter_test/src/controller.dart:1080:7)
#3      main.<anonymous closure>.open (file:///home/alex/VistaColosseum/.worktrees/br-2026-10-04-p0-queue/baton-runner/br-2026-10-04-p0-queue/review-phase-8-iter-1-probe/mut-app/test/home_screen_test.dart:1825:20)
<asynchronous suspension>
#4      main.<anonymous closure>.<anonymous closure> (file:///home/alex/VistaColosseum/.worktrees/br-2026-10-04-p0-queue/baton-runner/br-2026-10-04-p0-queue/review-phase-8-iter-1-probe/mut-app/test/home_screen_test.dart:1892:11)
<asynchronous suspension>
#5      testWidgets.<anonymous closure>.<anonymous closure> (package:flutter_test/src/widget_tester.dart:192:15)
<asynchronous suspension>
#6      TestWidgetsFlutterBinding._runTestBody (package:flutter_test/src/binding.dart:1953:5)
<asynchronous suspension>
#7      StackZoneSpecification._registerCallback.<anonymous closure> (package:stack_trace/src/stack_zone_specification.dart:114:42)
<asynchronous suspension>
To silence this warning, pass "warnIfMissed: false" to "tap()".
To make this warning fatal, set WidgetController.hitTestWarningShouldBeFatal to true.

00:34 +241: /home/alex/VistaColosseum/.worktrees/br-2026-10-04-p0-queue/baton-runner/br-2026-10-04-p0-queue/review-phase-8-iter-1-probe/mut-app/test/home_screen_test.dart: home card replay follows the Candles / Line setting
00:34 +242: /home/alex/VistaColosseum/.worktrees/br-2026-10-04-p0-queue/baton-runner/br-2026-10-04-p0-queue/review-phase-8-iter-1-probe/mut-app/test/home_screen_test.dart: replay moves the header price with the chart, events get haptics, and it lands on the live figures
00:34 +243: /home/alex/VistaColosseum/.worktrees/br-2026-10-04-p0-queue/baton-runner/br-2026-10-04-p0-queue/review-phase-8-iter-1-probe/mut-app/test/home_screen_test.dart: open orders cards show the order details; Cancel removes, Undo restores
00:34 +244: /home/alex/VistaColosseum/.worktrees/br-2026-10-04-p0-queue/baton-runner/br-2026-10-04-p0-queue/review-phase-8-iter-1-probe/mut-app/test/home_screen_test.dart: open orders renders without overflow on small Android 360x640
00:34 +245: /home/alex/VistaColosseum/.worktrees/br-2026-10-04-p0-queue/baton-runner/br-2026-10-04-p0-queue/review-phase-8-iter-1-probe/mut-app/test/home_screen_test.dart: open orders renders without overflow on iPhone SE 375x667
00:34 +246: /home/alex/VistaColosseum/.worktrees/br-2026-10-04-p0-queue/baton-runner/br-2026-10-04-p0-queue/review-phase-8-iter-1-probe/mut-app/test/home_screen_test.dart: open orders renders without overflow on iPhone 15 393x852
00:35 +247: /home/alex/VistaColosseum/.worktrees/br-2026-10-04-p0-queue/baton-runner/br-2026-10-04-p0-queue/review-phase-8-iter-1-probe/mut-app/test/home_screen_test.dart: open orders renders without overflow on Pixel 7 412x915
00:35 +248: /home/alex/VistaColosseum/.worktrees/br-2026-10-04-p0-queue/baton-runner/br-2026-10-04-p0-queue/review-phase-8-iter-1-probe/mut-app/test/home_screen_test.dart: open orders renders without overflow on iPhone 15 Pro Max 430x932
00:35 +249: /home/alex/VistaColosseum/.worktrees/br-2026-10-04-p0-queue/baton-runner/br-2026-10-04-p0-queue/review-phase-8-iter-1-probe/mut-app/test/home_screen_test.dart: markets everywhere one ETH price on Home, Explore and the trade page
00:35 +250: /home/alex/VistaColosseum/.worktrees/br-2026-10-04-p0-queue/baton-runner/br-2026-10-04-p0-queue/review-phase-8-iter-1-probe/mut-app/test/home_screen_test.dart: markets everywhere the feed has one call on every market Explore offers
00:35 +251: /home/alex/VistaColosseum/.worktrees/br-2026-10-04-p0-queue/baton-runner/br-2026-10-04-p0-queue/review-phase-8-iter-1-probe/mut-app/test/home_screen_test.dart: markets everywhere generated replays are repeatable and fit the frame
00:35 +252: /home/alex/VistaColosseum/.worktrees/br-2026-10-04-p0-queue/baton-runner/br-2026-10-04-p0-queue/review-phase-8-iter-1-probe/mut-app/test/home_screen_test.dart: markets everywhere a trader-market card opens that trader market
00:35 +253: /home/alex/VistaColosseum/.worktrees/br-2026-10-04-p0-queue/baton-runner/br-2026-10-04-p0-queue/review-phase-8-iter-1-probe/mut-app/test/home_screen_test.dart: order ticket Long opens the ticket; a limit order lands in Open orders
00:35 +254: /home/alex/VistaColosseum/.worktrees/br-2026-10-04-p0-queue/baton-runner/br-2026-10-04-p0-queue/review-phase-8-iter-1-probe/mut-app/test/home_screen_test.dart: order ticket a size beyond the margin blocks the order
00:35 +255: /home/alex/VistaColosseum/.worktrees/br-2026-10-04-p0-queue/baton-runner/br-2026-10-04-p0-queue/review-phase-8-iter-1-probe/mut-app/test/home_screen_test.dart: order ticket Arena Bull and Home Long open the ticket on that side
00:36 +256: /home/alex/VistaColosseum/.worktrees/br-2026-10-04-p0-queue/baton-runner/br-2026-10-04-p0-queue/review-phase-8-iter-1-probe/mut-app/test/home_screen_test.dart: order ticket leverage is picked on a horizontal slider
00:36 +257: /home/alex/VistaColosseum/.worktrees/br-2026-10-04-p0-queue/baton-runner/br-2026-10-04-p0-queue/review-phase-8-iter-1-probe/mut-app/test/home_screen_test.dart: order ticket ticket renders without overflow on small Android 360x640
00:36 +258: /home/alex/VistaColosseum/.worktrees/br-2026-10-04-p0-queue/baton-runner/br-2026-10-04-p0-queue/review-phase-8-iter-1-probe/mut-app/test/home_screen_test.dart: order ticket ticket renders without overflow on iPhone SE 375x667
00:36 +259: /home/alex/VistaColosseum/.worktrees/br-2026-10-04-p0-queue/baton-runner/br-2026-10-04-p0-queue/review-phase-8-iter-1-probe/mut-app/test/home_screen_test.dart: order ticket ticket renders without overflow on iPhone 15 393x852
00:36 +260: /home/alex/VistaColosseum/.worktrees/br-2026-10-04-p0-queue/baton-runner/br-2026-10-04-p0-queue/review-phase-8-iter-1-probe/mut-app/test/home_screen_test.dart: order ticket ticket renders without overflow on Pixel 7 412x915
00:36 +261: /home/alex/VistaColosseum/.worktrees/br-2026-10-04-p0-queue/baton-runner/br-2026-10-04-p0-queue/review-phase-8-iter-1-probe/mut-app/test/home_screen_test.dart: order ticket ticket renders without overflow on iPhone 15 Pro Max 430x932
00:36 +262: /home/alex/VistaColosseum/.worktrees/br-2026-10-04-p0-queue/baton-runner/br-2026-10-04-p0-queue/review-phase-8-iter-1-probe/mut-app/test/home_screen_test.dart: order ticket Set applies leverage at 1.3x text on small Android 360x640
00:36 +263: /home/alex/VistaColosseum/.worktrees/br-2026-10-04-p0-queue/baton-runner/br-2026-10-04-p0-queue/review-phase-8-iter-1-probe/mut-app/test/home_screen_test.dart: order ticket Set applies leverage at 1.3x text on iPhone SE 375x667
00:36 +264: /home/alex/VistaColosseum/.worktrees/br-2026-10-04-p0-queue/baton-runner/br-2026-10-04-p0-queue/review-phase-8-iter-1-probe/mut-app/test/home_screen_test.dart: share call Share opens the sheet with what the recipient will see
00:36 +265: /home/alex/VistaColosseum/.worktrees/br-2026-10-04-p0-queue/baton-runner/br-2026-10-04-p0-queue/review-phase-8-iter-1-probe/mut-app/test/home_screen_test.dart: share call sheet renders without overflow on small Android 360x640
00:36 +266: /home/alex/VistaColosseum/.worktrees/br-2026-10-04-p0-queue/baton-runner/br-2026-10-04-p0-queue/review-phase-8-iter-1-probe/mut-app/test/home_screen_test.dart: share call sheet renders without overflow on iPhone SE 375x667
00:36 +267: /home/alex/VistaColosseum/.worktrees/br-2026-10-04-p0-queue/baton-runner/br-2026-10-04-p0-queue/review-phase-8-iter-1-probe/mut-app/test/home_screen_test.dart: share call sheet renders without overflow on iPhone 15 393x852
00:37 +268: /home/alex/VistaColosseum/.worktrees/br-2026-10-04-p0-queue/baton-runner/br-2026-10-04-p0-queue/review-phase-8-iter-1-probe/mut-app/test/home_screen_test.dart: share call sheet renders without overflow on Pixel 7 412x915
00:37 +269: /home/alex/VistaColosseum/.worktrees/br-2026-10-04-p0-queue/baton-runner/br-2026-10-04-p0-queue/review-phase-8-iter-1-probe/mut-app/test/home_screen_test.dart: share call sheet renders without overflow on iPhone 15 Pro Max 430x932
00:37 +270: /home/alex/VistaColosseum/.worktrees/br-2026-10-04-p0-queue/baton-runner/br-2026-10-04-p0-queue/review-phase-8-iter-1-probe/mut-app/test/home_screen_test.dart: people in the rail shows the people-in count and opens who is in
00:37 +271: /home/alex/VistaColosseum/.worktrees/br-2026-10-04-p0-queue/baton-runner/br-2026-10-04-p0-queue/review-phase-8-iter-1-probe/mut-app/test/home_screen_test.dart: people in Like starts as an outline and turns red when pressed
00:37 +272: /home/alex/VistaColosseum/.worktrees/br-2026-10-04-p0-queue/baton-runner/br-2026-10-04-p0-queue/review-phase-8-iter-1-probe/mut-app/test/home_screen_test.dart: people in sheet renders without overflow on small Android 360x640
00:37 +273: /home/alex/VistaColosseum/.worktrees/br-2026-10-04-p0-queue/baton-runner/br-2026-10-04-p0-queue/review-phase-8-iter-1-probe/mut-app/test/home_screen_test.dart: people in sheet renders without overflow on iPhone SE 375x667
00:37 +274: /home/alex/VistaColosseum/.worktrees/br-2026-10-04-p0-queue/baton-runner/br-2026-10-04-p0-queue/review-phase-8-iter-1-probe/mut-app/test/home_screen_test.dart: people in sheet renders without overflow on iPhone 15 393x852
00:38 +275: /home/alex/VistaColosseum/.worktrees/br-2026-10-04-p0-queue/baton-runner/br-2026-10-04-p0-queue/review-phase-8-iter-1-probe/mut-app/test/home_screen_test.dart: people in sheet renders without overflow on Pixel 7 412x915
00:38 +276: /home/alex/VistaColosseum/.worktrees/br-2026-10-04-p0-queue/baton-runner/br-2026-10-04-p0-queue/review-phase-8-iter-1-probe/mut-app/test/home_screen_test.dart: people in sheet renders without overflow on iPhone 15 Pro Max 430x932
00:38 +277: /home/alex/VistaColosseum/.worktrees/br-2026-10-04-p0-queue/baton-runner/br-2026-10-04-p0-queue/review-phase-8-iter-1-probe/mut-app/test/home_screen_test.dart: feed order ticket opens simple: market, 2x, $200, TP/SL on
00:38 +278: /home/alex/VistaColosseum/.worktrees/br-2026-10-04-p0-queue/baton-runner/br-2026-10-04-p0-queue/review-phase-8-iter-1-probe/mut-app/test/home_screen_test.dart: feed order ticket custom opens the leverage slider
00:38 +279: /home/alex/VistaColosseum/.worktrees/br-2026-10-04-p0-queue/baton-runner/br-2026-10-04-p0-queue/review-phase-8-iter-1-probe/mut-app/test/home_screen_test.dart: feed order ticket a limit order lands in Open orders
00:38 +280: /home/alex/VistaColosseum/.worktrees/br-2026-10-04-p0-queue/baton-runner/br-2026-10-04-p0-queue/review-phase-8-iter-1-probe/mut-app/test/home_screen_test.dart: feed order ticket the amount slider snaps to its 20% stops
00:38 +281: /home/alex/VistaColosseum/.worktrees/br-2026-10-04-p0-queue/baton-runner/br-2026-10-04-p0-queue/review-phase-8-iter-1-probe/mut-app/test/home_screen_test.dart: feed order ticket an amount over the balance blocks the order
00:39 +282: /home/alex/VistaColosseum/.worktrees/br-2026-10-04-p0-queue/baton-runner/br-2026-10-04-p0-queue/review-phase-8-iter-1-probe/mut-app/test/home_screen_test.dart: feed order ticket renders without overflow on small Android 360x640
00:39 +283: /home/alex/VistaColosseum/.worktrees/br-2026-10-04-p0-queue/baton-runner/br-2026-10-04-p0-queue/review-phase-8-iter-1-probe/mut-app/test/home_screen_test.dart: feed order ticket renders without overflow on iPhone SE 375x667
00:39 +284: /home/alex/VistaColosseum/.worktrees/br-2026-10-04-p0-queue/baton-runner/br-2026-10-04-p0-queue/review-phase-8-iter-1-probe/mut-app/test/home_screen_test.dart: feed order ticket renders without overflow on iPhone 15 393x852
00:39 +285: /home/alex/VistaColosseum/.worktrees/br-2026-10-04-p0-queue/baton-runner/br-2026-10-04-p0-queue/review-phase-8-iter-1-probe/mut-app/test/home_screen_test.dart: feed order ticket renders without overflow on Pixel 7 412x915
00:39 +286: /home/alex/VistaColosseum/.worktrees/br-2026-10-04-p0-queue/baton-runner/br-2026-10-04-p0-queue/review-phase-8-iter-1-probe/mut-app/test/home_screen_test.dart: feed order ticket renders without overflow on iPhone 15 Pro Max 430x932
00:39 +287: /home/alex/VistaColosseum/.worktrees/br-2026-10-04-p0-queue/baton-runner/br-2026-10-04-p0-queue/review-phase-8-iter-1-probe/mut-app/test/home_screen_test.dart: feed order ticket custom leverage applies at 1.3x text on small Android 360x640
00:39 +288: /home/alex/VistaColosseum/.worktrees/br-2026-10-04-p0-queue/baton-runner/br-2026-10-04-p0-queue/review-phase-8-iter-1-probe/mut-app/test/home_screen_test.dart: feed order ticket custom leverage applies at 1.3x text on iPhone SE 375x667
00:39 +289: /home/alex/VistaColosseum/.worktrees/br-2026-10-04-p0-queue/baton-runner/br-2026-10-04-p0-queue/review-phase-8-iter-1-probe/mut-app/test/home_screen_test.dart: trade page Alerts lists the feed alerts on that market
00:39 +290: /home/alex/VistaColosseum/.worktrees/br-2026-10-04-p0-queue/baton-runner/br-2026-10-04-p0-queue/review-phase-8-iter-1-probe/mut-app/test/home_screen_test.dart: simulation indicator the pill shows on every tab without overflow on the smallest phone at 1.0x text
00:40 +291: /home/alex/VistaColosseum/.worktrees/br-2026-10-04-p0-queue/baton-runner/br-2026-10-04-p0-queue/review-phase-8-iter-1-probe/mut-app/test/home_screen_test.dart: simulation indicator the pill shows on every tab without overflow on the smallest phone at 1.3x text
00:40 +292: /home/alex/VistaColosseum/.worktrees/br-2026-10-04-p0-queue/baton-runner/br-2026-10-04-p0-queue/review-phase-8-iter-1-probe/mut-app/test/home_screen_test.dart: simulation indicator the pill shows on every tab and inside both order tickets on iPhone SE 375x667
00:40 +293: /home/alex/VistaColosseum/.worktrees/br-2026-10-04-p0-queue/baton-runner/br-2026-10-04-p0-queue/review-phase-8-iter-1-probe/mut-app/test/home_screen_test.dart: simulation indicator the pill shows in the make-market flow on iPhone SE 375x667
00:41 +294: /home/alex/VistaColosseum/.worktrees/br-2026-10-04-p0-queue/baton-runner/br-2026-10-04-p0-queue/review-phase-8-iter-1-probe/mut-app/test/home_screen_test.dart: simulation indicator the pill shows on every tab and inside both order tickets on iPhone 14 390x844
00:41 +295: /home/alex/VistaColosseum/.worktrees/br-2026-10-04-p0-queue/baton-runner/br-2026-10-04-p0-queue/review-phase-8-iter-1-probe/mut-app/test/home_screen_test.dart: simulation indicator the pill shows in the make-market flow on iPhone 14 390x844
00:41 +296: /home/alex/VistaColosseum/.worktrees/br-2026-10-04-p0-queue/baton-runner/br-2026-10-04-p0-queue/review-phase-8-iter-1-probe/mut-app/test/home_screen_test.dart: simulation indicator the pill sits above the safe area and the keyboard, opens one note, and toasts clear it
00:41 +297: /home/alex/VistaColosseum/.worktrees/br-2026-10-04-p0-queue/baton-runner/br-2026-10-04-p0-queue/review-phase-8-iter-1-probe/mut-app/test/home_screen_test.dart: simulation indicator Reset demo from the pill closes the sheets and routes built on the old state, and its toast shows
00:41 +298: /home/alex/VistaColosseum/.worktrees/br-2026-10-04-p0-queue/baton-runner/br-2026-10-04-p0-queue/review-phase-8-iter-1-probe/mut-app/test/home_screen_test.dart: maker suggestion two are seeded on the demo clock, one live and one expired, each from Maker and between two idea cards
00:41 +299: /home/alex/VistaColosseum/.worktrees/br-2026-10-04-p0-queue/baton-runner/br-2026-10-04-p0-queue/review-phase-8-iter-1-probe/mut-app/test/home_screen_test.dart: maker suggestion both cards render without overflow on small Android 360x640 at 1.0x text
00:41 +300: /home/alex/VistaColosseum/.worktrees/br-2026-10-04-p0-queue/baton-runner/br-2026-10-04-p0-queue/review-phase-8-iter-1-probe/mut-app/test/home_screen_test.dart: maker suggestion both cards render without overflow on iPhone SE 375x667 at 1.0x text
00:42 +301: /home/alex/VistaColosseum/.worktrees/br-2026-10-04-p0-queue/baton-runner/br-2026-10-04-p0-queue/review-phase-8-iter-1-probe/mut-app/test/home_screen_test.dart: maker suggestion both cards render without overflow on iPhone 15 393x852 at 1.0x text
00:42 +302: /home/alex/VistaColosseum/.worktrees/br-2026-10-04-p0-queue/baton-runner/br-2026-10-04-p0-queue/review-phase-8-iter-1-probe/mut-app/test/home_screen_test.dart: maker suggestion both cards render without overflow on Pixel 7 412x915 at 1.0x text
00:42 +303: /home/alex/VistaColosseum/.worktrees/br-2026-10-04-p0-queue/baton-runner/br-2026-10-04-p0-queue/review-phase-8-iter-1-probe/mut-app/test/home_screen_test.dart: maker suggestion both cards render without overflow on iPhone 15 Pro Max 430x932 at 1.0x text
00:42 +304: /home/alex/VistaColosseum/.worktrees/br-2026-10-04-p0-queue/baton-runner/br-2026-10-04-p0-queue/review-phase-8-iter-1-probe/mut-app/test/home_screen_test.dart: maker suggestion both cards render without overflow on small Android 360x640 at 1.3x text
00:42 +305: /home/alex/VistaColosseum/.worktrees/br-2026-10-04-p0-queue/baton-runner/br-2026-10-04-p0-queue/review-phase-8-iter-1-probe/mut-app/test/home_screen_test.dart: maker suggestion both cards render without overflow on iPhone SE 375x667 at 1.3x text
00:42 +306: /home/alex/VistaColosseum/.worktrees/br-2026-10-04-p0-queue/baton-runner/br-2026-10-04-p0-queue/review-phase-8-iter-1-probe/mut-app/test/home_screen_test.dart: maker suggestion both cards render without overflow on iPhone 15 393x852 at 1.3x text
00:42 +307: /home/alex/VistaColosseum/.worktrees/br-2026-10-04-p0-queue/baton-runner/br-2026-10-04-p0-queue/review-phase-8-iter-1-probe/mut-app/test/home_screen_test.dart: maker suggestion both cards render without overflow on Pixel 7 412x915 at 1.3x text
00:42 +308: /home/alex/VistaColosseum/.worktrees/br-2026-10-04-p0-queue/baton-runner/br-2026-10-04-p0-queue/review-phase-8-iter-1-probe/mut-app/test/home_screen_test.dart: maker suggestion both cards render without overflow on iPhone 15 Pro Max 430x932 at 1.3x text
00:42 +309: /home/alex/VistaColosseum/.worktrees/br-2026-10-04-p0-queue/baton-runner/br-2026-10-04-p0-queue/review-phase-8-iter-1-probe/mut-app/test/home_screen_test.dart: maker suggestion Trade this opens the ticket on the suggestion's asset and side
00:43 +310: /home/alex/VistaColosseum/.worktrees/br-2026-10-04-p0-queue/baton-runner/br-2026-10-04-p0-queue/review-phase-8-iter-1-probe/mut-app/test/home_screen_test.dart: maker suggestion a card follows the demo clock, and Trade this opens the ticket on that suggestion's asset and side
00:43 +311: /home/alex/VistaColosseum/.worktrees/br-2026-10-04-p0-queue/baton-runner/br-2026-10-04-p0-queue/review-phase-8-iter-1-probe/mut-app/test/home_screen_test.dart: maker suggestion an expired suggestion says Expired, is disabled and opens no ticket, so nothing can be confirmed
00:43 +312: /home/alex/VistaColosseum/.worktrees/br-2026-10-04-p0-queue/baton-runner/br-2026-10-04-p0-queue/review-phase-8-iter-1-probe/mut-app/test/home_screen_test.dart: maker suggestion viewing both suggestions and opening the ticket leave the store untouched
00:43 +313: /home/alex/VistaColosseum/.worktrees/br-2026-10-04-p0-queue/baton-runner/br-2026-10-04-p0-queue/review-phase-8-iter-1-probe/mut-app/test/home_screen_test.dart: (tearDownAll)
00:43 +313: All tests passed!
