Resolving dependencies...
Downloading packages...
  material_color_utilities 0.13.0 (0.13.1 available)
  meta 1.18.3 (1.19.0 available)
  petitparser 7.0.2 (7.1.0 available)
  test_api 0.7.12 (0.7.14 available)
  vector_math 2.4.0 (2.4.3 available)
  xml 7.0.1 (7.1.0 available)
Got dependencies!
6 packages have newer versions incompatible with dependency constraints.
Try `flutter pub outdated` for more information.
00:00 +0: loading /home/alex/VistaColosseum/.worktrees/br-2026-10-04-p0-queue/baton-runner/br-2026-10-04-p0-queue/gate-phase-2-iter-3/review-probes/code-reviewer/cr_nofont_probe_test.dart
00:00 +0: OT default size, no font
NOFONT OT default exception=A RenderFlex overflowed by 167 pixels on the right.
00:00 +1: FEED default amount, no font
══╡ EXCEPTION CAUGHT BY RENDERING LIBRARY ╞═════════════════════════════════════════════════════════
The following assertion was thrown during layout:
A RenderFlex overflowed by 96 pixels on the right.

The relevant error-causing widget was:
  Row
  Row:file:///home/alex/VistaColosseum/.worktrees/br-2026-10-04-p0-queue/app/lib/features/trade/feed_order_ticket.dart:243:23

The overflowing RenderFlex has an orientation of Axis.horizontal.
The edge of the RenderFlex that is overflowing has been marked in the rendering with a yellow and
black striped pattern. This is usually caused by the contents being too big for the RenderFlex.
Consider applying a flex factor (e.g. using an Expanded widget) to force the children of the
RenderFlex to fit within the available space instead of being sized to their natural size.
This is considered an error condition because it indicates that there is content that cannot be
seen. If the content is legitimately bigger than the available space, consider clipping it with a
ClipRect widget before putting it in the flex, or using a scrollable container rather than a Flex,
like a ListView.
The specific RenderFlex in question is: RenderFlex#183e4 relayoutBoundary=up22 OVERFLOWING:
  creator: Row ← Column ← Padding ← _SingleChildViewport ← IgnorePointer-[GlobalKey#56d59] ← Semantics
    ← Listener ← _GestureSemantics ←
    RawGestureDetector-[LabeledGlobalKey<RawGestureDetectorState>#08dc5] ← Listener ← _ScrollableScope
    ← _ScrollSemantics-[GlobalKey#e4d17] ← ⋯
  parentData: offset=Offset(0.0, 50.0); flex=null; fit=null (can use size)
  constraints: BoxConstraints(w=370.0, 0.0<=h<=Infinity)
  size: Size(370.0, 14.0)
  direction: horizontal
  mainAxisAlignment: start
  mainAxisSize: max
  crossAxisAlignment: center
  textDirection: ltr
  verticalDirection: down
  spacing: 0.0
◢◤◢◤◢◤◢◤◢◤◢◤◢◤◢◤◢◤◢◤◢◤◢◤◢◤◢◤◢◤◢◤◢◤◢◤◢◤◢◤◢◤◢◤◢◤◢◤◢◤◢◤◢◤◢◤◢◤◢◤◢◤◢◤◢◤◢◤◢◤◢◤◢◤◢◤◢◤◢◤◢◤◢◤◢◤◢◤◢◤◢◤◢◤◢◤◢◤◢◤
════════════════════════════════════════════════════════════════════════════════════════════════════
══╡ EXCEPTION CAUGHT BY RENDERING LIBRARY ╞═════════════════════════════════════════════════════════
The following assertion was thrown during layout:
A RenderFlex overflowed by 14 pixels on the right.

The relevant error-causing widget was:
  Row
  Row:file:///home/alex/VistaColosseum/.worktrees/br-2026-10-04-p0-queue/app/lib/features/trade/feed_order_ticket.dart:565:12

The overflowing RenderFlex has an orientation of Axis.horizontal.
The edge of the RenderFlex that is overflowing has been marked in the rendering with a yellow and
black striped pattern. This is usually caused by the contents being too big for the RenderFlex.
Consider applying a flex factor (e.g. using an Expanded widget) to force the children of the
RenderFlex to fit within the available space instead of being sized to their natural size.
This is considered an error condition because it indicates that there is content that cannot be
seen. If the content is legitimately bigger than the available space, consider clipping it with a
ClipRect widget before putting it in the flex, or using a scrollable container rather than a Flex,
like a ListView.
The specific RenderFlex in question is: RenderFlex#f3b03 relayoutBoundary=up22 OVERFLOWING:
  creator: Row ← Column ← Padding ← _SingleChildViewport ← IgnorePointer-[GlobalKey#56d59] ← Semantics
    ← Listener ← _GestureSemantics ←
    RawGestureDetector-[LabeledGlobalKey<RawGestureDetectorState>#08dc5] ← Listener ← _ScrollableScope
    ← _ScrollSemantics-[GlobalKey#e4d17] ← ⋯
  parentData: offset=Offset(0.0, 396.0); flex=null; fit=null (can use size)
  constraints: BoxConstraints(w=370.0, 0.0<=h<=Infinity)
  size: Size(370.0, 31.0)
  direction: horizontal
  mainAxisAlignment: start
  mainAxisSize: max
  crossAxisAlignment: end
  textDirection: ltr
  verticalDirection: down
  spacing: 0.0
◢◤◢◤◢◤◢◤◢◤◢◤◢◤◢◤◢◤◢◤◢◤◢◤◢◤◢◤◢◤◢◤◢◤◢◤◢◤◢◤◢◤◢◤◢◤◢◤◢◤◢◤◢◤◢◤◢◤◢◤◢◤◢◤◢◤◢◤◢◤◢◤◢◤◢◤◢◤◢◤◢◤◢◤◢◤◢◤◢◤◢◤◢◤◢◤◢◤◢◤
════════════════════════════════════════════════════════════════════════════════════════════════════
══╡ EXCEPTION CAUGHT BY RENDERING LIBRARY ╞═════════════════════════════════════════════════════════
The following assertion was thrown during layout:
A RenderFlex overflowed by 186 pixels on the right.

The relevant error-causing widget was:
  Row
  Row:file:///home/alex/VistaColosseum/.worktrees/br-2026-10-04-p0-queue/app/lib/features/trade/feed_order_ticket.dart:319:23

The overflowing RenderFlex has an orientation of Axis.horizontal.
The edge of the RenderFlex that is overflowing has been marked in the rendering with a yellow and
black striped pattern. This is usually caused by the contents being too big for the RenderFlex.
Consider applying a flex factor (e.g. using an Expanded widget) to force the children of the
RenderFlex to fit within the available space instead of being sized to their natural size.
This is considered an error condition because it indicates that there is content that cannot be
seen. If the content is legitimately bigger than the available space, consider clipping it with a
ClipRect widget before putting it in the flex, or using a scrollable container rather than a Flex,
like a ListView.
The specific RenderFlex in question is: RenderFlex#d208c relayoutBoundary=up22 OVERFLOWING:
  creator: Row ← Column ← Padding ← _SingleChildViewport ← IgnorePointer-[GlobalKey#56d59] ← Semantics
    ← Listener ← _GestureSemantics ←
    RawGestureDetector-[LabeledGlobalKey<RawGestureDetectorState>#08dc5] ← Listener ← _ScrollableScope
    ← _ScrollSemantics-[GlobalKey#e4d17] ← ⋯
  parentData: offset=Offset(0.0, 439.0); flex=null; fit=null (can use size)
  constraints: BoxConstraints(w=370.0, 0.0<=h<=Infinity)
  size: Size(370.0, 17.0)
  direction: horizontal
  mainAxisAlignment: start
  mainAxisSize: max
  crossAxisAlignment: center
  textDirection: ltr
  verticalDirection: down
  spacing: 0.0
◢◤◢◤◢◤◢◤◢◤◢◤◢◤◢◤◢◤◢◤◢◤◢◤◢◤◢◤◢◤◢◤◢◤◢◤◢◤◢◤◢◤◢◤◢◤◢◤◢◤◢◤◢◤◢◤◢◤◢◤◢◤◢◤◢◤◢◤◢◤◢◤◢◤◢◤◢◤◢◤◢◤◢◤◢◤◢◤◢◤◢◤◢◤◢◤◢◤◢◤
════════════════════════════════════════════════════════════════════════════════════════════════════
NOFONT FEED default exception=Multiple exceptions (3) were detected during the running of the current test, and at least one was unexpected.
00:01 +2: All tests passed!
