Resolving dependencies...
Downloading packages...
  material_color_utilities 0.13.0 (0.13.1 available)
  meta 1.18.3 (1.19.0 available)
  petitparser 7.0.2 (7.1.0 available)
  test_api 0.7.12 (0.7.14 available)
  vector_math 2.4.0 (2.4.3 available)
  xml 7.0.1 (7.1.0 available)
Got dependencies!
6 packages have newer versions incompatible with dependency constraints.
Try `flutter pub outdated` for more information.
00:00 +0: loading /home/alex/VistaColosseum/.worktrees/br-2026-10-04-p0-queue/app/test/order_ticket_test.dart
00:00 +0: (setUpAll)
00:00 +0: a re-quote cash cannot cover fails with no Retry
══╡ EXCEPTION CAUGHT BY FLUTTER TEST FRAMEWORK ╞════════════════════════════════════════════════════
The following TestFailure was thrown running a test:
Expected: no matching candidates
  Actual: _TextWidgetFinder:<Found 1 widget with text "Retry": [
            Text("Retry", inherit: true, color: Color(alpha: 1.0000, red: 1.0000, green: 1.0000,
blue: 1.0000, colorSpace: ColorSpace.sRGB), family: OpenRunde, size: 17.0, weight: 700, height:
1.2x, dependencies: [DefaultSelectionStyle, DefaultTextStyle, MediaQuery]),
          ]>
   Which: means one was found but none were expected

When the exception was thrown, this was the stack:
#4      main.<anonymous closure> (file:///home/alex/VistaColosseum/.worktrees/br-2026-10-04-p0-queue/app/test/order_ticket_test.dart:336:5)
<asynchronous suspension>
#5      testWidgets.<anonymous closure>.<anonymous closure> (package:flutter_test/src/widget_tester.dart:192:15)
<asynchronous suspension>
#6      TestWidgetsFlutterBinding._runTestBody (package:flutter_test/src/binding.dart:1953:5)
<asynchronous suspension>
<asynchronous suspension>
(elided one frame from package:stack_trace)

This was caught by the test expectation on the following line:
  file:///home/alex/VistaColosseum/.worktrees/br-2026-10-04-p0-queue/app/test/order_ticket_test.dart line 336
The test description was:
  a re-quote cash cannot cover fails with no Retry
════════════════════════════════════════════════════════════════════════════════════════════════════
00:00 +0 -1: a re-quote cash cannot cover fails with no Retry [E]
  Test failed. See exception logs above.
  The test description was: a re-quote cash cannot cover fails with no Retry
  
00:00 +0 -1: (tearDownAll)
00:01 +0 -1: Some tests failed.

Failing tests:
  /home/alex/VistaColosseum/.worktrees/br-2026-10-04-p0-queue/app/test/order_ticket_test.dart: a re-quote cash cannot cover fails with no Retry
