00:00 +0: loading /home/alex/VistaColosseum/.worktrees/br-2026-10-04-p0-queue/baton-runner/br-2026-10-04-p0-queue/review-phase-6-iter-1-probe/mut-app/test/receipts_test.dart
00:00 +0: (setUpAll)
00:00 +0: the store seeds 4-6 fee entries and the record's call receipts; reset restores both
00:00 +1: ledger total equals the sum of listed entries
00:01 +2: Your market fee chip shows the ledger sum and opens the ledger
00:01 +3: a market with no credits shows an empty ledger and zero
00:01 +4: the 40% share is labelled a demo assumption, with one worked example, in the ledger and the listing flow
unhandled element <filter/>; Picture key: Svg loader
00:01 +5: the ledger total stays above the simulation pill on a small phone at 1.3x text
00:01 +6: each record item opens its call receipt
══╡ EXCEPTION CAUGHT BY FLUTTER TEST FRAMEWORK ╞════════════════════════════════════════════════════
The following TestFailure was thrown running a test:
Expected: exactly one matching candidate
  Actual: _DescendantWidgetFinder:<Found 0 widgets with text "ETH reaches $4,000 by Oct 10"
descending from widgets with type "CallReceiptScreen": []>
   Which: means none were found but one was expected

When the exception was thrown, this was the stack:
#4      main.<anonymous closure> (file:///home/alex/VistaColosseum/.worktrees/br-2026-10-04-p0-queue/baton-runner/br-2026-10-04-p0-queue/review-phase-6-iter-1-probe/mut-app/test/receipts_test.dart:235:5)
<asynchronous suspension>
#5      testWidgets.<anonymous closure>.<anonymous closure> (package:flutter_test/src/widget_tester.dart:192:15)
<asynchronous suspension>
#6      TestWidgetsFlutterBinding._runTestBody (package:flutter_test/src/binding.dart:1953:5)
<asynchronous suspension>
<asynchronous suspension>
(elided one frame from package:stack_trace)

This was caught by the test expectation on the following line:
  file:///home/alex/VistaColosseum/.worktrees/br-2026-10-04-p0-queue/baton-runner/br-2026-10-04-p0-queue/review-phase-6-iter-1-probe/mut-app/test/receipts_test.dart line 235
The test description was:
  each record item opens its call receipt
════════════════════════════════════════════════════════════════════════════════════════════════════
00:02 +6 -1: each record item opens its call receipt [E]
  Test failed. See exception logs above.
  The test description was: each record item opens its call receipt
  
00:02 +6 -1: order receipts and call receipts render in separate sections
00:02 +7 -1: every All receipts link opens the receipts list
00:02 +8 -1: (tearDownAll)
00:02 +8 -1: Some tests failed.

Failing tests:
  /home/alex/VistaColosseum/.worktrees/br-2026-10-04-p0-queue/baton-runner/br-2026-10-04-p0-queue/review-phase-6-iter-1-probe/mut-app/test/receipts_test.dart: each record item opens its call receipt
