Resolving dependencies...
Downloading packages...
  material_color_utilities 0.13.0 (0.13.1 available)
  meta 1.18.3 (1.19.0 available)
  petitparser 7.0.2 (7.1.0 available)
  test_api 0.7.12 (0.7.14 available)
  vector_math 2.4.0 (2.4.3 available)
  xml 7.0.1 (7.1.0 available)
Got dependencies!
6 packages have newer versions incompatible with dependency constraints.
Try `flutter pub outdated` for more information.
00:00 +0: loading /home/alex/VistaColosseum/.worktrees/br-2026-10-04-p0-queue/baton-runner/br-2026-10-04-p0-queue/gate-phase-2-iter-3/review-probes/fintech-engineer/fintech_probe_test.dart
00:00 +0: (setUpAll)
00:00 +0: FEED typed 184467440737095517 (fonts loaded)
FEED[184467440737095517] field="184467440737095517" button=[Long $0.84 · 2x]
FEED[184467440737095517] review=[$12,480.00, ETH, $2,968.40, Is ETH poised for a breakout above $3,000?, $1.2k, $500, Ethereum · ETH, 0.0006 ETH · $1.68, $2,968.40, $0.84, $0.00, $0.84]
FEED[184467440737095517] toast=[Ethereum long filled · $0.84 from paper cash (simulated), Order filled]
FEED[184467440737095517] receipts=[[84, 0, 84]] cash=1247916
FEED[184467440737095517] layoutErrors=0 []
00:01 +1: FEED typed 10000000000000000000.84 (fonts loaded)
FEED[10000000000000000000.84] field="10000000000000000000.84" button=[Long $0.84 · 2x]
FEED[10000000000000000000.84] review=[$12,480.00, ETH, $2,968.40, Is ETH poised for a breakout above $3,000?, $1.2k, $500, Ethereum · ETH, 0.0006 ETH · $1.68, $2,968.40, $0.84, $0.00, $0.84]
FEED[10000000000000000000.84] toast=[Ethereum long filled · $0.84 from paper cash (simulated), Order filled]
FEED[10000000000000000000.84] receipts=[[84, 0, 84]] cash=1247916
FEED[10000000000000000000.84] layoutErrors=0 []
00:01 +2: FEED typed 99999999999999999 (fonts loaded)
FEED[99999999999999999] field="99999999999999999" button=[Enter an amount]
FEED[99999999999999999] receipts=[] cash=1248000
FEED[99999999999999999] layoutErrors=0 []
00:01 +3: OT 13-digit BTC size: button and summary (fonts loaded)
OT[13 digits] shown=[$67,412.00, $239M, $173M, $64,850, $69,300, Size · at $67,412.00, $900,719,925.48 · $61,008, $4,503,599.62, Not enough funds]
00:02 +3 -1: OT 13-digit BTC size: button and summary (fonts loaded) [E]
  'package:flutter_test/src/binding.dart': Failed assertion: line 1912 pos 9: '_pendingExceptionDetails != null': A test overrode FlutterError.onError but either failed to return it to its original state, or had unexpected additional errors that it could not handle. Typically, this is caused by using expect() before restoring FlutterError.onError.
  dart:core                                           _AssertionError._throwNew
  package:flutter_test/src/binding.dart 1912:9        TestWidgetsFlutterBinding._runTest.handleUncaughtError
  package:flutter_test/src/binding.dart 1921:13       TestWidgetsFlutterBinding._runTest.<fn>
  ===== asynchronous gap ===========================
  dart:async                                          _CustomZone.registerBinaryCallback
  package:flutter_test/src/binding.dart 1942:5        TestWidgetsFlutterBinding._runTestBody
  dart:async                                          _CustomZone.runBinary
  package:flutter_test/src/binding.dart 1927:10       TestWidgetsFlutterBinding._runTest
  package:flutter_test/src/binding.dart 2490:24       AutomatedTestWidgetsFlutterBinding.runTest.<fn>
  package:fake_async/fake_async.dart 182:47           FakeAsync.run.<fn>.<fn>
  dart:async                                          runZoned
  package:clock/src/default.dart 52:10                withClock
  package:fake_async/fake_async.dart 182:15           FakeAsync.run.<fn>
  dart:async                                          runZoned
  package:fake_async/fake_async.dart 181:52           FakeAsync.run
  package:flutter_test/src/binding.dart 2487:15       AutomatedTestWidgetsFlutterBinding.runTest
  package:flutter_test/src/widget_tester.dart 184:24  testWidgets.<fn>
  
09:58 +3 -2: loading /home/alex/VistaColosseum/.worktrees/br-2026-10-04-p0-queue/baton-runner/br-2026-10-04-p0-queue/gate-phase-2-iter-3/review-probes/fintech-engineer/fintech_probe_test.dart [E]
  Bad state: Cannot close sink while adding stream.
  package:stream_channel/src/guarantee_channel.dart 180:7      _GuaranteeSink.close
  package:flutter_tools/src/test/flutter_platform.dart 765:43  FlutterPlatform._startTest
  
One or more uncaught errors occurred shutting down:
  Bad state: Cannot add event while adding stream.
09:58 +3 -2: Some tests failed.

Failing tests:
  /home/alex/VistaColosseum/.worktrees/br-2026-10-04-p0-queue/baton-runner/br-2026-10-04-p0-queue/gate-phase-2-iter-3/review-probes/fintech-engineer/fintech_probe_test.dart: OT 13-digit BTC size: button and summary (fonts loaded)
  /home/alex/VistaColosseum/.worktrees/br-2026-10-04-p0-queue/baton-runner/br-2026-10-04-p0-queue/gate-phase-2-iter-3/review-probes/fintech-engineer/fintech_probe_test.dart: loading /home/alex/VistaColosseum/.worktrees/br-2026-10-04-p0-queue/baton-runner/br-2026-10-04-p0-queue/gate-phase-2-iter-3/review-probes/fintech-engineer/fintech_probe_test.dart
