Resolving dependencies...
Downloading packages...
  material_color_utilities 0.13.0 (0.13.1 available)
  meta 1.18.3 (1.19.0 available)
  petitparser 7.0.2 (7.1.0 available)
  test_api 0.7.12 (0.7.14 available)
  vector_math 2.4.0 (2.4.3 available)
  xml 7.0.1 (7.1.0 available)
Got dependencies!
6 packages have newer versions incompatible with dependency constraints.
Try `flutter pub outdated` for more information.
00:00 +0: loading /home/alex/VistaColosseum/.worktrees/br-2026-10-04-p0-queue/app/test/home_screen_test.dart
00:00 +0: (setUpAll)
00:00 +0: arena Arena tab shows the battles with the crowd filter
00:01 +1: arena sort chips order the battles by volume, change and funding
00:01 +2: arena the crowd range filters the cards and the panel counts them
00:02 +3: arena an empty crowd split says so; Show all restores the cards
00:02 +4: arena Ask filters by asset; no match names the assets there are
00:02 +5: arena joining: Cancel counts nothing; a fill counts once, shows
00:03 +6: arena a battle's opinions trade that battle's asset and clash
00:03 +7: arena sort chips stay fixed while battles scroll
00:04 +8: arena tapping a caller opens their profile
00:04 +9: arena renders without overflow on small Android 360x640
00:04 +10: arena renders without overflow on iPhone SE 375x667
00:04 +11: arena renders without overflow on iPhone 15 393x852
00:05 +12: arena renders without overflow on Pixel 7 412x915
00:05 +13: arena renders without overflow on iPhone 15 Pro Max 430x932
00:05 +14: opinions more opinions opens the clash detail; filters and back
00:05 +15: opinions the crowd split is labelled crowd split, never odds
00:05 +16: opinions renders without overflow on small Android 360x640

Warning: A call to tap() with finder "Found 1 widget with text "+21 more opinions" (ignoring all but first): [
  Text("+21 more opinions", inherit: true, color: Color(alpha: 1.0000, red: 0.9608, green: 0.9529, blue: 1.0000, colorSpace: ColorSpace.sRGB), family: OpenRunde, size: 13.0, weight: 600, height: 1.2x, dependencies: [DefaultSelectionStyle, DefaultTextStyle, MediaQuery]),
]" derived an Offset (Offset(209.6, 464.0)) that would not hit test on the specified widget.
Maybe the widget is actually off-screen, or another widget is obscuring it, or the widget cannot receive pointer events.
The finder corresponds to this RenderBox: RenderParagraph#ac0c8 relayoutBoundary=up16
The hit test result at that offset is: HitTestResult(RenderDecoratedBox#8ff31@Offset(209.6, 48.0), RenderFlex#f0004@Offset(209.6, 464.0), RenderCustomMultiChildLayoutBox#1aa2e@Offset(209.6, 464.0), _RenderInkFeatures#17892@Offset(209.6, 464.0), RenderPhysicalModel#cd409@Offset(209.6, 464.0), RenderSemanticsAnnotations#59900@Offset(209.6, 464.0), RenderRepaintBoundary#ef9eb@Offset(209.6, 464.0), RenderIgnorePointer#7c3a5@Offset(209.6, 464.0), RenderAnimatedOpacity#b684d@Offset(209.6, 464.0), RenderAnimatedOpacity#51a4d@Offset(209.6, 464.0), _RenderColoredBox#49fcb@Offset(209.6, 464.0), RenderAnimatedOpacity#bba11@Offset(209.6, 464.0), RenderIgnorePointer#f39c4@Offset(209.6, 464.0), RenderAnimatedOpacity#e277b@Offset(209.6, 464.0), RenderRepaintBoundary#14942@Offset(209.6, 464.0), RenderSemanticsAnnotations#5a7fd@Offset(209.6, 464.0), RenderOffstage#efd3d@Offset(209.6, 464.0), RenderSemanticsAnnotations#56aa1@Offset(209.6, 464.0), _RenderTheater#a5f46@Offset(209.6, 464.0), RenderAbsorbPointer#8186e@Offset(209.6, 464.0), RenderPointerListener#2d315@Offset(209.6, 464.0), RenderSemanticsAnnotations#c794d@Offset(209.6, 464.0), RenderStack#4c8c6@Offset(209.6, 464.0), RenderSemanticsAnnotations#a7c5f@Offset(209.6, 464.0), RenderSemanticsAnnotations#25159@Offset(209.6, 464.0), RenderSemanticsAnnotations#75e2d@Offset(209.6, 464.0), RenderTapRegionSurface#4a21a@Offset(209.6, 464.0), RenderSemanticsAnnotations#a1008@Offset(209.6, 464.0), RenderSemanticsAnnotations#d40e0@Offset(209.6, 464.0), HitTestEntry<HitTestTarget>#42140(_ReusableRenderView#36951), HitTestEntry<HitTestTarget>#8164b(<AutomatedTestWidgetsFlutterBinding>))
#0      WidgetController._getElementPoint (package:flutter_test/src/controller.dart:2165:25)
#1      WidgetController.getCenter (package:flutter_test/src/controller.dart:1947:12)
#2      WidgetController.tap (package:flutter_test/src/controller.dart:1080:7)
#3      main.<anonymous closure>.openOpinions (file:///home/alex/VistaColosseum/.worktrees/br-2026-10-04-p0-queue/app/test/home_screen_test.dart:1127:20)
<asynchronous suspension>
#4      main.<anonymous closure>.<anonymous closure> (file:///home/alex/VistaColosseum/.worktrees/br-2026-10-04-p0-queue/app/test/home_screen_test.dart:1170:9)
<asynchronous suspension>
#5      testWidgets.<anonymous closure>.<anonymous closure> (package:flutter_test/src/widget_tester.dart:192:15)
<asynchronous suspension>
#6      TestWidgetsFlutterBinding._runTestBody (package:flutter_test/src/binding.dart:1953:5)
<asynchronous suspension>
#7      StackZoneSpecification._registerCallback.<anonymous closure> (package:stack_trace/src/stack_zone_specification.dart:114:42)
<asynchronous suspension>
To silence this warning, pass "warnIfMissed: false" to "tap()".
To make this warning fatal, set WidgetController.hitTestWarningShouldBeFatal to true.

00:06 +17: opinions renders without overflow on iPhone SE 375x667

Warning: A call to tap() with finder "Found 1 widget with text "+21 more opinions" (ignoring all but first): [
  Text("+21 more opinions", inherit: true, color: Color(alpha: 1.0000, red: 0.9608, green: 0.9529, blue: 1.0000, colorSpace: ColorSpace.sRGB), family: OpenRunde, size: 13.0, weight: 600, height: 1.2x, dependencies: [DefaultSelectionStyle, DefaultTextStyle, MediaQuery]),
]" derived an Offset (Offset(217.1, 460.0)) that would not hit test on the specified widget.
Maybe the widget is actually off-screen, or another widget is obscuring it, or the widget cannot receive pointer events.
The finder corresponds to this RenderBox: RenderParagraph#201b3 relayoutBoundary=up16
The hit test result at that offset is: HitTestResult(RenderParagraph#38a6e@Offset(201.1, 3.0), RenderFlex#6b962@Offset(201.1, 3.0), RenderFlex#d5e94@Offset(201.1, 3.0), RenderExcludeSemantics#18c62@Offset(201.1, 3.0), RenderIgnorePointer#dddbe@Offset(201.1, 3.0), RenderAnimatedOpacity#ad575@Offset(201.1, 3.0), RenderPositionedBox#263b5@Offset(201.1, 3.0), RenderClipRect#f8c7a@Offset(201.1, 3.0), RenderFlex#f24e6@Offset(201.1, 3.0), RenderPadding#314f1@Offset(217.1, 17.0), RenderDecoratedBox#01b08@Offset(217.1, 17.0), RenderFlex#2e2f1@Offset(217.1, 460.0), RenderCustomMultiChildLayoutBox#656e6@Offset(217.1, 460.0), _RenderInkFeatures#d7f39@Offset(217.1, 460.0), RenderPhysicalModel#5741e@Offset(217.1, 460.0), RenderSemanticsAnnotations#a6acc@Offset(217.1, 460.0), RenderRepaintBoundary#704e3@Offset(217.1, 460.0), RenderIgnorePointer#82b23@Offset(217.1, 460.0), RenderAnimatedOpacity#de190@Offset(217.1, 460.0), RenderAnimatedOpacity#45423@Offset(217.1, 460.0), _RenderColoredBox#37c39@Offset(217.1, 460.0), RenderAnimatedOpacity#b6bdf@Offset(217.1, 460.0), RenderIgnorePointer#2468c@Offset(217.1, 460.0), RenderAnimatedOpacity#5fcf9@Offset(217.1, 460.0), RenderRepaintBoundary#f95a9@Offset(217.1, 460.0), RenderSemanticsAnnotations#801bb@Offset(217.1, 460.0), RenderOffstage#e99be@Offset(217.1, 460.0), RenderSemanticsAnnotations#5f3c2@Offset(217.1, 460.0), _RenderTheater#d7fd3@Offset(217.1, 460.0), RenderAbsorbPointer#1e578@Offset(217.1, 460.0), RenderPointerListener#a5dd5@Offset(217.1, 460.0), RenderSemanticsAnnotations#dcb71@Offset(217.1, 460.0), RenderStack#62c0d@Offset(217.1, 460.0), RenderSemanticsAnnotations#462a2@Offset(217.1, 460.0), RenderSemanticsAnnotations#7035e@Offset(217.1, 460.0), RenderSemanticsAnnotations#b0c11@Offset(217.1, 460.0), RenderTapRegionSurface#9ce79@Offset(217.1, 460.0), RenderSemanticsAnnotations#76b87@Offset(217.1, 460.0), RenderSemanticsAnnotations#332dc@Offset(217.1, 460.0), HitTestEntry<HitTestTarget>#b8946(_ReusableRenderView#36951), HitTestEntry<HitTestTarget>#6c865(<AutomatedTestWidgetsFlutterBinding>))
#0      WidgetController._getElementPoint (package:flutter_test/src/controller.dart:2165:25)
#1      WidgetController.getCenter (package:flutter_test/src/controller.dart:1947:12)
#2      WidgetController.tap (package:flutter_test/src/controller.dart:1080:7)
#3      main.<anonymous closure>.openOpinions (file:///home/alex/VistaColosseum/.worktrees/br-2026-10-04-p0-queue/app/test/home_screen_test.dart:1127:20)
<asynchronous suspension>
#4      main.<anonymous closure>.<anonymous closure> (file:///home/alex/VistaColosseum/.worktrees/br-2026-10-04-p0-queue/app/test/home_screen_test.dart:1170:9)
<asynchronous suspension>
#5      testWidgets.<anonymous closure>.<anonymous closure> (package:flutter_test/src/widget_tester.dart:192:15)
<asynchronous suspension>
#6      TestWidgetsFlutterBinding._runTestBody (package:flutter_test/src/binding.dart:1953:5)
<asynchronous suspension>
#7      StackZoneSpecification._registerCallback.<anonymous closure> (package:stack_trace/src/stack_zone_specification.dart:114:42)
<asynchronous suspension>
To silence this warning, pass "warnIfMissed: false" to "tap()".
To make this warning fatal, set WidgetController.hitTestWarningShouldBeFatal to true.

00:06 +18: opinions renders without overflow on iPhone 15 393x852
00:06 +19: opinions renders without overflow on Pixel 7 412x915
00:06 +20: opinions renders without overflow on iPhone 15 Pro Max 430x932
00:06 +21: (tearDownAll)
00:06 +21: All tests passed!
