Resolving dependencies...
Downloading packages...
  material_color_utilities 0.13.0 (0.13.1 available)
  meta 1.18.3 (1.19.0 available)
  petitparser 7.0.2 (7.1.0 available)
  test_api 0.7.12 (0.7.14 available)
  vector_math 2.4.0 (2.4.3 available)
  xml 7.0.1 (7.1.0 available)
Got dependencies!
6 packages have newer versions incompatible with dependency constraints.
Try `flutter pub outdated` for more information.
00:00 +0: loading /home/alex/VistaColosseum/.worktrees/br-2026-10-04-p0-queue/app/test/receipts_test.dart
00:00 +0: (setUpAll)
00:00 +0: the store seeds 4-6 fee entries and the record's call receipts; reset restores both
00:00 +1: ledger total equals the sum of listed entries
══╡ EXCEPTION CAUGHT BY FLUTTER TEST FRAMEWORK ╞════════════════════════════════════════════════════
The following TestFailure was thrown running a test:
Expected: no matching candidates
  Actual: _TextWidgetFinder:<Found 1 widget with text "$42.80": [
            Text("$42.80", inherit: true, color: Color(alpha: 1.0000, red: 0.9608, green: 0.9529,
blue: 1.0000, colorSpace: ColorSpace.sRGB), family: OpenRunde, size: 13.0, weight: 700, height:
1.2x, dependencies: [DefaultSelectionStyle, DefaultTextStyle, MediaQuery]),
          ]>
   Which: means one was found but none were expected

When the exception was thrown, this was the stack:
#4      main.<anonymous closure> (file:///home/alex/VistaColosseum/.worktrees/br-2026-10-04-p0-queue/app/test/receipts_test.dart:138:5)
<asynchronous suspension>
#5      testWidgets.<anonymous closure>.<anonymous closure> (package:flutter_test/src/widget_tester.dart:192:15)
<asynchronous suspension>
#6      TestWidgetsFlutterBinding._runTestBody (package:flutter_test/src/binding.dart:1953:5)
<asynchronous suspension>
<asynchronous suspension>
(elided one frame from package:stack_trace)

This was caught by the test expectation on the following line:
  file:///home/alex/VistaColosseum/.worktrees/br-2026-10-04-p0-queue/app/test/receipts_test.dart line 138
The test description was:
  ledger total equals the sum of listed entries
════════════════════════════════════════════════════════════════════════════════════════════════════
00:01 +1 -1: ledger total equals the sum of listed entries [E]
  Test failed. See exception logs above.
  The test description was: ledger total equals the sum of listed entries
  
00:01 +1 -1: Your market fee chip shows the ledger sum and opens the ledger
00:01 +2 -1: a market with no credits shows an empty ledger and zero
══╡ EXCEPTION CAUGHT BY FLUTTER TEST FRAMEWORK ╞════════════════════════════════════════════════════
The following TestFailure was thrown running a test:
Expected: exactly one matching candidate
  Actual: _TextWidgetFinder:<Found 0 widgets with text "$0.00": []>
   Which: means none were found but one was expected

When the exception was thrown, this was the stack:
#4      main.<anonymous closure> (file:///home/alex/VistaColosseum/.worktrees/br-2026-10-04-p0-queue/app/test/receipts_test.dart:166:5)
<asynchronous suspension>
#5      testWidgets.<anonymous closure>.<anonymous closure> (package:flutter_test/src/widget_tester.dart:192:15)
<asynchronous suspension>
#6      TestWidgetsFlutterBinding._runTestBody (package:flutter_test/src/binding.dart:1953:5)
<asynchronous suspension>
<asynchronous suspension>
(elided one frame from package:stack_trace)

This was caught by the test expectation on the following line:
  file:///home/alex/VistaColosseum/.worktrees/br-2026-10-04-p0-queue/app/test/receipts_test.dart line 166
The test description was:
  a market with no credits shows an empty ledger and zero
════════════════════════════════════════════════════════════════════════════════════════════════════
00:01 +2 -2: a market with no credits shows an empty ledger and zero [E]
  Test failed. See exception logs above.
  The test description was: a market with no credits shows an empty ledger and zero
  
00:01 +2 -2: the 40% share is labelled a demo assumption, with one worked example, in the ledger and the listing flow
unhandled element <filter/>; Picture key: Svg loader
00:02 +3 -2: the ledger total stays above the simulation pill on a small phone at 1.3x text
00:02 +4 -2: each record item opens its call receipt
00:02 +5 -2: order receipts and call receipts render in separate sections
00:02 +6 -2: every All receipts link opens the receipts list
00:02 +7 -2: (tearDownAll)
00:02 +7 -2: Some tests failed.

Failing tests:
  /home/alex/VistaColosseum/.worktrees/br-2026-10-04-p0-queue/app/test/receipts_test.dart: a market with no credits shows an empty ledger and zero
  /home/alex/VistaColosseum/.worktrees/br-2026-10-04-p0-queue/app/test/receipts_test.dart: ledger total equals the sum of listed entries
