Resolving dependencies...
Downloading packages...
  material_color_utilities 0.13.0 (0.13.1 available)
  meta 1.18.3 (1.19.0 available)
  petitparser 7.0.2 (7.1.0 available)
  test_api 0.7.12 (0.7.14 available)
  vector_math 2.4.0 (2.4.3 available)
  xml 7.0.1 (7.1.0 available)
Got dependencies!
6 packages have newer versions incompatible with dependency constraints.
Try `flutter pub outdated` for more information.
00:00 +0: loading /home/alex/VistaColosseum/.worktrees/br-2026-10-04-p0-queue/app/test/receipts_test.dart
00:00 +0: /home/alex/VistaColosseum/.worktrees/br-2026-10-04-p0-queue/app/test/receipts_test.dart: (setUpAll)
00:00 +0: /home/alex/VistaColosseum/.worktrees/br-2026-10-04-p0-queue/app/test/receipts_test.dart: the store seeds 4-6 fee entries and the record's call receipts; reset restores both
00:00 +1: /home/alex/VistaColosseum/.worktrees/br-2026-10-04-p0-queue/app/test/receipts_test.dart: ledger total equals the sum of listed entries
00:00 +2: /home/alex/VistaColosseum/.worktrees/br-2026-10-04-p0-queue/app/test/receipts_test.dart: ledger total equals the sum of listed entries
00:00 +3: /home/alex/VistaColosseum/.worktrees/br-2026-10-04-p0-queue/app/test/receipts_test.dart: ledger total equals the sum of listed entries
══╡ EXCEPTION CAUGHT BY FLUTTER TEST FRAMEWORK ╞════════════════════════════════════════════════════
The following TestFailure was thrown running a test:
Expected: exactly one matching candidate
  Actual: _TypeWidgetFinder:<Found 0 widgets with type "LedgerScreen": []>
   Which: means none were found but one was expected

When the exception was thrown, this was the stack:
#4      main.<anonymous closure> (file:///home/alex/VistaColosseum/.worktrees/br-2026-10-04-p0-queue/app/test/receipts_test.dart:123:5)
<asynchronous suspension>
#5      testWidgets.<anonymous closure>.<anonymous closure> (package:flutter_test/src/widget_tester.dart:192:15)
<asynchronous suspension>
#6      TestWidgetsFlutterBinding._runTestBody (package:flutter_test/src/binding.dart:1953:5)
<asynchronous suspension>
<asynchronous suspension>
(elided one frame from package:stack_trace)

This was caught by the test expectation on the following line:
  file:///home/alex/VistaColosseum/.worktrees/br-2026-10-04-p0-queue/app/test/receipts_test.dart line 123
The test description was:
  ledger total equals the sum of listed entries
════════════════════════════════════════════════════════════════════════════════════════════════════
00:01 +3 -1: /home/alex/VistaColosseum/.worktrees/br-2026-10-04-p0-queue/app/test/scenario_test.dart: Reset demo in Settings restores the fixture, closes Settings and says so
00:01 +3 -1: /home/alex/VistaColosseum/.worktrees/br-2026-10-04-p0-queue/app/test/receipts_test.dart: ledger total equals the sum of listed entries [E]
  Test failed. See exception logs above.
  The test description was: ledger total equals the sum of listed entries
  
00:01 +4 -1: /home/alex/VistaColosseum/.worktrees/br-2026-10-04-p0-queue/app/test/receipts_test.dart: Your market fee chip shows the ledger sum and opens the ledger
══╡ EXCEPTION CAUGHT BY FLUTTER TEST FRAMEWORK ╞════════════════════════════════════════════════════
The following TestFailure was thrown running a test:
Expected: exactly one matching candidate
  Actual: _TypeWidgetFinder:<Found 0 widgets with type "LedgerScreen": []>
   Which: means none were found but one was expected

When the exception was thrown, this was the stack:
#4      main.<anonymous closure> (file:///home/alex/VistaColosseum/.worktrees/br-2026-10-04-p0-queue/app/test/receipts_test.dart:151:5)
<asynchronous suspension>
#5      testWidgets.<anonymous closure>.<anonymous closure> (package:flutter_test/src/widget_tester.dart:192:15)
<asynchronous suspension>
#6      TestWidgetsFlutterBinding._runTestBody (package:flutter_test/src/binding.dart:1953:5)
<asynchronous suspension>
<asynchronous suspension>
(elided one frame from package:stack_trace)

This was caught by the test expectation on the following line:
  file:///home/alex/VistaColosseum/.worktrees/br-2026-10-04-p0-queue/app/test/receipts_test.dart line 151
The test description was:
  Your market fee chip shows the ledger sum and opens the ledger
════════════════════════════════════════════════════════════════════════════════════════════════════
00:01 +4 -2: /home/alex/VistaColosseum/.worktrees/br-2026-10-04-p0-queue/app/test/scenario_test.dart: the simulated pill explains itself; its Reset demo is the Settings reset
00:01 +4 -2: /home/alex/VistaColosseum/.worktrees/br-2026-10-04-p0-queue/app/test/receipts_test.dart: Your market fee chip shows the ledger sum and opens the ledger [E]
  Test failed. See exception logs above.
  The test description was: Your market fee chip shows the ledger sum and opens the ledger
  
00:02 +4 -2: /home/alex/VistaColosseum/.worktrees/br-2026-10-04-p0-queue/app/test/receipts_test.dart: a market with no credits shows an empty ledger and zero
══╡ EXCEPTION CAUGHT BY FLUTTER TEST FRAMEWORK ╞════════════════════════════════════════════════════
The following StateError was thrown running a test:
Bad state: No element

When the exception was thrown, this was the stack:
#0      Iterable.single (dart:core/iterable.dart:694:25)
#1      WidgetController.element (package:flutter_test/src/controller.dart:888:30)
#2      WidgetController.ensureVisible (package:flutter_test/src/controller.dart:2389:32)
#3      tapAndSettle (file:///home/alex/VistaColosseum/.worktrees/br-2026-10-04-p0-queue/app/test/receipts_test.dart:50:16)
#4      main.<anonymous closure> (file:///home/alex/VistaColosseum/.worktrees/br-2026-10-04-p0-queue/app/test/receipts_test.dart:161:11)
<asynchronous suspension>
#5      testWidgets.<anonymous closure>.<anonymous closure> (package:flutter_test/src/widget_tester.dart:192:15)
<asynchronous suspension>
#6      TestWidgetsFlutterBinding._runTestBody (package:flutter_test/src/binding.dart:1953:5)
<asynchronous suspension>
<asynchronous suspension>
(elided one frame from package:stack_trace)

The test description was:
  a market with no credits shows an empty ledger and zero
════════════════════════════════════════════════════════════════════════════════════════════════════
00:02 +4 -3: /home/alex/VistaColosseum/.worktrees/br-2026-10-04-p0-queue/app/test/scenario_test.dart: the simulated pill explains itself; its Reset demo is the Settings reset
00:02 +4 -3: /home/alex/VistaColosseum/.worktrees/br-2026-10-04-p0-queue/app/test/receipts_test.dart: a market with no credits shows an empty ledger and zero [E]
  Test failed. See exception logs above.
  The test description was: a market with no credits shows an empty ledger and zero
  
00:02 +4 -3: /home/alex/VistaColosseum/.worktrees/br-2026-10-04-p0-queue/app/test/receipts_test.dart: the 40% share is labelled a demo assumption, with one worked example, in the ledger and the listing flow
══╡ EXCEPTION CAUGHT BY FLUTTER TEST FRAMEWORK ╞════════════════════════════════════════════════════
The following TestFailure was thrown running a test:
Expected: exactly one matching candidate
  Actual: _TextWidgetFinder:<Found 0 widgets with text "Illustrative demo ledger · 40% share is a
demo assumption": []>
   Which: means none were found but one was expected

When the exception was thrown, this was the stack:
#4      main.<anonymous closure> (file:///home/alex/VistaColosseum/.worktrees/br-2026-10-04-p0-queue/app/test/receipts_test.dart:172:5)
<asynchronous suspension>
#5      testWidgets.<anonymous closure>.<anonymous closure> (package:flutter_test/src/widget_tester.dart:192:15)
<asynchronous suspension>
#6      TestWidgetsFlutterBinding._runTestBody (package:flutter_test/src/binding.dart:1953:5)
<asynchronous suspension>
<asynchronous suspension>
(elided one frame from package:stack_trace)

This was caught by the test expectation on the following line:
  file:///home/alex/VistaColosseum/.worktrees/br-2026-10-04-p0-queue/app/test/receipts_test.dart line 172
The test description was:
  the 40% share is labelled a demo assumption, with one worked example, in the ledger and the
  listing flow
════════════════════════════════════════════════════════════════════════════════════════════════════
00:02 +4 -4: /home/alex/VistaColosseum/.worktrees/br-2026-10-04-p0-queue/app/test/scenario_test.dart: the simulated pill explains itself; its Reset demo is the Settings reset
00:02 +4 -4: /home/alex/VistaColosseum/.worktrees/br-2026-10-04-p0-queue/app/test/receipts_test.dart: the 40% share is labelled a demo assumption, with one worked example, in the ledger and the listing flow [E]
  Test failed. See exception logs above.
  The test description was: the 40% share is labelled a demo assumption, with one worked example, in the ledger and the listing flow
  
00:02 +4 -4: /home/alex/VistaColosseum/.worktrees/br-2026-10-04-p0-queue/app/test/receipts_test.dart: the ledger total stays above the simulation pill on a small phone at 1.3x text
══╡ EXCEPTION CAUGHT BY FLUTTER TEST FRAMEWORK ╞════════════════════════════════════════════════════
The following TestFailure was thrown running a test:
Expected: at least one matching candidate
  Actual: _TextWidgetFinder:<Found 0 widgets with text "$42.80": []>
   Which: means none were found but some were expected

When the exception was thrown, this was the stack:
#4      expectPillClear (file:///home/alex/VistaColosseum/.worktrees/br-2026-10-04-p0-queue/app/test/home_screen_test.dart:60:3)
#5      main.<anonymous closure> (file:///home/alex/VistaColosseum/.worktrees/br-2026-10-04-p0-queue/app/test/receipts_test.dart:202:5)
<asynchronous suspension>
#6      testWidgets.<anonymous closure>.<anonymous closure> (package:flutter_test/src/widget_tester.dart:192:15)
<asynchronous suspension>
#7      TestWidgetsFlutterBinding._runTestBody (package:flutter_test/src/binding.dart:1953:5)
<asynchronous suspension>
<asynchronous suspension>
(elided one frame from package:stack_trace)

This was caught by the test expectation on the following line:
  file:///home/alex/VistaColosseum/.worktrees/br-2026-10-04-p0-queue/app/test/home_screen_test.dart line 60
The test description was:
  the ledger total stays above the simulation pill on a small phone at 1.3x text
════════════════════════════════════════════════════════════════════════════════════════════════════
00:02 +4 -5: /home/alex/VistaColosseum/.worktrees/br-2026-10-04-p0-queue/app/test/scenario_test.dart: the simulated pill explains itself; its Reset demo is the Settings reset
00:02 +4 -5: /home/alex/VistaColosseum/.worktrees/br-2026-10-04-p0-queue/app/test/receipts_test.dart: the ledger total stays above the simulation pill on a small phone at 1.3x text [E]
  Test failed. See exception logs above.
  The test description was: the ledger total stays above the simulation pill on a small phone at 1.3x text
  
00:02 +4 -5: /home/alex/VistaColosseum/.worktrees/br-2026-10-04-p0-queue/app/test/receipts_test.dart: each record item opens its call receipt
══╡ EXCEPTION CAUGHT BY FLUTTER TEST FRAMEWORK ╞════════════════════════════════════════════════════
The following TestFailure was thrown running a test:
Expected: exactly one matching candidate
  Actual: _TypeWidgetFinder:<Found 0 widgets with type "CallReceiptScreen": []>
   Which: means none were found but one was expected

When the exception was thrown, this was the stack:
#4      main.<anonymous closure> (file:///home/alex/VistaColosseum/.worktrees/br-2026-10-04-p0-queue/app/test/receipts_test.dart:213:7)
<asynchronous suspension>
#5      testWidgets.<anonymous closure>.<anonymous closure> (package:flutter_test/src/widget_tester.dart:192:15)
<asynchronous suspension>
#6      TestWidgetsFlutterBinding._runTestBody (package:flutter_test/src/binding.dart:1953:5)
<asynchronous suspension>
<asynchronous suspension>
(elided one frame from package:stack_trace)

This was caught by the test expectation on the following line:
  file:///home/alex/VistaColosseum/.worktrees/br-2026-10-04-p0-queue/app/test/receipts_test.dart line 213
The test description was:
  each record item opens its call receipt
════════════════════════════════════════════════════════════════════════════════════════════════════
00:02 +4 -6: /home/alex/VistaColosseum/.worktrees/br-2026-10-04-p0-queue/app/test/scenario_test.dart: the simulated pill explains itself; its Reset demo is the Settings reset
00:02 +4 -6: /home/alex/VistaColosseum/.worktrees/br-2026-10-04-p0-queue/app/test/receipts_test.dart: each record item opens its call receipt [E]
  Test failed. See exception logs above.
  The test description was: each record item opens its call receipt
  
00:02 +5 -6: /home/alex/VistaColosseum/.worktrees/br-2026-10-04-p0-queue/app/test/receipts_test.dart: order receipts and call receipts render in separate sections
══╡ EXCEPTION CAUGHT BY FLUTTER TEST FRAMEWORK ╞════════════════════════════════════════════════════
The following TestFailure was thrown running a test:
Expected: exactly one matching candidate
  Actual: _TypeWidgetFinder:<Found 0 widgets with type "ReceiptsScreen": []>
   Which: means none were found but one was expected

When the exception was thrown, this was the stack:
#4      main.<anonymous closure> (file:///home/alex/VistaColosseum/.worktrees/br-2026-10-04-p0-queue/app/test/receipts_test.dart:260:5)
<asynchronous suspension>
#5      testWidgets.<anonymous closure>.<anonymous closure> (package:flutter_test/src/widget_tester.dart:192:15)
<asynchronous suspension>
#6      TestWidgetsFlutterBinding._runTestBody (package:flutter_test/src/binding.dart:1953:5)
<asynchronous suspension>
<asynchronous suspension>
(elided one frame from package:stack_trace)

This was caught by the test expectation on the following line:
  file:///home/alex/VistaColosseum/.worktrees/br-2026-10-04-p0-queue/app/test/receipts_test.dart line 260
The test description was:
  order receipts and call receipts render in separate sections
════════════════════════════════════════════════════════════════════════════════════════════════════
00:02 +5 -7: /home/alex/VistaColosseum/.worktrees/br-2026-10-04-p0-queue/app/test/scenario_test.dart: Wallet lists the positions held in Scenario
00:02 +5 -7: /home/alex/VistaColosseum/.worktrees/br-2026-10-04-p0-queue/app/test/receipts_test.dart: order receipts and call receipts render in separate sections [E]
  Test failed. See exception logs above.
  The test description was: order receipts and call receipts render in separate sections
  
00:02 +5 -7: /home/alex/VistaColosseum/.worktrees/br-2026-10-04-p0-queue/app/test/receipts_test.dart: every All receipts link opens the receipts list
══╡ EXCEPTION CAUGHT BY FLUTTER TEST FRAMEWORK ╞════════════════════════════════════════════════════
The following TestFailure was thrown running a test:
Expected: exactly one matching candidate
  Actual: _TypeWidgetFinder:<Found 0 widgets with type "ReceiptsScreen": []>
   Which: means none were found but one was expected

When the exception was thrown, this was the stack:
#4      main.<anonymous closure> (file:///home/alex/VistaColosseum/.worktrees/br-2026-10-04-p0-queue/app/test/receipts_test.dart:289:5)
<asynchronous suspension>
#5      testWidgets.<anonymous closure>.<anonymous closure> (package:flutter_test/src/widget_tester.dart:192:15)
<asynchronous suspension>
#6      TestWidgetsFlutterBinding._runTestBody (package:flutter_test/src/binding.dart:1953:5)
<asynchronous suspension>
<asynchronous suspension>
(elided one frame from package:stack_trace)

This was caught by the test expectation on the following line:
  file:///home/alex/VistaColosseum/.worktrees/br-2026-10-04-p0-queue/app/test/receipts_test.dart line 289
The test description was:
  every All receipts link opens the receipts list
════════════════════════════════════════════════════════════════════════════════════════════════════
00:02 +5 -8: /home/alex/VistaColosseum/.worktrees/br-2026-10-04-p0-queue/app/test/scenario_test.dart: Wallet lists the positions held in Scenario
00:02 +5 -8: /home/alex/VistaColosseum/.worktrees/br-2026-10-04-p0-queue/app/test/receipts_test.dart: every All receipts link opens the receipts list [E]
  Test failed. See exception logs above.
  The test description was: every All receipts link opens the receipts list
  
00:02 +5 -8: /home/alex/VistaColosseum/.worktrees/br-2026-10-04-p0-queue/app/test/scenario_test.dart: Wallet lists the positions held in Scenario
00:02 +6 -8: /home/alex/VistaColosseum/.worktrees/br-2026-10-04-p0-queue/app/test/scenario_test.dart: Home, detail, Arena and Wallet read one position from Scenario
00:03 +7 -8: /home/alex/VistaColosseum/.worktrees/br-2026-10-04-p0-queue/app/test/scenario_test.dart: placeOrder rounds once and review, receipt and Wallet totals reconcile
00:03 +8 -8: /home/alex/VistaColosseum/.worktrees/br-2026-10-04-p0-queue/app/test/scenario_test.dart: a clash fill joins its side once per action; a failure joins none
00:03 +9 -8: /home/alex/VistaColosseum/.worktrees/br-2026-10-04-p0-queue/app/test/scenario_test.dart: placeOrder with a repeated actionId returns the first result
00:03 +10 -8: /home/alex/VistaColosseum/.worktrees/br-2026-10-04-p0-queue/app/test/scenario_test.dart: a stale price fails with no change; refreshed, the action fills once
00:03 +11 -8: /home/alex/VistaColosseum/.worktrees/br-2026-10-04-p0-queue/app/test/scenario_test.dart: more than cash covers fails and changes nothing
00:03 +12 -8: /home/alex/VistaColosseum/.worktrees/br-2026-10-04-p0-queue/app/test/scenario_test.dart: a size the cent math cannot hold fails and changes nothing
00:03 +13 -8: /home/alex/VistaColosseum/.worktrees/br-2026-10-04-p0-queue/app/test/scenario_test.dart: the fee rounds down, once (VC-ORD-003)
00:03 +14 -8: /home/alex/VistaColosseum/.worktrees/br-2026-10-04-p0-queue/app/test/scenario_test.dart: a reduce-only market order is refused; a reduce-only limit rests
00:03 +15 -8: /home/alex/VistaColosseum/.worktrees/br-2026-10-04-p0-queue/app/test/scenario_test.dart: an unset or non-finite take profit or stop loss is refused
00:03 +16 -8: /home/alex/VistaColosseum/.worktrees/br-2026-10-04-p0-queue/app/test/scenario_test.dart: a trader-index intent is refused on every order kind and changes nothing
00:03 +17 -8: /home/alex/VistaColosseum/.worktrees/br-2026-10-04-p0-queue/app/test/scenario_test.dart: a dust, non-finite or unlevered order fails and changes nothing
00:03 +18 -8: /home/alex/VistaColosseum/.worktrees/br-2026-10-04-p0-queue/app/test/scenario_test.dart: a limit intent rests in Open orders and moves no cash
00:03 +19 -8: /home/alex/VistaColosseum/.worktrees/br-2026-10-04-p0-queue/app/test/scenario_test.dart: Follow buttons read and write the follows in Scenario
00:03 +20 -8: /home/alex/VistaColosseum/.worktrees/br-2026-10-04-p0-queue/app/test/scenario_test.dart: (tearDownAll)
00:03 +20 -8: Some tests failed.

Failing tests:
  /home/alex/VistaColosseum/.worktrees/br-2026-10-04-p0-queue/app/test/receipts_test.dart: Your market fee chip shows the ledger sum and opens the ledger
  /home/alex/VistaColosseum/.worktrees/br-2026-10-04-p0-queue/app/test/receipts_test.dart: a market with no credits shows an empty ledger and zero
  /home/alex/VistaColosseum/.worktrees/br-2026-10-04-p0-queue/app/test/receipts_test.dart: each record item opens its call receipt
  /home/alex/VistaColosseum/.worktrees/br-2026-10-04-p0-queue/app/test/receipts_test.dart: every All receipts link opens the receipts list
  ... and 4 more
