00:00 +0: loading /home/alex/VistaColosseum/.worktrees/br-2026-10-04-p0-queue/baton-runner/br-2026-10-04-p0-queue/review-phase-5-iter-1-probe/mut-app/test/home_screen_test.dart
00:00 +0: (setUpAll)
00:00 +0: maker suggestion two are seeded on the demo clock, one live and one expired, each from Maker and between two idea cards
00:00 +0 -1: maker suggestion two are seeded on the demo clock, one live and one expired, each from Maker and between two idea cards [E]
  Expected: [true, false]
    Actual: [true, true]
     Which: at location [1] is <true> instead of <false>
  
  package:matcher                                     expect
  package:flutter_test/src/widget_tester.dart 473:18  expect
  test/home_screen_test.dart 2837:7                   main.<fn>.<fn>
  
00:00 +0 -1: maker suggestion both cards render without overflow on small Android 360x640 at 1.0x text
══╡ EXCEPTION CAUGHT BY FLUTTER TEST FRAMEWORK ╞════════════════════════════════════════════════════
The following TestFailure was thrown running a test:
Expected: at least one matching candidate
  Actual: _AncestorWidgetFinder:<Found 0 widgets with type "VistaPrimaryButton" that are ancestors
of widgets with text "Expired": []>
   Which: means none were found but some were expected

When the exception was thrown, this was the stack:
#4      expectPillClear (file:///home/alex/VistaColosseum/.worktrees/br-2026-10-04-p0-queue/baton-runner/br-2026-10-04-p0-queue/review-phase-5-iter-1-probe/mut-app/test/home_screen_test.dart:60:3)
#5      main.<anonymous closure>.<anonymous closure> (file:///home/alex/VistaColosseum/.worktrees/br-2026-10-04-p0-queue/baton-runner/br-2026-10-04-p0-queue/review-phase-5-iter-1-probe/mut-app/test/home_screen_test.dart:2876:13)
<asynchronous suspension>
#6      testWidgets.<anonymous closure>.<anonymous closure> (package:flutter_test/src/widget_tester.dart:192:15)
<asynchronous suspension>
#7      TestWidgetsFlutterBinding._runTestBody (package:flutter_test/src/binding.dart:1953:5)
<asynchronous suspension>
<asynchronous suspension>
(elided one frame from package:stack_trace)

This was caught by the test expectation on the following line:
  file:///home/alex/VistaColosseum/.worktrees/br-2026-10-04-p0-queue/baton-runner/br-2026-10-04-p0-queue/review-phase-5-iter-1-probe/mut-app/test/home_screen_test.dart line 60
The test description was:
  both cards render without overflow on small Android 360x640 at 1.0x text
════════════════════════════════════════════════════════════════════════════════════════════════════
00:01 +0 -2: maker suggestion both cards render without overflow on small Android 360x640 at 1.0x text [E]
  Test failed. See exception logs above.
  The test description was: both cards render without overflow on small Android 360x640 at 1.0x text
  
00:01 +0 -2: maker suggestion both cards render without overflow on iPhone SE 375x667 at 1.0x text
══╡ EXCEPTION CAUGHT BY FLUTTER TEST FRAMEWORK ╞════════════════════════════════════════════════════
The following TestFailure was thrown running a test:
Expected: at least one matching candidate
  Actual: _AncestorWidgetFinder:<Found 0 widgets with type "VistaPrimaryButton" that are ancestors
of widgets with text "Expired": []>
   Which: means none were found but some were expected

When the exception was thrown, this was the stack:
#4      expectPillClear (file:///home/alex/VistaColosseum/.worktrees/br-2026-10-04-p0-queue/baton-runner/br-2026-10-04-p0-queue/review-phase-5-iter-1-probe/mut-app/test/home_screen_test.dart:60:3)
#5      main.<anonymous closure>.<anonymous closure> (file:///home/alex/VistaColosseum/.worktrees/br-2026-10-04-p0-queue/baton-runner/br-2026-10-04-p0-queue/review-phase-5-iter-1-probe/mut-app/test/home_screen_test.dart:2876:13)
<asynchronous suspension>
#6      testWidgets.<anonymous closure>.<anonymous closure> (package:flutter_test/src/widget_tester.dart:192:15)
<asynchronous suspension>
#7      TestWidgetsFlutterBinding._runTestBody (package:flutter_test/src/binding.dart:1953:5)
<asynchronous suspension>
<asynchronous suspension>
(elided one frame from package:stack_trace)

This was caught by the test expectation on the following line:
  file:///home/alex/VistaColosseum/.worktrees/br-2026-10-04-p0-queue/baton-runner/br-2026-10-04-p0-queue/review-phase-5-iter-1-probe/mut-app/test/home_screen_test.dart line 60
The test description was:
  both cards render without overflow on iPhone SE 375x667 at 1.0x text
════════════════════════════════════════════════════════════════════════════════════════════════════
00:02 +0 -3: maker suggestion both cards render without overflow on iPhone SE 375x667 at 1.0x text [E]
  Test failed. See exception logs above.
  The test description was: both cards render without overflow on iPhone SE 375x667 at 1.0x text
  
00:02 +0 -3: maker suggestion both cards render without overflow on iPhone 15 393x852 at 1.0x text
══╡ EXCEPTION CAUGHT BY FLUTTER TEST FRAMEWORK ╞════════════════════════════════════════════════════
The following TestFailure was thrown running a test:
Expected: at least one matching candidate
  Actual: _AncestorWidgetFinder:<Found 0 widgets with type "VistaPrimaryButton" that are ancestors
of widgets with text "Expired": []>
   Which: means none were found but some were expected

When the exception was thrown, this was the stack:
#4      expectPillClear (file:///home/alex/VistaColosseum/.worktrees/br-2026-10-04-p0-queue/baton-runner/br-2026-10-04-p0-queue/review-phase-5-iter-1-probe/mut-app/test/home_screen_test.dart:60:3)
#5      main.<anonymous closure>.<anonymous closure> (file:///home/alex/VistaColosseum/.worktrees/br-2026-10-04-p0-queue/baton-runner/br-2026-10-04-p0-queue/review-phase-5-iter-1-probe/mut-app/test/home_screen_test.dart:2876:13)
<asynchronous suspension>
#6      testWidgets.<anonymous closure>.<anonymous closure> (package:flutter_test/src/widget_tester.dart:192:15)
<asynchronous suspension>
#7      TestWidgetsFlutterBinding._runTestBody (package:flutter_test/src/binding.dart:1953:5)
<asynchronous suspension>
<asynchronous suspension>
(elided one frame from package:stack_trace)

This was caught by the test expectation on the following line:
  file:///home/alex/VistaColosseum/.worktrees/br-2026-10-04-p0-queue/baton-runner/br-2026-10-04-p0-queue/review-phase-5-iter-1-probe/mut-app/test/home_screen_test.dart line 60
The test description was:
  both cards render without overflow on iPhone 15 393x852 at 1.0x text
════════════════════════════════════════════════════════════════════════════════════════════════════
00:02 +0 -4: maker suggestion both cards render without overflow on iPhone 15 393x852 at 1.0x text [E]
  Test failed. See exception logs above.
  The test description was: both cards render without overflow on iPhone 15 393x852 at 1.0x text
  
00:02 +0 -4: maker suggestion both cards render without overflow on Pixel 7 412x915 at 1.0x text
══╡ EXCEPTION CAUGHT BY FLUTTER TEST FRAMEWORK ╞════════════════════════════════════════════════════
The following TestFailure was thrown running a test:
Expected: at least one matching candidate
  Actual: _AncestorWidgetFinder:<Found 0 widgets with type "VistaPrimaryButton" that are ancestors
of widgets with text "Expired": []>
   Which: means none were found but some were expected

When the exception was thrown, this was the stack:
#4      expectPillClear (file:///home/alex/VistaColosseum/.worktrees/br-2026-10-04-p0-queue/baton-runner/br-2026-10-04-p0-queue/review-phase-5-iter-1-probe/mut-app/test/home_screen_test.dart:60:3)
#5      main.<anonymous closure>.<anonymous closure> (file:///home/alex/VistaColosseum/.worktrees/br-2026-10-04-p0-queue/baton-runner/br-2026-10-04-p0-queue/review-phase-5-iter-1-probe/mut-app/test/home_screen_test.dart:2876:13)
<asynchronous suspension>
#6      testWidgets.<anonymous closure>.<anonymous closure> (package:flutter_test/src/widget_tester.dart:192:15)
<asynchronous suspension>
#7      TestWidgetsFlutterBinding._runTestBody (package:flutter_test/src/binding.dart:1953:5)
<asynchronous suspension>
<asynchronous suspension>
(elided one frame from package:stack_trace)

This was caught by the test expectation on the following line:
  file:///home/alex/VistaColosseum/.worktrees/br-2026-10-04-p0-queue/baton-runner/br-2026-10-04-p0-queue/review-phase-5-iter-1-probe/mut-app/test/home_screen_test.dart line 60
The test description was:
  both cards render without overflow on Pixel 7 412x915 at 1.0x text
════════════════════════════════════════════════════════════════════════════════════════════════════
00:03 +0 -5: maker suggestion both cards render without overflow on Pixel 7 412x915 at 1.0x text [E]
  Test failed. See exception logs above.
  The test description was: both cards render without overflow on Pixel 7 412x915 at 1.0x text
  
00:03 +0 -5: maker suggestion both cards render without overflow on iPhone 15 Pro Max 430x932 at 1.0x text
══╡ EXCEPTION CAUGHT BY FLUTTER TEST FRAMEWORK ╞════════════════════════════════════════════════════
The following TestFailure was thrown running a test:
Expected: at least one matching candidate
  Actual: _AncestorWidgetFinder:<Found 0 widgets with type "VistaPrimaryButton" that are ancestors
of widgets with text "Expired": []>
   Which: means none were found but some were expected

When the exception was thrown, this was the stack:
#4      expectPillClear (file:///home/alex/VistaColosseum/.worktrees/br-2026-10-04-p0-queue/baton-runner/br-2026-10-04-p0-queue/review-phase-5-iter-1-probe/mut-app/test/home_screen_test.dart:60:3)
#5      main.<anonymous closure>.<anonymous closure> (file:///home/alex/VistaColosseum/.worktrees/br-2026-10-04-p0-queue/baton-runner/br-2026-10-04-p0-queue/review-phase-5-iter-1-probe/mut-app/test/home_screen_test.dart:2876:13)
<asynchronous suspension>
#6      testWidgets.<anonymous closure>.<anonymous closure> (package:flutter_test/src/widget_tester.dart:192:15)
<asynchronous suspension>
#7      TestWidgetsFlutterBinding._runTestBody (package:flutter_test/src/binding.dart:1953:5)
<asynchronous suspension>
<asynchronous suspension>
(elided one frame from package:stack_trace)

This was caught by the test expectation on the following line:
  file:///home/alex/VistaColosseum/.worktrees/br-2026-10-04-p0-queue/baton-runner/br-2026-10-04-p0-queue/review-phase-5-iter-1-probe/mut-app/test/home_screen_test.dart line 60
The test description was:
  both cards render without overflow on iPhone 15 Pro Max 430x932 at 1.0x text
════════════════════════════════════════════════════════════════════════════════════════════════════
00:03 +0 -6: maker suggestion both cards render without overflow on iPhone 15 Pro Max 430x932 at 1.0x text [E]
  Test failed. See exception logs above.
  The test description was: both cards render without overflow on iPhone 15 Pro Max 430x932 at 1.0x text
  
00:03 +0 -6: maker suggestion both cards render without overflow on small Android 360x640 at 1.3x text
══╡ EXCEPTION CAUGHT BY FLUTTER TEST FRAMEWORK ╞════════════════════════════════════════════════════
The following TestFailure was thrown running a test:
Expected: at least one matching candidate
  Actual: _AncestorWidgetFinder:<Found 0 widgets with type "VistaPrimaryButton" that are ancestors
of widgets with text "Expired": []>
   Which: means none were found but some were expected

When the exception was thrown, this was the stack:
#4      expectPillClear (file:///home/alex/VistaColosseum/.worktrees/br-2026-10-04-p0-queue/baton-runner/br-2026-10-04-p0-queue/review-phase-5-iter-1-probe/mut-app/test/home_screen_test.dart:60:3)
#5      main.<anonymous closure>.<anonymous closure> (file:///home/alex/VistaColosseum/.worktrees/br-2026-10-04-p0-queue/baton-runner/br-2026-10-04-p0-queue/review-phase-5-iter-1-probe/mut-app/test/home_screen_test.dart:2876:13)
<asynchronous suspension>
#6      testWidgets.<anonymous closure>.<anonymous closure> (package:flutter_test/src/widget_tester.dart:192:15)
<asynchronous suspension>
#7      TestWidgetsFlutterBinding._runTestBody (package:flutter_test/src/binding.dart:1953:5)
<asynchronous suspension>
<asynchronous suspension>
(elided one frame from package:stack_trace)

This was caught by the test expectation on the following line:
  file:///home/alex/VistaColosseum/.worktrees/br-2026-10-04-p0-queue/baton-runner/br-2026-10-04-p0-queue/review-phase-5-iter-1-probe/mut-app/test/home_screen_test.dart line 60
The test description was:
  both cards render without overflow on small Android 360x640 at 1.3x text
════════════════════════════════════════════════════════════════════════════════════════════════════
00:04 +0 -7: maker suggestion both cards render without overflow on small Android 360x640 at 1.3x text [E]
  Test failed. See exception logs above.
  The test description was: both cards render without overflow on small Android 360x640 at 1.3x text
  
00:04 +0 -7: maker suggestion both cards render without overflow on iPhone SE 375x667 at 1.3x text
══╡ EXCEPTION CAUGHT BY FLUTTER TEST FRAMEWORK ╞════════════════════════════════════════════════════
The following TestFailure was thrown running a test:
Expected: at least one matching candidate
  Actual: _AncestorWidgetFinder:<Found 0 widgets with type "VistaPrimaryButton" that are ancestors
of widgets with text "Expired": []>
   Which: means none were found but some were expected

When the exception was thrown, this was the stack:
#4      expectPillClear (file:///home/alex/VistaColosseum/.worktrees/br-2026-10-04-p0-queue/baton-runner/br-2026-10-04-p0-queue/review-phase-5-iter-1-probe/mut-app/test/home_screen_test.dart:60:3)
#5      main.<anonymous closure>.<anonymous closure> (file:///home/alex/VistaColosseum/.worktrees/br-2026-10-04-p0-queue/baton-runner/br-2026-10-04-p0-queue/review-phase-5-iter-1-probe/mut-app/test/home_screen_test.dart:2876:13)
<asynchronous suspension>
#6      testWidgets.<anonymous closure>.<anonymous closure> (package:flutter_test/src/widget_tester.dart:192:15)
<asynchronous suspension>
#7      TestWidgetsFlutterBinding._runTestBody (package:flutter_test/src/binding.dart:1953:5)
<asynchronous suspension>
<asynchronous suspension>
(elided one frame from package:stack_trace)

This was caught by the test expectation on the following line:
  file:///home/alex/VistaColosseum/.worktrees/br-2026-10-04-p0-queue/baton-runner/br-2026-10-04-p0-queue/review-phase-5-iter-1-probe/mut-app/test/home_screen_test.dart line 60
The test description was:
  both cards render without overflow on iPhone SE 375x667 at 1.3x text
════════════════════════════════════════════════════════════════════════════════════════════════════
00:04 +0 -8: maker suggestion both cards render without overflow on iPhone SE 375x667 at 1.3x text [E]
  Test failed. See exception logs above.
  The test description was: both cards render without overflow on iPhone SE 375x667 at 1.3x text
  
00:04 +0 -8: maker suggestion both cards render without overflow on iPhone 15 393x852 at 1.3x text
══╡ EXCEPTION CAUGHT BY FLUTTER TEST FRAMEWORK ╞════════════════════════════════════════════════════
The following TestFailure was thrown running a test:
Expected: at least one matching candidate
  Actual: _AncestorWidgetFinder:<Found 0 widgets with type "VistaPrimaryButton" that are ancestors
of widgets with text "Expired": []>
   Which: means none were found but some were expected

When the exception was thrown, this was the stack:
#4      expectPillClear (file:///home/alex/VistaColosseum/.worktrees/br-2026-10-04-p0-queue/baton-runner/br-2026-10-04-p0-queue/review-phase-5-iter-1-probe/mut-app/test/home_screen_test.dart:60:3)
#5      main.<anonymous closure>.<anonymous closure> (file:///home/alex/VistaColosseum/.worktrees/br-2026-10-04-p0-queue/baton-runner/br-2026-10-04-p0-queue/review-phase-5-iter-1-probe/mut-app/test/home_screen_test.dart:2876:13)
<asynchronous suspension>
#6      testWidgets.<anonymous closure>.<anonymous closure> (package:flutter_test/src/widget_tester.dart:192:15)
<asynchronous suspension>
#7      TestWidgetsFlutterBinding._runTestBody (package:flutter_test/src/binding.dart:1953:5)
<asynchronous suspension>
<asynchronous suspension>
(elided one frame from package:stack_trace)

This was caught by the test expectation on the following line:
  file:///home/alex/VistaColosseum/.worktrees/br-2026-10-04-p0-queue/baton-runner/br-2026-10-04-p0-queue/review-phase-5-iter-1-probe/mut-app/test/home_screen_test.dart line 60
The test description was:
  both cards render without overflow on iPhone 15 393x852 at 1.3x text
════════════════════════════════════════════════════════════════════════════════════════════════════
00:05 +0 -9: maker suggestion both cards render without overflow on iPhone 15 393x852 at 1.3x text [E]
  Test failed. See exception logs above.
  The test description was: both cards render without overflow on iPhone 15 393x852 at 1.3x text
  
00:05 +0 -9: maker suggestion both cards render without overflow on Pixel 7 412x915 at 1.3x text
══╡ EXCEPTION CAUGHT BY FLUTTER TEST FRAMEWORK ╞════════════════════════════════════════════════════
The following TestFailure was thrown running a test:
Expected: at least one matching candidate
  Actual: _AncestorWidgetFinder:<Found 0 widgets with type "VistaPrimaryButton" that are ancestors
of widgets with text "Expired": []>
   Which: means none were found but some were expected

When the exception was thrown, this was the stack:
#4      expectPillClear (file:///home/alex/VistaColosseum/.worktrees/br-2026-10-04-p0-queue/baton-runner/br-2026-10-04-p0-queue/review-phase-5-iter-1-probe/mut-app/test/home_screen_test.dart:60:3)
#5      main.<anonymous closure>.<anonymous closure> (file:///home/alex/VistaColosseum/.worktrees/br-2026-10-04-p0-queue/baton-runner/br-2026-10-04-p0-queue/review-phase-5-iter-1-probe/mut-app/test/home_screen_test.dart:2876:13)
<asynchronous suspension>
#6      testWidgets.<anonymous closure>.<anonymous closure> (package:flutter_test/src/widget_tester.dart:192:15)
<asynchronous suspension>
#7      TestWidgetsFlutterBinding._runTestBody (package:flutter_test/src/binding.dart:1953:5)
<asynchronous suspension>
<asynchronous suspension>
(elided one frame from package:stack_trace)

This was caught by the test expectation on the following line:
  file:///home/alex/VistaColosseum/.worktrees/br-2026-10-04-p0-queue/baton-runner/br-2026-10-04-p0-queue/review-phase-5-iter-1-probe/mut-app/test/home_screen_test.dart line 60
The test description was:
  both cards render without overflow on Pixel 7 412x915 at 1.3x text
════════════════════════════════════════════════════════════════════════════════════════════════════
00:05 +0 -10: maker suggestion both cards render without overflow on Pixel 7 412x915 at 1.3x text [E]
  Test failed. See exception logs above.
  The test description was: both cards render without overflow on Pixel 7 412x915 at 1.3x text
  
00:05 +0 -10: maker suggestion both cards render without overflow on iPhone 15 Pro Max 430x932 at 1.3x text
══╡ EXCEPTION CAUGHT BY FLUTTER TEST FRAMEWORK ╞════════════════════════════════════════════════════
The following TestFailure was thrown running a test:
Expected: at least one matching candidate
  Actual: _AncestorWidgetFinder:<Found 0 widgets with type "VistaPrimaryButton" that are ancestors
of widgets with text "Expired": []>
   Which: means none were found but some were expected

When the exception was thrown, this was the stack:
#4      expectPillClear (file:///home/alex/VistaColosseum/.worktrees/br-2026-10-04-p0-queue/baton-runner/br-2026-10-04-p0-queue/review-phase-5-iter-1-probe/mut-app/test/home_screen_test.dart:60:3)
#5      main.<anonymous closure>.<anonymous closure> (file:///home/alex/VistaColosseum/.worktrees/br-2026-10-04-p0-queue/baton-runner/br-2026-10-04-p0-queue/review-phase-5-iter-1-probe/mut-app/test/home_screen_test.dart:2876:13)
<asynchronous suspension>
#6      testWidgets.<anonymous closure>.<anonymous closure> (package:flutter_test/src/widget_tester.dart:192:15)
<asynchronous suspension>
#7      TestWidgetsFlutterBinding._runTestBody (package:flutter_test/src/binding.dart:1953:5)
<asynchronous suspension>
<asynchronous suspension>
(elided one frame from package:stack_trace)

This was caught by the test expectation on the following line:
  file:///home/alex/VistaColosseum/.worktrees/br-2026-10-04-p0-queue/baton-runner/br-2026-10-04-p0-queue/review-phase-5-iter-1-probe/mut-app/test/home_screen_test.dart line 60
The test description was:
  both cards render without overflow on iPhone 15 Pro Max 430x932 at 1.3x text
════════════════════════════════════════════════════════════════════════════════════════════════════
00:06 +0 -11: maker suggestion both cards render without overflow on iPhone 15 Pro Max 430x932 at 1.3x text [E]
  Test failed. See exception logs above.
  The test description was: both cards render without overflow on iPhone 15 Pro Max 430x932 at 1.3x text
  
00:06 +0 -11: maker suggestion Trade this opens the ticket on the suggestion's asset and side
00:06 +1 -11: maker suggestion an expired suggestion says Expired, is disabled and opens no ticket, so nothing can be confirmed
══╡ EXCEPTION CAUGHT BY FLUTTER TEST FRAMEWORK ╞════════════════════════════════════════════════════
The following TestFailure was thrown running a test:
Expected: no matching candidates
  Actual: _TextWidgetFinder:<Found 1 widget with text "Trade this": [
            Text("Trade this", inherit: true, color: Color(alpha: 1.0000, red: 1.0000, green:
1.0000, blue: 1.0000, colorSpace: ColorSpace.sRGB), family: OpenRunde, size: 17.0, weight: 700,
height: 1.2x, overflow: ellipsis, maxLines: 1, dependencies: [DefaultSelectionStyle,
DefaultTextStyle, MediaQuery]),
          ]>
   Which: means one was found but none were expected

When the exception was thrown, this was the stack:
#4      main.<anonymous closure>.<anonymous closure> (file:///home/alex/VistaColosseum/.worktrees/br-2026-10-04-p0-queue/baton-runner/br-2026-10-04-p0-queue/review-phase-5-iter-1-probe/mut-app/test/home_screen_test.dart:2902:7)
<asynchronous suspension>
#5      testWidgets.<anonymous closure>.<anonymous closure> (package:flutter_test/src/widget_tester.dart:192:15)
<asynchronous suspension>
#6      TestWidgetsFlutterBinding._runTestBody (package:flutter_test/src/binding.dart:1953:5)
<asynchronous suspension>
<asynchronous suspension>
(elided one frame from package:stack_trace)

This was caught by the test expectation on the following line:
  file:///home/alex/VistaColosseum/.worktrees/br-2026-10-04-p0-queue/baton-runner/br-2026-10-04-p0-queue/review-phase-5-iter-1-probe/mut-app/test/home_screen_test.dart line 2902
The test description was:
  an expired suggestion says Expired, is disabled and opens no ticket, so nothing can be confirmed
════════════════════════════════════════════════════════════════════════════════════════════════════
00:06 +1 -12: maker suggestion an expired suggestion says Expired, is disabled and opens no ticket, so nothing can be confirmed [E]
  Test failed. See exception logs above.
  The test description was: an expired suggestion says Expired, is disabled and opens no ticket, so nothing can be confirmed
  
00:06 +1 -12: maker suggestion viewing both suggestions and opening the ticket leave the store untouched
══╡ EXCEPTION CAUGHT BY FLUTTER TEST FRAMEWORK ╞════════════════════════════════════════════════════
The following assertion was thrown running a test:
The finder "Found 0 widgets with text "Expired": []" (used in a call to "tap()") could not find any
matching widgets.

When the exception was thrown, this was the stack:
#0      WidgetController._getElementPoint (package:flutter_test/src/controller.dart:2095:7)
#1      WidgetController.getCenter (package:flutter_test/src/controller.dart:1947:12)
#2      WidgetController.tap (package:flutter_test/src/controller.dart:1080:7)
#3      main.<anonymous closure>.<anonymous closure> (file:///home/alex/VistaColosseum/.worktrees/br-2026-10-04-p0-queue/baton-runner/br-2026-10-04-p0-queue/review-phase-5-iter-1-probe/mut-app/test/home_screen_test.dart:2931:20)
<asynchronous suspension>
#4      testWidgets.<anonymous closure>.<anonymous closure> (package:flutter_test/src/widget_tester.dart:192:15)
<asynchronous suspension>
#5      TestWidgetsFlutterBinding._runTestBody (package:flutter_test/src/binding.dart:1953:5)
<asynchronous suspension>
<asynchronous suspension>
(elided one frame from package:stack_trace)

The test description was:
  viewing both suggestions and opening the ticket leave the store untouched
════════════════════════════════════════════════════════════════════════════════════════════════════
00:07 +1 -13: maker suggestion viewing both suggestions and opening the ticket leave the store untouched [E]
  Test failed. See exception logs above.
  The test description was: viewing both suggestions and opening the ticket leave the store untouched
  
00:07 +1 -13: (tearDownAll)
00:07 +1 -13: Some tests failed.

Failing tests:
  /home/alex/VistaColosseum/.worktrees/br-2026-10-04-p0-queue/baton-runner/br-2026-10-04-p0-queue/review-phase-5-iter-1-probe/mut-app/test/home_screen_test.dart: maker suggestion an expired suggestion says Expired, is disabled and opens no ticket, so nothing can be confirmed
  /home/alex/VistaColosseum/.worktrees/br-2026-10-04-p0-queue/baton-runner/br-2026-10-04-p0-queue/review-phase-5-iter-1-probe/mut-app/test/home_screen_test.dart: maker suggestion both cards render without overflow on Pixel 7 412x915 at 1.0x text
  /home/alex/VistaColosseum/.worktrees/br-2026-10-04-p0-queue/baton-runner/br-2026-10-04-p0-queue/review-phase-5-iter-1-probe/mut-app/test/home_screen_test.dart: maker suggestion both cards render without overflow on Pixel 7 412x915 at 1.3x text
  /home/alex/VistaColosseum/.worktrees/br-2026-10-04-p0-queue/baton-runner/br-2026-10-04-p0-queue/review-phase-5-iter-1-probe/mut-app/test/home_screen_test.dart: maker suggestion both cards render without overflow on iPhone 15 393x852 at 1.0x text
  ... and 9 more
