00:00 +0: loading /home/alex/VistaColosseum/.worktrees/br-2026-10-04-p0-queue/baton-runner/br-2026-10-04-p0-queue/review-phase-5-iter-1-probe/mut-app/test/home_screen_test.dart
00:00 +0: (setUpAll)
00:00 +0: maker suggestion two are seeded on the demo clock, one live and one expired, each from Maker and between two idea cards
00:00 +0 -1: maker suggestion two are seeded on the demo clock, one live and one expired, each from Maker and between two idea cards [E]
  Expected: every element(<Instance of 'TradeIdea'>)
    Actual: [Instance of 'TradeIdea', Instance of 'Suggestion']
     Which: has value <Instance of 'Suggestion'> which is not an instance of 'TradeIdea' at index 1
  
  package:matcher                                     expect
  package:flutter_test/src/widget_tester.dart 473:18  expect
  test/home_screen_test.dart 2845:9                   main.<fn>.<fn>
  
00:00 +0 -1: maker suggestion both cards render without overflow on small Android 360x640 at 1.0x text
00:01 +1 -1: maker suggestion both cards render without overflow on iPhone SE 375x667 at 1.0x text
00:01 +2 -1: maker suggestion both cards render without overflow on iPhone 15 393x852 at 1.0x text
00:01 +3 -1: maker suggestion both cards render without overflow on Pixel 7 412x915 at 1.0x text
00:01 +4 -1: maker suggestion both cards render without overflow on iPhone 15 Pro Max 430x932 at 1.0x text
00:02 +5 -1: maker suggestion both cards render without overflow on small Android 360x640 at 1.3x text
00:02 +6 -1: maker suggestion both cards render without overflow on iPhone SE 375x667 at 1.3x text
00:02 +7 -1: maker suggestion both cards render without overflow on iPhone 15 393x852 at 1.3x text
00:02 +8 -1: maker suggestion both cards render without overflow on Pixel 7 412x915 at 1.3x text
00:03 +9 -1: maker suggestion both cards render without overflow on iPhone 15 Pro Max 430x932 at 1.3x text
00:03 +10 -1: maker suggestion Trade this opens the ticket on the suggestion's asset and side
00:03 +11 -1: maker suggestion an expired suggestion says Expired, is disabled and opens no ticket, so nothing can be confirmed
00:03 +12 -1: maker suggestion viewing both suggestions and opening the ticket leave the store untouched
00:03 +13 -1: (tearDownAll)
00:03 +13 -1: Some tests failed.

Failing tests:
  /home/alex/VistaColosseum/.worktrees/br-2026-10-04-p0-queue/baton-runner/br-2026-10-04-p0-queue/review-phase-5-iter-1-probe/mut-app/test/home_screen_test.dart: maker suggestion two are seeded on the demo clock, one live and one expired, each from Maker and between two idea cards
