  .
  Error: The Dart compiler exited unexpectedly.
  package:flutter_tools/src/base/common.dart 34:3  throwToolExit
  package:flutter_tools/src/compile.dart 1024:11   DefaultResidentCompiler._compile.<fn>
  dart:async/zone_root.dart 48:47                  _rootRunUnary
  dart:async/zone.dart 816:35                      _CustomZone.runUnary
  dart:async/future_impl.dart 948:45               Future._propagateToListeners.handleValueCallback
  dart:async/future_impl.dart 977:13               Future._propagateToListeners
  dart:async/future_impl.dart 862:9                Future._propagateToListeners
  dart:async/future_impl.dart 720:5                Future._completeWithValue
  dart:async/future_impl.dart 804:7                Future._asyncCompleteWithValue.<fn>
  dart:async/zone_root.dart 35:13                  _rootRun
  dart:async/zone.dart 810:35                      _CustomZone.run
  dart:async/zone.dart 702:7                       _CustomZone.runGuarded
  dart:async/zone.dart 743:23                      _CustomZone.bindCallbackGuarded.<fn>
  dart:async/schedule_microtask.dart 40:35         _microtaskLoop
  dart:async/schedule_microtask.dart 49:5          _startMicrotaskLoop
  dart:isolate-patch/isolate_patch.dart 127:13     _runPendingImmediateCallback
  dart:isolate-patch/isolate_patch.dart 193:5      _RawReceivePort._handleMessage
  
test/scenario_test.dart:48:12: Error: Member not found: 'marketsLoadFails'.
  Scenario.marketsLoadFails.value,
           ^^^^^^^^^^^^^^^^
test/scenario_test.dart:72:12: Error: Member not found: 'marketsLoadFails'.
  Scenario.marketsLoadFails.value = true;
           ^^^^^^^^^^^^^^^^
00:00 +0 -2: loading /home/alex/VistaColosseum/.worktrees/br-2026-10-04-p0-queue/app/test/scenario_test.dart [E]
  Failed to load "/home/alex/VistaColosseum/.worktrees/br-2026-10-04-p0-queue/app/test/scenario_test.dart":
  Compilation failed for testPath=/home/alex/VistaColosseum/.worktrees/br-2026-10-04-p0-queue/app/test/scenario_test.dart: test/scenario_test.dart:48:12: Error: Member not found: 'marketsLoadFails'.
    Scenario.marketsLoadFails.value,
             ^^^^^^^^^^^^^^^^
  test/scenario_test.dart:72:12: Error: Member not found: 'marketsLoadFails'.
    Scenario.marketsLoadFails.value = true;
             ^^^^^^^^^^^^^^^^
  .
00:00 +0 -2: Some tests failed.

Failing tests:
  /home/alex/VistaColosseum/.worktrees/br-2026-10-04-p0-queue/app/test/empty_states_test.dart: loading /home/alex/VistaColosseum/.worktrees/br-2026-10-04-p0-queue/app/test/empty_states_test.dart
  /home/alex/VistaColosseum/.worktrees/br-2026-10-04-p0-queue/app/test/scenario_test.dart: loading /home/alex/VistaColosseum/.worktrees/br-2026-10-04-p0-queue/app/test/scenario_test.dart
