Resolving dependencies...
Downloading packages...
  material_color_utilities 0.13.0 (0.13.1 available)
  meta 1.18.3 (1.19.0 available)
  petitparser 7.0.2 (7.1.0 available)
  test_api 0.7.12 (0.7.14 available)
  vector_math 2.4.0 (2.4.3 available)
  xml 7.0.1 (7.1.0 available)
Got dependencies!
6 packages have newer versions incompatible with dependency constraints.
Try `flutter pub outdated` for more information.
00:00 +0: loading /home/alex/VistaColosseum/.worktrees/br-2026-10-04-p0-queue/app/test/home_screen_test.dart
00:00 +0: (setUpAll)
00:00 +0: maker suggestion two are seeded on the demo clock, one live and one expired, each from Maker and between two idea cards
00:00 +1: maker suggestion both cards render without overflow on small Android 360x640 at 1.0x text
00:01 +2: maker suggestion both cards render without overflow on iPhone SE 375x667 at 1.0x text
00:01 +3: maker suggestion both cards render without overflow on iPhone 15 393x852 at 1.0x text
00:01 +4: maker suggestion both cards render without overflow on Pixel 7 412x915 at 1.0x text
00:01 +5: maker suggestion both cards render without overflow on iPhone 15 Pro Max 430x932 at 1.0x text
00:02 +6: maker suggestion both cards render without overflow on small Android 360x640 at 1.3x text
00:02 +7: maker suggestion both cards render without overflow on iPhone SE 375x667 at 1.3x text
00:02 +8: maker suggestion both cards render without overflow on iPhone 15 393x852 at 1.3x text
00:02 +9: maker suggestion both cards render without overflow on Pixel 7 412x915 at 1.3x text
00:02 +10: maker suggestion both cards render without overflow on iPhone 15 Pro Max 430x932 at 1.3x text
00:03 +11: maker suggestion Trade this opens the ticket on the suggestion's asset and side
00:03 +12: maker suggestion an expired suggestion says Expired, is disabled and opens no ticket, so nothing can be confirmed
══╡ EXCEPTION CAUGHT BY FLUTTER TEST FRAMEWORK ╞════════════════════════════════════════════════════
The following StateError was thrown running a test:
Bad state: Finder returned no matching elements.

When the exception was thrown, this was the stack:
#0      SemanticsController.find (package:flutter_test/src/controller.dart:98:7)
#1      WidgetController.getSemantics (package:flutter_test/src/controller.dart:2364:79)
#2      main.<anonymous closure>.<anonymous closure> (file:///home/alex/VistaColosseum/.worktrees/br-2026-10-04-p0-queue/app/test/home_screen_test.dart:2904:16)
<asynchronous suspension>
#3      testWidgets.<anonymous closure>.<anonymous closure> (package:flutter_test/src/widget_tester.dart:192:15)
<asynchronous suspension>
#4      TestWidgetsFlutterBinding._runTestBody (package:flutter_test/src/binding.dart:1953:5)
<asynchronous suspension>
<asynchronous suspension>
(elided one frame from package:stack_trace)

The test description was:
  an expired suggestion says Expired, is disabled and opens no ticket, so nothing can be confirmed
════════════════════════════════════════════════════════════════════════════════════════════════════
00:03 +12 -1: maker suggestion an expired suggestion says Expired, is disabled and opens no ticket, so nothing can be confirmed [E]
  Test failed. See exception logs above.
  The test description was: an expired suggestion says Expired, is disabled and opens no ticket, so nothing can be confirmed
  
00:03 +12 -1: maker suggestion viewing both suggestions and opening the ticket leave the store untouched
00:04 +13 -1: (tearDownAll)
00:04 +13 -1: Some tests failed.

Failing tests:
  /home/alex/VistaColosseum/.worktrees/br-2026-10-04-p0-queue/app/test/home_screen_test.dart: maker suggestion an expired suggestion says Expired, is disabled and opens no ticket, so nothing can be confirmed
