Resolving dependencies...
Downloading packages...
  material_color_utilities 0.13.0 (0.13.1 available)
  meta 1.18.3 (1.19.0 available)
  petitparser 7.0.2 (7.1.0 available)
  test_api 0.7.12 (0.7.14 available)
  vector_math 2.4.0 (2.4.3 available)
  xml 7.0.1 (7.1.0 available)
Got dependencies!
6 packages have newer versions incompatible with dependency constraints.
Try `flutter pub outdated` for more information.
00:00 +0: loading /home/alex/VistaColosseum/.worktrees/br-2026-10-04-p0-queue/app/test/home_screen_test.dart
00:00 +0: (setUpAll)
00:00 +0: maker suggestion two are seeded on the demo clock, one live and one expired, each from Maker and between two idea cards
00:00 +1: maker suggestion both cards render without overflow on small Android 360x640 at 1.0x text
══╡ EXCEPTION CAUGHT BY FLUTTER TEST FRAMEWORK ╞════════════════════════════════════════════════════
The following TestFailure was thrown running a test:
Expected: exactly one matching candidate
  Actual: _HitTestableWidgetFinder:<Found 0 widgets with text "Maker suggestion · advisory"
(considering only hit-testable widgets with a RenderBox): []>
   Which: means none were found but one was expected

When the exception was thrown, this was the stack:
#4      main.<anonymous closure>.<anonymous closure> (file:///home/alex/VistaColosseum/.worktrees/br-2026-10-04-p0-queue/app/test/home_screen_test.dart:2872:15)
<asynchronous suspension>
#5      testWidgets.<anonymous closure>.<anonymous closure> (package:flutter_test/src/widget_tester.dart:192:15)
<asynchronous suspension>
#6      TestWidgetsFlutterBinding._runTestBody (package:flutter_test/src/binding.dart:1953:5)
<asynchronous suspension>
<asynchronous suspension>
(elided one frame from package:stack_trace)

This was caught by the test expectation on the following line:
  file:///home/alex/VistaColosseum/.worktrees/br-2026-10-04-p0-queue/app/test/home_screen_test.dart line 2872
The test description was:
  both cards render without overflow on small Android 360x640 at 1.0x text
════════════════════════════════════════════════════════════════════════════════════════════════════
00:01 +1 -1: maker suggestion both cards render without overflow on small Android 360x640 at 1.0x text [E]
  Test failed. See exception logs above.
  The test description was: both cards render without overflow on small Android 360x640 at 1.0x text
  
00:01 +1 -1: maker suggestion both cards render without overflow on iPhone SE 375x667 at 1.0x text
══╡ EXCEPTION CAUGHT BY FLUTTER TEST FRAMEWORK ╞════════════════════════════════════════════════════
The following TestFailure was thrown running a test:
Expected: exactly one matching candidate
  Actual: _HitTestableWidgetFinder:<Found 0 widgets with text "Maker suggestion · advisory"
(considering only hit-testable widgets with a RenderBox): []>
   Which: means none were found but one was expected

When the exception was thrown, this was the stack:
#4      main.<anonymous closure>.<anonymous closure> (file:///home/alex/VistaColosseum/.worktrees/br-2026-10-04-p0-queue/app/test/home_screen_test.dart:2872:15)
<asynchronous suspension>
#5      testWidgets.<anonymous closure>.<anonymous closure> (package:flutter_test/src/widget_tester.dart:192:15)
<asynchronous suspension>
#6      TestWidgetsFlutterBinding._runTestBody (package:flutter_test/src/binding.dart:1953:5)
<asynchronous suspension>
<asynchronous suspension>
(elided one frame from package:stack_trace)

This was caught by the test expectation on the following line:
  file:///home/alex/VistaColosseum/.worktrees/br-2026-10-04-p0-queue/app/test/home_screen_test.dart line 2872
The test description was:
  both cards render without overflow on iPhone SE 375x667 at 1.0x text
════════════════════════════════════════════════════════════════════════════════════════════════════
00:02 +1 -2: maker suggestion both cards render without overflow on iPhone SE 375x667 at 1.0x text [E]
  Test failed. See exception logs above.
  The test description was: both cards render without overflow on iPhone SE 375x667 at 1.0x text
  
00:02 +1 -2: maker suggestion both cards render without overflow on iPhone 15 393x852 at 1.0x text
══╡ EXCEPTION CAUGHT BY FLUTTER TEST FRAMEWORK ╞════════════════════════════════════════════════════
The following TestFailure was thrown running a test:
Expected: exactly one matching candidate
  Actual: _HitTestableWidgetFinder:<Found 0 widgets with text "Maker suggestion · advisory"
(considering only hit-testable widgets with a RenderBox): []>
   Which: means none were found but one was expected

When the exception was thrown, this was the stack:
#4      main.<anonymous closure>.<anonymous closure> (file:///home/alex/VistaColosseum/.worktrees/br-2026-10-04-p0-queue/app/test/home_screen_test.dart:2872:15)
<asynchronous suspension>
#5      testWidgets.<anonymous closure>.<anonymous closure> (package:flutter_test/src/widget_tester.dart:192:15)
<asynchronous suspension>
#6      TestWidgetsFlutterBinding._runTestBody (package:flutter_test/src/binding.dart:1953:5)
<asynchronous suspension>
<asynchronous suspension>
(elided one frame from package:stack_trace)

This was caught by the test expectation on the following line:
  file:///home/alex/VistaColosseum/.worktrees/br-2026-10-04-p0-queue/app/test/home_screen_test.dart line 2872
The test description was:
  both cards render without overflow on iPhone 15 393x852 at 1.0x text
════════════════════════════════════════════════════════════════════════════════════════════════════
00:03 +1 -3: maker suggestion both cards render without overflow on iPhone 15 393x852 at 1.0x text [E]
  Test failed. See exception logs above.
  The test description was: both cards render without overflow on iPhone 15 393x852 at 1.0x text
  
00:03 +1 -3: maker suggestion both cards render without overflow on Pixel 7 412x915 at 1.0x text
══╡ EXCEPTION CAUGHT BY FLUTTER TEST FRAMEWORK ╞════════════════════════════════════════════════════
The following TestFailure was thrown running a test:
Expected: exactly one matching candidate
  Actual: _HitTestableWidgetFinder:<Found 0 widgets with text "Maker suggestion · advisory"
(considering only hit-testable widgets with a RenderBox): []>
   Which: means none were found but one was expected

When the exception was thrown, this was the stack:
#4      main.<anonymous closure>.<anonymous closure> (file:///home/alex/VistaColosseum/.worktrees/br-2026-10-04-p0-queue/app/test/home_screen_test.dart:2872:15)
<asynchronous suspension>
#5      testWidgets.<anonymous closure>.<anonymous closure> (package:flutter_test/src/widget_tester.dart:192:15)
<asynchronous suspension>
#6      TestWidgetsFlutterBinding._runTestBody (package:flutter_test/src/binding.dart:1953:5)
<asynchronous suspension>
<asynchronous suspension>
(elided one frame from package:stack_trace)

This was caught by the test expectation on the following line:
  file:///home/alex/VistaColosseum/.worktrees/br-2026-10-04-p0-queue/app/test/home_screen_test.dart line 2872
The test description was:
  both cards render without overflow on Pixel 7 412x915 at 1.0x text
════════════════════════════════════════════════════════════════════════════════════════════════════
00:03 +1 -4: maker suggestion both cards render without overflow on Pixel 7 412x915 at 1.0x text [E]
  Test failed. See exception logs above.
  The test description was: both cards render without overflow on Pixel 7 412x915 at 1.0x text
  
00:03 +1 -4: maker suggestion both cards render without overflow on iPhone 15 Pro Max 430x932 at 1.0x text
══╡ EXCEPTION CAUGHT BY FLUTTER TEST FRAMEWORK ╞════════════════════════════════════════════════════
The following TestFailure was thrown running a test:
Expected: exactly one matching candidate
  Actual: _HitTestableWidgetFinder:<Found 0 widgets with text "Maker suggestion · advisory"
(considering only hit-testable widgets with a RenderBox): []>
   Which: means none were found but one was expected

When the exception was thrown, this was the stack:
#4      main.<anonymous closure>.<anonymous closure> (file:///home/alex/VistaColosseum/.worktrees/br-2026-10-04-p0-queue/app/test/home_screen_test.dart:2872:15)
<asynchronous suspension>
#5      testWidgets.<anonymous closure>.<anonymous closure> (package:flutter_test/src/widget_tester.dart:192:15)
<asynchronous suspension>
#6      TestWidgetsFlutterBinding._runTestBody (package:flutter_test/src/binding.dart:1953:5)
<asynchronous suspension>
<asynchronous suspension>
(elided one frame from package:stack_trace)

This was caught by the test expectation on the following line:
  file:///home/alex/VistaColosseum/.worktrees/br-2026-10-04-p0-queue/app/test/home_screen_test.dart line 2872
The test description was:
  both cards render without overflow on iPhone 15 Pro Max 430x932 at 1.0x text
════════════════════════════════════════════════════════════════════════════════════════════════════
00:04 +1 -5: maker suggestion both cards render without overflow on iPhone 15 Pro Max 430x932 at 1.0x text [E]
  Test failed. See exception logs above.
  The test description was: both cards render without overflow on iPhone 15 Pro Max 430x932 at 1.0x text
  
00:04 +1 -5: maker suggestion both cards render without overflow on small Android 360x640 at 1.3x text
══╡ EXCEPTION CAUGHT BY FLUTTER TEST FRAMEWORK ╞════════════════════════════════════════════════════
The following TestFailure was thrown running a test:
Expected: exactly one matching candidate
  Actual: _HitTestableWidgetFinder:<Found 0 widgets with text "Maker suggestion · advisory"
(considering only hit-testable widgets with a RenderBox): []>
   Which: means none were found but one was expected

When the exception was thrown, this was the stack:
#4      main.<anonymous closure>.<anonymous closure> (file:///home/alex/VistaColosseum/.worktrees/br-2026-10-04-p0-queue/app/test/home_screen_test.dart:2872:15)
<asynchronous suspension>
#5      testWidgets.<anonymous closure>.<anonymous closure> (package:flutter_test/src/widget_tester.dart:192:15)
<asynchronous suspension>
#6      TestWidgetsFlutterBinding._runTestBody (package:flutter_test/src/binding.dart:1953:5)
<asynchronous suspension>
<asynchronous suspension>
(elided one frame from package:stack_trace)

This was caught by the test expectation on the following line:
  file:///home/alex/VistaColosseum/.worktrees/br-2026-10-04-p0-queue/app/test/home_screen_test.dart line 2872
The test description was:
  both cards render without overflow on small Android 360x640 at 1.3x text
════════════════════════════════════════════════════════════════════════════════════════════════════
00:04 +1 -6: maker suggestion both cards render without overflow on small Android 360x640 at 1.3x text [E]
  Test failed. See exception logs above.
  The test description was: both cards render without overflow on small Android 360x640 at 1.3x text
  
00:04 +1 -6: maker suggestion both cards render without overflow on iPhone SE 375x667 at 1.3x text
══╡ EXCEPTION CAUGHT BY FLUTTER TEST FRAMEWORK ╞════════════════════════════════════════════════════
The following TestFailure was thrown running a test:
Expected: exactly one matching candidate
  Actual: _HitTestableWidgetFinder:<Found 0 widgets with text "Maker suggestion · advisory"
(considering only hit-testable widgets with a RenderBox): []>
   Which: means none were found but one was expected

When the exception was thrown, this was the stack:
#4      main.<anonymous closure>.<anonymous closure> (file:///home/alex/VistaColosseum/.worktrees/br-2026-10-04-p0-queue/app/test/home_screen_test.dart:2872:15)
<asynchronous suspension>
#5      testWidgets.<anonymous closure>.<anonymous closure> (package:flutter_test/src/widget_tester.dart:192:15)
<asynchronous suspension>
#6      TestWidgetsFlutterBinding._runTestBody (package:flutter_test/src/binding.dart:1953:5)
<asynchronous suspension>
<asynchronous suspension>
(elided one frame from package:stack_trace)

This was caught by the test expectation on the following line:
  file:///home/alex/VistaColosseum/.worktrees/br-2026-10-04-p0-queue/app/test/home_screen_test.dart line 2872
The test description was:
  both cards render without overflow on iPhone SE 375x667 at 1.3x text
════════════════════════════════════════════════════════════════════════════════════════════════════
00:05 +1 -7: maker suggestion both cards render without overflow on iPhone SE 375x667 at 1.3x text [E]
  Test failed. See exception logs above.
  The test description was: both cards render without overflow on iPhone SE 375x667 at 1.3x text
  
00:05 +1 -7: maker suggestion both cards render without overflow on iPhone 15 393x852 at 1.3x text
══╡ EXCEPTION CAUGHT BY FLUTTER TEST FRAMEWORK ╞════════════════════════════════════════════════════
The following TestFailure was thrown running a test:
Expected: exactly one matching candidate
  Actual: _HitTestableWidgetFinder:<Found 0 widgets with text "Maker suggestion · advisory"
(considering only hit-testable widgets with a RenderBox): []>
   Which: means none were found but one was expected

When the exception was thrown, this was the stack:
#4      main.<anonymous closure>.<anonymous closure> (file:///home/alex/VistaColosseum/.worktrees/br-2026-10-04-p0-queue/app/test/home_screen_test.dart:2872:15)
<asynchronous suspension>
#5      testWidgets.<anonymous closure>.<anonymous closure> (package:flutter_test/src/widget_tester.dart:192:15)
<asynchronous suspension>
#6      TestWidgetsFlutterBinding._runTestBody (package:flutter_test/src/binding.dart:1953:5)
<asynchronous suspension>
<asynchronous suspension>
(elided one frame from package:stack_trace)

This was caught by the test expectation on the following line:
  file:///home/alex/VistaColosseum/.worktrees/br-2026-10-04-p0-queue/app/test/home_screen_test.dart line 2872
The test description was:
  both cards render without overflow on iPhone 15 393x852 at 1.3x text
════════════════════════════════════════════════════════════════════════════════════════════════════
00:05 +1 -8: maker suggestion both cards render without overflow on iPhone 15 393x852 at 1.3x text [E]
  Test failed. See exception logs above.
  The test description was: both cards render without overflow on iPhone 15 393x852 at 1.3x text
  
00:05 +1 -8: maker suggestion both cards render without overflow on Pixel 7 412x915 at 1.3x text
══╡ EXCEPTION CAUGHT BY FLUTTER TEST FRAMEWORK ╞════════════════════════════════════════════════════
The following TestFailure was thrown running a test:
Expected: exactly one matching candidate
  Actual: _HitTestableWidgetFinder:<Found 0 widgets with text "Maker suggestion · advisory"
(considering only hit-testable widgets with a RenderBox): []>
   Which: means none were found but one was expected

When the exception was thrown, this was the stack:
#4      main.<anonymous closure>.<anonymous closure> (file:///home/alex/VistaColosseum/.worktrees/br-2026-10-04-p0-queue/app/test/home_screen_test.dart:2872:15)
<asynchronous suspension>
#5      testWidgets.<anonymous closure>.<anonymous closure> (package:flutter_test/src/widget_tester.dart:192:15)
<asynchronous suspension>
#6      TestWidgetsFlutterBinding._runTestBody (package:flutter_test/src/binding.dart:1953:5)
<asynchronous suspension>
<asynchronous suspension>
(elided one frame from package:stack_trace)

This was caught by the test expectation on the following line:
  file:///home/alex/VistaColosseum/.worktrees/br-2026-10-04-p0-queue/app/test/home_screen_test.dart line 2872
The test description was:
  both cards render without overflow on Pixel 7 412x915 at 1.3x text
════════════════════════════════════════════════════════════════════════════════════════════════════
00:06 +1 -9: maker suggestion both cards render without overflow on Pixel 7 412x915 at 1.3x text [E]
  Test failed. See exception logs above.
  The test description was: both cards render without overflow on Pixel 7 412x915 at 1.3x text
  
00:06 +1 -9: maker suggestion both cards render without overflow on iPhone 15 Pro Max 430x932 at 1.3x text
══╡ EXCEPTION CAUGHT BY FLUTTER TEST FRAMEWORK ╞════════════════════════════════════════════════════
The following TestFailure was thrown running a test:
Expected: exactly one matching candidate
  Actual: _HitTestableWidgetFinder:<Found 0 widgets with text "Maker suggestion · advisory"
(considering only hit-testable widgets with a RenderBox): []>
   Which: means none were found but one was expected

When the exception was thrown, this was the stack:
#4      main.<anonymous closure>.<anonymous closure> (file:///home/alex/VistaColosseum/.worktrees/br-2026-10-04-p0-queue/app/test/home_screen_test.dart:2872:15)
<asynchronous suspension>
#5      testWidgets.<anonymous closure>.<anonymous closure> (package:flutter_test/src/widget_tester.dart:192:15)
<asynchronous suspension>
#6      TestWidgetsFlutterBinding._runTestBody (package:flutter_test/src/binding.dart:1953:5)
<asynchronous suspension>
<asynchronous suspension>
(elided one frame from package:stack_trace)

This was caught by the test expectation on the following line:
  file:///home/alex/VistaColosseum/.worktrees/br-2026-10-04-p0-queue/app/test/home_screen_test.dart line 2872
The test description was:
  both cards render without overflow on iPhone 15 Pro Max 430x932 at 1.3x text
════════════════════════════════════════════════════════════════════════════════════════════════════
00:07 +1 -10: maker suggestion both cards render without overflow on iPhone 15 Pro Max 430x932 at 1.3x text [E]
  Test failed. See exception logs above.
  The test description was: both cards render without overflow on iPhone 15 Pro Max 430x932 at 1.3x text
  
00:07 +1 -10: maker suggestion Trade this opens the ticket on the suggestion's asset and side
══╡ EXCEPTION CAUGHT BY FLUTTER TEST FRAMEWORK ╞════════════════════════════════════════════════════
The following assertion was thrown running a test:
The finder "Found 0 widgets with text "Trade this": []" (used in a call to "tap()") could not find
any matching widgets.

When the exception was thrown, this was the stack:
#0      WidgetController._getElementPoint (package:flutter_test/src/controller.dart:2095:7)
#1      WidgetController.getCenter (package:flutter_test/src/controller.dart:1947:12)
#2      WidgetController.tap (package:flutter_test/src/controller.dart:1080:7)
#3      main.<anonymous closure>.<anonymous closure> (file:///home/alex/VistaColosseum/.worktrees/br-2026-10-04-p0-queue/app/test/home_screen_test.dart:2887:20)
<asynchronous suspension>
#4      testWidgets.<anonymous closure>.<anonymous closure> (package:flutter_test/src/widget_tester.dart:192:15)
<asynchronous suspension>
#5      TestWidgetsFlutterBinding._runTestBody (package:flutter_test/src/binding.dart:1953:5)
<asynchronous suspension>
<asynchronous suspension>
(elided one frame from package:stack_trace)

The test description was:
  Trade this opens the ticket on the suggestion's asset and side
════════════════════════════════════════════════════════════════════════════════════════════════════
00:07 +1 -11: maker suggestion Trade this opens the ticket on the suggestion's asset and side [E]
  Test failed. See exception logs above.
  The test description was: Trade this opens the ticket on the suggestion's asset and side
  
00:07 +1 -11: maker suggestion an expired suggestion says Expired, is disabled and opens no ticket, so nothing can be confirmed
══╡ EXCEPTION CAUGHT BY FLUTTER TEST FRAMEWORK ╞════════════════════════════════════════════════════
The following StateError was thrown running a test:
Bad state: No element

When the exception was thrown, this was the stack:
#0      Iterable.single (dart:core/iterable.dart:694:25)
#1      WidgetController.widget (package:flutter_test/src/controller.dart:828:30)
#2      main.<anonymous closure>.<anonymous closure> (file:///home/alex/VistaColosseum/.worktrees/br-2026-10-04-p0-queue/app/test/home_screen_test.dart:2902:21)
<asynchronous suspension>
#3      testWidgets.<anonymous closure>.<anonymous closure> (package:flutter_test/src/widget_tester.dart:192:15)
<asynchronous suspension>
#4      TestWidgetsFlutterBinding._runTestBody (package:flutter_test/src/binding.dart:1953:5)
<asynchronous suspension>
<asynchronous suspension>
(elided one frame from package:stack_trace)

The test description was:
  an expired suggestion says Expired, is disabled and opens no ticket, so nothing can be confirmed
════════════════════════════════════════════════════════════════════════════════════════════════════
00:08 +1 -12: maker suggestion an expired suggestion says Expired, is disabled and opens no ticket, so nothing can be confirmed [E]
  Test failed. See exception logs above.
  The test description was: an expired suggestion says Expired, is disabled and opens no ticket, so nothing can be confirmed
  
00:08 +1 -12: maker suggestion viewing both suggestions and opening the ticket leave the store untouched
══╡ EXCEPTION CAUGHT BY FLUTTER TEST FRAMEWORK ╞════════════════════════════════════════════════════
The following assertion was thrown running a test:
The finder "Found 0 widgets with text "Trade this": []" (used in a call to "tap()") could not find
any matching widgets.

When the exception was thrown, this was the stack:
#0      WidgetController._getElementPoint (package:flutter_test/src/controller.dart:2095:7)
#1      WidgetController.getCenter (package:flutter_test/src/controller.dart:1947:12)
#2      WidgetController.tap (package:flutter_test/src/controller.dart:1080:7)
#3      main.<anonymous closure>.<anonymous closure> (file:///home/alex/VistaColosseum/.worktrees/br-2026-10-04-p0-queue/app/test/home_screen_test.dart:2923:20)
<asynchronous suspension>
#4      testWidgets.<anonymous closure>.<anonymous closure> (package:flutter_test/src/widget_tester.dart:192:15)
<asynchronous suspension>
#5      TestWidgetsFlutterBinding._runTestBody (package:flutter_test/src/binding.dart:1953:5)
<asynchronous suspension>
<asynchronous suspension>
(elided one frame from package:stack_trace)

The test description was:
  viewing both suggestions and opening the ticket leave the store untouched
════════════════════════════════════════════════════════════════════════════════════════════════════
00:08 +1 -13: maker suggestion viewing both suggestions and opening the ticket leave the store untouched [E]
  Test failed. See exception logs above.
  The test description was: viewing both suggestions and opening the ticket leave the store untouched
  
00:08 +1 -13: (tearDownAll)
00:08 +1 -13: Some tests failed.

Failing tests:
  /home/alex/VistaColosseum/.worktrees/br-2026-10-04-p0-queue/app/test/home_screen_test.dart: maker suggestion Trade this opens the ticket on the suggestion's asset and side
  /home/alex/VistaColosseum/.worktrees/br-2026-10-04-p0-queue/app/test/home_screen_test.dart: maker suggestion an expired suggestion says Expired, is disabled and opens no ticket, so nothing can be confirmed
  /home/alex/VistaColosseum/.worktrees/br-2026-10-04-p0-queue/app/test/home_screen_test.dart: maker suggestion both cards render without overflow on Pixel 7 412x915 at 1.0x text
  /home/alex/VistaColosseum/.worktrees/br-2026-10-04-p0-queue/app/test/home_screen_test.dart: maker suggestion both cards render without overflow on Pixel 7 412x915 at 1.3x text
  ... and 9 more
